<html>
<body>
<pre>
<h1>礦ision Build Log</h1>
<h2>Tool Versions:</h2>
IDE-Version: μVision V5.14.0.0
Copyright (C) 2015 ARM Ltd and ARM Germany GmbH. All rights reserved.
License Information: ss aa, aa, LIC=AK1Y8-3NA8N-WI95K-Z7BCL-ZWPZD-6L2KZ
 
Tool Versions:
Toolchain:       MDK-ARM Professional  Version: 5.14.0.0
Toolchain Path:  D:\my-softwear\Keil5\ARM\ARMCC\Bin
C Compiler:      Armcc.exe V5.05 update 1 (build 106)
Assembler:       Armasm.exe V5.05 update 1 (build 106)
Linker/Locator:  ArmLink.exe V5.05 update 1 (build 106)
Library Manager: ArmAr.exe V5.05 update 1 (build 106)
Hex Converter:   FromElf.exe V5.05 update 1 (build 106)
CPU DLL:         SARMCM3.DLL V5.14.0.0
Dialog DLL:      DARMSTM.DLL V1.65.0.0
Target DLL:      STLink\ST-LINKIII-KEIL_SWO.dll V2.0.14.0_KEIL
Dialog DLL:      TARMSTM.DLL V1.64.0.0
 
<h2>Project:</h2>
D:\Hardware\STM32F103_2018.5.28\STM32模块\ESP8266WIFI模块\造AP\USER\ATK_ESP8266.uvprojx
Project File Date:  07/28/2018

<h2>Output:</h2>
Rebuild target 'Target 1'
assembling startup_stm32f10x_hd.s...
compiling main.c...
compiling delay.c...
compiling sys.c...
compiling usart.c...
compiling 24cxx.c...
compiling myiic.c...
compiling key.c...
compiling ILI93xx.c...
compiling led.c...
compiling sdio_sdcard.c...
compiling spi.c...
compiling ctiic.c...
compiling ott2001a.c...
compiling usart3.c...
compiling w25qxx.c...
compiling touch.c...
compiling gt9147.c...
compiling ft5206.c...
compiling timer.c...
compiling usmart.c...
compiling usmart_config.c...
compiling usmart_str.c...
compiling malloc.c...
compiling ff.c...
compiling diskio.c...
compiling exfuns.c...
compiling fattester.c...
compiling mycc936.c...
compiling fontupd.c...
compiling text.c...
compiling apsta.c...
compiling common.c...
compiling wifiap.c...
compiling wifista.c...
linking...
Program Size: Code=65818 RO-data=7718 RW-data=568 ZI-data=51284  
FromELF: creating hex file...
"..\OBJ\ATK_ESP8266.axf" - 0 Error(s), 0 Warning(s).

<h2>Collection of Component include folders:</h2>
  D:\Hardware\STM32F103_2018.5.28\STM32模块\ESP8266WIFI模块\造AP\USER\RTE
  D:\my-softwear\Keil5\ARM\PACK\Keil\STM32F1xx_DFP\1.0.5\Device\Include

<h2>Collection of Component Files used:</h2>
</pre>
</body>
</html>
