Component: ARM Compiler 5.05 update 1 (build 106) Tool: armlink [4d0efa]

==============================================================================

Section Cross References

    startup_stm32f10x_hd.o(STACK) refers (Special) to heapauxi.o(.text) for __use_two_region_memory
    startup_stm32f10x_hd.o(HEAP) refers (Special) to heapauxi.o(.text) for __use_two_region_memory
    startup_stm32f10x_hd.o(RESET) refers (Special) to heapauxi.o(.text) for __use_two_region_memory
    startup_stm32f10x_hd.o(RESET) refers to startup_stm32f10x_hd.o(STACK) for __initial_sp
    startup_stm32f10x_hd.o(RESET) refers to startup_stm32f10x_hd.o(.text) for Reset_Handler
    startup_stm32f10x_hd.o(RESET) refers to stm32f10x_it.o(.text) for NMI_Handler
    startup_stm32f10x_hd.o(RESET) refers to rtc.o(.text) for RTC_IRQHandler
    startup_stm32f10x_hd.o(RESET) refers to timer.o(.text) for TIM3_IRQHandler
    startup_stm32f10x_hd.o(RESET) refers to usmart.o(.text) for TIM4_IRQHandler
    startup_stm32f10x_hd.o(RESET) refers to usart.o(.text) for USART1_IRQHandler
    startup_stm32f10x_hd.o(RESET) refers to usart3.o(.text) for USART3_IRQHandler
    startup_stm32f10x_hd.o(RESET) refers to sdio_sdcard.o(.text) for SDIO_IRQHandler
    startup_stm32f10x_hd.o(.text) refers (Special) to heapauxi.o(.text) for __use_two_region_memory
    startup_stm32f10x_hd.o(.text) refers to __main.o(!!!main) for __main
    startup_stm32f10x_hd.o(.text) refers to startup_stm32f10x_hd.o(HEAP) for Heap_Mem
    startup_stm32f10x_hd.o(.text) refers to startup_stm32f10x_hd.o(STACK) for Stack_Mem
    main.o(.text) refers to sys.o(.text) for Stm32_Clock_Init
    main.o(.text) refers to delay.o(.text) for delay_init
    main.o(.text) refers to usart.o(.text) for uart_init
    main.o(.text) refers to usart3.o(.text) for usart3_init
    main.o(.text) refers to common.o(.text) for atk_8266_send_cmd
    main.o(.text) refers to __2printf.o(.text) for __2printf
    stm32f10x_it.o(.text) refers to stm32f10x_it.o(.data) for Task_Delay
    delay.o(.text) refers to delay.o(.data) for fac_us
    usart.o(.text) refers (Special) to use_no_semi_2.o(.text) for __use_no_semihosting
    usart.o(.text) refers to fflt_clz.o(x$fpl$ffltu) for __aeabi_ui2f
    usart.o(.text) refers to fdiv.o(x$fpl$fdiv) for __aeabi_fdiv
    usart.o(.text) refers to ffixu.o(x$fpl$ffixu) for __aeabi_f2uiz
    usart.o(.text) refers to faddsub_clz.o(x$fpl$frsb) for __aeabi_frsub
    usart.o(.text) refers to fmul.o(x$fpl$fmul) for __aeabi_fmul
    usart.o(.text) refers to sys.o(.text) for MY_NVIC_Init
    usart.o(.text) refers to usart.o(.data) for USART_RX_STA
    usart.o(.text) refers to usart.o(.bss) for USART_RX_BUF
    usart.o(.bss) refers (Special) to use_no_semi_2.o(.text) for __use_no_semihosting
    usart.o(.data) refers (Special) to use_no_semi_2.o(.text) for __use_no_semihosting
    system_stm32f10x.o(.text) refers to system_stm32f10x.o(.data) for SystemCoreClock
    24cxx.o(.text) refers to myiic.o(.text) for IIC_Init
    24cxx.o(.text) refers to delay.o(.text) for delay_ms
    myiic.o(.text) refers to delay.o(.text) for delay_us
    key.o(.text) refers to delay.o(.text) for delay_ms
    key.o(.text) refers to key.o(.data) for key_up
    ili93xx.o(.text) refers to _printf_percent.o(.ARM.Collect$$_printf_percent$$00000000) for _printf_percent
    ili93xx.o(.text) refers to _printf_x.o(.ARM.Collect$$_printf_percent$$0000000C) for _printf_x
    ili93xx.o(.text) refers to _printf_hex_int_ll_ptr.o(.text) for _printf_longlong_hex
    ili93xx.o(.text) refers to delay.o(.text) for delay_us
    ili93xx.o(.text) refers to ili93xx.o(.bss) for lcddev
    ili93xx.o(.text) refers to ili93xx.o(.data) for POINT_COLOR
    ili93xx.o(.text) refers to dflt_clz.o(x$fpl$dfltu) for __aeabi_ui2d
    ili93xx.o(.text) refers to dmul.o(x$fpl$dmul) for __aeabi_dmul
    ili93xx.o(.text) refers to dfixu.o(x$fpl$dfixu) for __aeabi_d2uiz
    ili93xx.o(.text) refers to __2printf.o(.text) for __2printf
    ili93xx.o(.text) refers to ili93xx.o(.constdata) for asc2_1206
    sdio_sdcard.o(.text) refers to sdio_sdcard.o(.data) for DeviceMode
    sdio_sdcard.o(.text) refers to sdio_sdcard.o(.bss) for CSD_Tab
    sdio_sdcard.o(.text) refers to sys.o(.text) for MY_NVIC_Init
    sdio_sdcard.o(.text) refers to rt_memcpy_v6.o(.text) for __aeabi_memcpy
    ctiic.o(.text) refers to delay.o(.text) for delay_us
    ott2001a.o(.text) refers to _printf_percent.o(.ARM.Collect$$_printf_percent$$00000000) for _printf_percent
    ott2001a.o(.text) refers to _printf_x.o(.ARM.Collect$$_printf_percent$$0000000C) for _printf_x
    ott2001a.o(.text) refers to _printf_hex_int_ll_ptr.o(.text) for _printf_longlong_hex
    ott2001a.o(.text) refers to ctiic.o(.text) for CT_IIC_Start
    ott2001a.o(.text) refers to delay.o(.text) for delay_ms
    ott2001a.o(.text) refers to __2printf.o(.text) for __2printf
    ott2001a.o(.text) refers to dflt_clz.o(x$fpl$dflt) for __aeabi_i2d
    ott2001a.o(.text) refers to dmul.o(x$fpl$dmul) for __aeabi_dmul
[...]
    I2C1_EV_IRQHandler                       0x080002cf   Thumb Code     0  startup_stm32f10x_hd.o(.text)
    I2C2_ER_IRQHandler                       0x080002cf   Thumb Code     0  startup_stm32f10x_hd.o(.text)
    I2C2_EV_IRQHandler                       0x080002cf   Thumb Code     0  startup_stm32f10x_hd.o(.text)
    PVD_IRQHandler                           0x080002cf   Thumb Code     0  startup_stm32f10x_hd.o(.text)
    RCC_IRQHandler                           0x080002cf   Thumb Code     0  startup_stm32f10x_hd.o(.text)
    RTCAlarm_IRQHandler                      0x080002cf   Thumb Code     0  startup_stm32f10x_hd.o(.text)
    SPI1_IRQHandler                          0x080002cf   Thumb Code     0  startup_stm32f10x_hd.o(.text)
    SPI2_IRQHandler                          0x080002cf   Thumb Code     0  startup_stm32f10x_hd.o(.text)
    SPI3_IRQHandler                          0x080002cf   Thumb Code     0  startup_stm32f10x_hd.o(.text)
    TAMPER_IRQHandler                        0x080002cf   Thumb Code     0  startup_stm32f10x_hd.o(.text)
    TIM1_BRK_IRQHandler                      0x080002cf   Thumb Code     0  startup_stm32f10x_hd.o(.text)
    TIM1_CC_IRQHandler                       0x080002cf   Thumb Code     0  startup_stm32f10x_hd.o(.text)
    TIM1_TRG_COM_IRQHandler                  0x080002cf   Thumb Code     0  startup_stm32f10x_hd.o(.text)
    TIM1_UP_IRQHandler                       0x080002cf   Thumb Code     0  startup_stm32f10x_hd.o(.text)
    TIM2_IRQHandler                          0x080002cf   Thumb Code     0  startup_stm32f10x_hd.o(.text)
    TIM6_IRQHandler                          0x080002cf   Thumb Code     0  startup_stm32f10x_hd.o(.text)
    TIM8_BRK_IRQHandler                      0x080002cf   Thumb Code     0  startup_stm32f10x_hd.o(.text)
    TIM8_CC_IRQHandler                       0x080002cf   Thumb Code     0  startup_stm32f10x_hd.o(.text)
    TIM8_TRG_COM_IRQHandler                  0x080002cf   Thumb Code     0  startup_stm32f10x_hd.o(.text)
    TIM8_UP_IRQHandler                       0x080002cf   Thumb Code     0  startup_stm32f10x_hd.o(.text)
    UART4_IRQHandler                         0x080002cf   Thumb Code     0  startup_stm32f10x_hd.o(.text)
    UART5_IRQHandler                         0x080002cf   Thumb Code     0  startup_stm32f10x_hd.o(.text)
    USART2_IRQHandler                        0x080002cf   Thumb Code     0  startup_stm32f10x_hd.o(.text)
    USBWakeUp_IRQHandler                     0x080002cf   Thumb Code     0  startup_stm32f10x_hd.o(.text)
    USB_HP_CAN1_TX_IRQHandler                0x080002cf   Thumb Code     0  startup_stm32f10x_hd.o(.text)
    USB_LP_CAN1_RX0_IRQHandler               0x080002cf   Thumb Code     0  startup_stm32f10x_hd.o(.text)
    WWDG_IRQHandler                          0x080002cf   Thumb Code     0  startup_stm32f10x_hd.o(.text)
    __user_initial_stackheap                 0x080002d1   Thumb Code     0  startup_stm32f10x_hd.o(.text)
    main                                     0x080002ed   Thumb Code    84  main.o(.text)
    NMI_Handler                              0x08000369   Thumb Code     2  stm32f10x_it.o(.text)
    HardFault_Handler                        0x0800036b   Thumb Code     4  stm32f10x_it.o(.text)
    MemManage_Handler                        0x0800036f   Thumb Code     4  stm32f10x_it.o(.text)
    BusFault_Handler                         0x08000373   Thumb Code     4  stm32f10x_it.o(.text)
    UsageFault_Handler                       0x08000377   Thumb Code     4  stm32f10x_it.o(.text)
    SVC_Handler                              0x0800037b   Thumb Code     2  stm32f10x_it.o(.text)
    DebugMon_Handler                         0x0800037d   Thumb Code     2  stm32f10x_it.o(.text)
    PendSV_Handler                           0x0800037f   Thumb Code     2  stm32f10x_it.o(.text)
    SysTick_Handler                          0x08000381   Thumb Code    36  stm32f10x_it.o(.text)
    delay_init                               0x080003a9   Thumb Code    56  delay.o(.text)
    delay_us                                 0x080003e1   Thumb Code    56  delay.o(.text)
    delay_ms                                 0x08000419   Thumb Code    56  delay.o(.text)
    MY_NVIC_SetVectorTable                   0x08000459   Thumb Code    12  sys.o(.text)
    MY_NVIC_PriorityGroupConfig              0x08000465   Thumb Code    36  sys.o(.text)
    MY_NVIC_Init                             0x08000489   Thumb Code   116  sys.o(.text)
    Ex_NVIC_Config                           0x080004fd   Thumb Code   146  sys.o(.text)
    MYRCC_DeInit                             0x0800058f   Thumb Code    90  sys.o(.text)
    WFI_SET                                  0x080005e9   Thumb Code     4  sys.o(.text)
    INTX_DISABLE                             0x080005ed   Thumb Code     4  sys.o(.text)
    INTX_ENABLE                              0x080005f1   Thumb Code     4  sys.o(.text)
    Sys_Standby                              0x080005f5   Thumb Code    68  sys.o(.text)
    Sys_Soft_Reset                           0x08000639   Thumb Code    12  sys.o(.text)
    JTAG_Set                                 0x08000645   Thumb Code    42  sys.o(.text)
    Stm32_Clock_Init                         0x0800066f   Thumb Code   134  sys.o(.text)
    _sys_exit                                0x08000721   Thumb Code     6  usart.o(.text)
    fputc                                    0x08000727   Thumb Code    24  usart.o(.text)
    USART1_IRQHandler                        0x0800073f   Thumb Code   118  usart.o(.text)
    uart_init                                0x080007b5   Thumb Code   204  usart.o(.text)
    AT24CXX_Init                             0x08000899   Thumb Code     8  24cxx.o(.text)
    AT24CXX_ReadOneByte                      0x080008a1   Thumb Code    88  24cxx.o(.text)
    AT24CXX_WriteOneByte                     0x080008f9   Thumb Code    80  24cxx.o(.text)
    AT24CXX_Check                            0x08000949   Thumb Code    46  24cxx.o(.text)
    AT24CXX_Read                             0x08000977   Thumb Code    34  24cxx.o(.text)
    AT24CXX_Write                            0x08000999   Thumb Code    36  24cxx.o(.text)
    IIC_Init                                 0x080009bd   Thumb Code    52  myiic.o(.text)
    IIC_Start                                0x080009f1   Thumb Code    64  myiic.o(.text)
    IIC_Stop                                 0x08000a31   Thumb Code    66  myiic.o(.text)
    IIC_Wait_Ack                             0x08000a73   Thumb Code    86  myiic.o(.text)
    IIC_Ack                                  0x08000ac9   Thumb Code    70  myiic.o(.text)
    IIC_NAck                                 0x08000b0f   Thumb Code    70  myiic.o(.text)
    IIC_Send_Byte                            0x08000b55   Thumb Code    92  myiic.o(.text)
    IIC_Read_Byte                            0x08000bb1   Thumb Code   100  myiic.o(.text)
    KEY_Init                                 0x08000c25   Thumb Code    84  key.o(.text)
    KEY_Scan                                 0x08000c79   Thumb Code   120  key.o(.text)
    LCD_WR_REG                               0x08000d09   Thumb Code     6  ili93xx.o(.text)
    LCD_WR_DATA                              0x08000d0f   Thumb Code     8  ili93xx.o(.text)
    LCD_RD_DATA                              0x08000d17   Thumb Code    16  ili93xx.o(.text)
    LCD_WriteReg                             0x08000d27   Thumb Code    10  ili93xx.o(.text)
    LCD_ReadReg                              0x08000d31   Thumb Code    22  ili93xx.o(.text)
    LCD_WriteRAM_Prepare                     0x08000d47   Thumb Code    10  ili93xx.o(.text)
    LCD_WriteRAM                             0x08000d51   Thumb Code     8  ili93xx.o(.text)
    LCD_BGR2RGB                              0x08000d59   Thumb Code    26  ili93xx.o(.text)
    opt_delay                                0x08000d73   Thumb Code    14  ili93xx.o(.text)
    LCD_SetCursor                            0x08000d81   Thumb Code   418  ili93xx.o(.text)
    LCD_ReadPoint                            0x08000f23   Thumb Code   360  ili93xx.o(.text)
    LCD_DisplayOn                            0x0800108b   Thumb Code   102  ili93xx.o(.text)
    LCD_DisplayOff                           0x080010f1   Thumb Code    90  ili93xx.o(.text)
    LCD_Scan_Dir                             0x0800114b   Thumb Code   744  ili93xx.o(.text)
    LCD_DrawPoint                            0x08001433   Thumb Code    28  ili93xx.o(.text)
    LCD_Fast_DrawPoint                       0x0800144f   Thumb Code   384  ili93xx.o(.text)
    LCD_SSD_BackLightSet                     0x080015cf   Thumb Code    80  ili93xx.o(.text)
    LCD_Display_Dir                          0x0800161f   Thumb Code   444  ili93xx.o(.text)
    LCD_Set_Window                           0x080017db   Thumb Code   540  ili93xx.o(.text)
    LCD_Clear                                0x080019f7   Thumb Code   100  ili93xx.o(.text)
    LCD_Init                                 0x08001a5b   Thumb Code 14286  ili93xx.o(.text)
    LCD_Fill                                 0x08005229   Thumb Code   178  ili93xx.o(.text)
    LCD_Color_Fill                           0x080052db   Thumb Code   104  ili93xx.o(.text)
    LCD_DrawLine                             0x08005343   Thumb Code   176  ili93xx.o(.text)
    LCD_DrawRectangle                        0x080053f3   Thumb Code    60  ili93xx.o(.text)
    LCD_Draw_Circle                          0x0800542f   Thumb Code   152  ili93xx.o(.text)
    LCD_ShowChar                             0x080054c7   Thumb Code   272  ili93xx.o(.text)
    LCD_Pow                                  0x080055d7   Thumb Code    22  ili93xx.o(.text)
    LCD_ShowNum                              0x080055ed   Thumb Code   148  ili93xx.o(.text)
    LCD_ShowxNum                             0x08005681   Thumb Code   220  ili93xx.o(.text)
    LCD_ShowString                           0x0800575d   Thumb Code   102  ili93xx.o(.text)
    SD_SetDeviceMode                         0x080057c5   Thumb Code    20  sdio_sdcard.o(.text)
    SDIO_Clock_Set                           0x080057d9   Thumb Code    16  sdio_sdcard.o(.text)
    CmdResp1Error                            0x080057e9   Thumb Code    82  sdio_sdcard.o(.text)
    SDIO_Send_Cmd                            0x0800583b   Thumb Code    36  sdio_sdcard.o(.text)
    SDIO_Send_Data_Cfg                       0x0800585f   Thumb Code    48  sdio_sdcard.o(.text)
    FindSCR                                  0x0800588f   Thumb Code   326  sdio_sdcard.o(.text)
    SDEnWideBus                              0x080059d5   Thumb Code   118  sdio_sdcard.o(.text)
    SD_EnableWideBusOperation                0x08005a4b   Thumb Code    94  sdio_sdcard.o(.text)
    SD_SelectDeselect                        0x08005aa9   Thumb Code    22  sdio_sdcard.o(.text)
    SD_GetCardInfo                           0x08005abf   Thumb Code   794  sdio_sdcard.o(.text)
    CmdResp2Error                            0x08005dd9   Thumb Code    88  sdio_sdcard.o(.text)
    CmdResp6Error                            0x08005e31   Thumb Code   142  sdio_sdcard.o(.text)
    SD_InitializeCards                       0x08005ebf   Thumb Code   240  sdio_sdcard.o(.text)
    CmdResp3Error                            0x08005faf   Thumb Code    52  sdio_sdcard.o(.text)
    CmdResp7Error                            0x08005fe3   Thumb Code   100  sdio_sdcard.o(.text)
    CmdError                                 0x08006047   Thumb Code    48  sdio_sdcard.o(.text)
    SD_PowerON                               0x08006077   Thumb Code   358  sdio_sdcard.o(.text)
    SD_Init                                  0x080061dd   Thumb Code   234  sdio_sdcard.o(.text)
    SD_PowerOFF                              0x080062c7   Thumb Code    16  sdio_sdcard.o(.text)
    SD_DMA_Config                            0x080062d7   Thumb Code   144  sdio_sdcard.o(.text)
    convert_from_bytes_to_power_of_two       0x08006367   Thumb Code    18  sdio_sdcard.o(.text)
    SD_ReadBlock                             0x08006379   Thumb Code   558  sdio_sdcard.o(.text)
    SD_ReadMultiBlocks                       0x080065a7   Thumb Code   628  sdio_sdcard.o(.text)
    IsCardProgramming                        0x0800681b   Thumb Code   176  sdio_sdcard.o(.text)
    SD_WriteBlock                            0x080068cb   Thumb Code   760  sdio_sdcard.o(.text)
    SD_WriteMultiBlocks                      0x08006bc3   Thumb Code   848  sdio_sdcard.o(.text)
    SD_ProcessIRQSrc                         0x08006f13   Thumb Code   310  sdio_sdcard.o(.text)
    SDIO_IRQHandler                          0x08007049   Thumb Code     8  sdio_sdcard.o(.text)
    SD_SendStatus                            0x08007051   Thumb Code    86  sdio_sdcard.o(.text)
    SD_GetState                              0x080070a7   Thumb Code    26  sdio_sdcard.o(.text)
    SD_ReadDisk                              0x080070c1   Thumb Code   152  sdio_sdcard.o(.text)
    SD_WriteDisk                             0x08007159   Thumb Code   152  sdio_sdcard.o(.text)
    SPI2_ReadWriteByte                       0x080071fd   Thumb Code    82  spi.o(.text)
    SPI2_Init                                0x0800724f   Thumb Code   166  spi.o(.text)
    SPI2_SetSpeed                            0x080072f5   Thumb Code    44  spi.o(.text)
    CT_Delay                                 0x08007331   Thumb Code    10  ctiic.o(.text)
    CT_IIC_Init                              0x0800733b   Thumb Code   100  ctiic.o(.text)
    CT_IIC_Start                             0x0800739f   Thumb Code    62  ctiic.o(.text)
    CT_IIC_Stop                              0x080073dd   Thumb Code    56  ctiic.o(.text)
    CT_IIC_Wait_Ack                          0x08007415   Thumb Code    82  ctiic.o(.text)
    CT_IIC_Ack                               0x08007467   Thumb Code    66  ctiic.o(.text)
    CT_IIC_NAck                              0x080074a9   Thumb Code    66  ctiic.o(.text)
    CT_IIC_Send_Byte                         0x080074eb   Thumb Code    82  ctiic.o(.text)
    CT_IIC_Read_Byte                         0x0800753d   Thumb Code    96  ctiic.o(.text)
    OTT2001A_WR_Reg                          0x080075b9   Thumb Code    92  ott2001a.o(.text)
    OTT2001A_RD_Reg                          0x08007615   Thumb Code    98  ott2001a.o(.text)
    OTT2001A_SensorControl                   0x08007677   Thumb Code    28  ott2001a.o(.text)
    OTT2001A_Init                            0x08007693   Thumb Code   130  ott2001a.o(.text)
    OTT2001A_Scan                            0x08007715   Thumb Code   446  ott2001a.o(.text)
    USART3_IRQHandler                        0x08007911   Thumb Code    96  usart3.o(.text)
    usart3_init                              0x08007971   Thumb Code   160  usart3.o(.text)
    u3_printf                                0x08007a11   Thumb Code    72  usart3.o(.text)
    W25QXX_ReadID                            0x08007a79   Thumb Code    64  w25qxx.o(.text)
    W25QXX_Init                              0x08007ab9   Thumb Code    62  w25qxx.o(.text)
    W25QXX_ReadSR                            0x08007af7   Thumb Code    36  w25qxx.o(.text)
    W25QXX_Write_SR                          0x08007b1b   Thumb Code    32  w25qxx.o(.text)
    W25QXX_Write_Enable                      0x08007b3b   Thumb Code    24  w25qxx.o(.text)
    W25QXX_Write_Disable                     0x08007b53   Thumb Code    24  w25qxx.o(.text)
    W25QXX_Read                              0x08007b6b   Thumb Code    74  w25qxx.o(.text)
    W25QXX_Wait_Busy                         0x08007bb5   Thumb Code    18  w25qxx.o(.text)
    W25QXX_Write_Page                        0x08007bc7   Thumb Code    80  w25qxx.o(.text)
    W25QXX_Write_NoCheck                     0x08007c17   Thumb Code    70  w25qxx.o(.text)
    W25QXX_Erase_Sector                      0x08007c5d   Thumb Code    70  w25qxx.o(.text)
    W25QXX_Write                             0x08007ca3   Thumb Code   180  w25qxx.o(.text)
    W25QXX_Erase_Chip                        0x08007d57   Thumb Code    36  w25qxx.o(.text)
    W25QXX_PowerDown                         0x08007d7b   Thumb Code    30  w25qxx.o(.text)
    W25QXX_WAKEUP                            0x08007d99   Thumb Code    30  w25qxx.o(.text)
    TP_Write_Byte                            0x08007dd9   Thumb Code    64  touch.o(.text)
    TP_Read_AD                               0x08007e19   Thumb Code   136  touch.o(.text)
    TP_Read_XOY                              0x08007ea1   Thumb Code   120  touch.o(.text)
    TP_Read_XY                               0x08007f19   Thumb Code    38  touch.o(.text)
    TP_Read_XY2                              0x08007f3f   Thumb Code   192  touch.o(.text)
    TP_Drow_Touch_Point                      0x08007fff   Thumb Code   108  touch.o(.text)
    TP_Draw_Big_Point                        0x0800806b   Thumb Code    54  touch.o(.text)
    TP_Scan                                  0x080080a1   Thumb Code   264  touch.o(.text)
    TP_Save_Adjdata                          0x080081a9   Thumb Code    24  touch.o(.text)
    TP_Get_Adjdata                           0x080081c1   Thumb Code   104  touch.o(.text)
    TP_Adj_Info_Show                         0x08008229   Thumb Code   374  touch.o(.text)
    TP_Adjust                                0x0800839f   Thumb Code  2128  touch.o(.text)
    TP_Init                                  0x08008bef   Thumb Code   292  touch.o(.text)
    GT9147_WR_Reg                            0x08008d6d   Thumb Code    92  gt9147.o(.text)
    GT9147_Send_Cfg                          0x08008dc9   Thumb Code    86  gt9147.o(.text)
    GT9147_RD_Reg                            0x08008e1f   Thumb Code    98  gt9147.o(.text)
    GT9147_Init                              0x08008e81   Thumb Code   248  gt9147.o(.text)
    GT9147_Scan                              0x08008f79   Thumb Code   494  gt9147.o(.text)
    FT5206_WR_Reg                            0x080091b5   Thumb Code    82  ft5206.o(.text)
    FT5206_RD_Reg                            0x08009207   Thumb Code    88  ft5206.o(.text)
    FT5206_Init                              0x0800925f   Thumb Code   190  ft5206.o(.text)
    FT5206_Scan                              0x0800931d   Thumb Code   400  ft5206.o(.text)
    TIM3_IRQHandler                          0x080094d5   Thumb Code    40  timer.o(.text)
    TIM3_Int_Init                            0x080094fd   Thumb Code    74  timer.o(.text)
    TIM3_PWM_Init                            0x08009547   Thumb Code   150  timer.o(.text)
    TIM5_Cap_Init                            0x080095dd   Thumb Code   176  timer.o(.text)
    TIM5_IRQHandler                          0x0800968d   Thumb Code   186  timer.o(.text)
    TIM7_IRQHandler                          0x08009747   Thumb Code    52  timer.o(.text)
    TIM7_Int_Init                            0x0800977b   Thumb Code    74  timer.o(.text)
    RTC_Get_Week                             0x080097f1   Thumb Code   116  rtc.o(.text)
    Is_Leap_Year                             0x08009865   Thumb Code    58  rtc.o(.text)
    RTC_Get                                  0x0800989f   Thumb Code   288  rtc.o(.text)
    RTC_Set                                  0x080099bf   Thumb Code   246  rtc.o(.text)
    RTC_Init                                 0x08009ab5   Thumb Code   370  rtc.o(.text)
    RTC_IRQHandler                           0x08009c27   Thumb Code   214  rtc.o(.text)
    RTC_Alarm_Set                            0x08009cfd   Thumb Code   240  rtc.o(.text)
    SysTick_Init                             0x08009e09   Thumb Code   108  bsp_systick.o(.text)
    MPU6050_WriteReg                         0x08009e81   Thumb Code    16  mpu6050.o(.text)
    MPU6050_ReadData                         0x08009e91   Thumb Code    20  mpu6050.o(.text)
    MPU6050_Init                             0x08009ea5   Thumb Code    72  mpu6050.o(.text)
    MPU6050ReadID                            0x08009eed   Thumb Code    44  mpu6050.o(.text)
    MPU6050ReadAcc                           0x08009f19   Thumb Code    64  mpu6050.o(.text)
    MPU6050ReadGyro                          0x08009f59   Thumb Code    64  mpu6050.o(.text)
    MPU6050ReadTemp                          0x08009f99   Thumb Code    32  mpu6050.o(.text)
    MPU6050_ReturnTemp                       0x08009fb9   Thumb Code    72  mpu6050.o(.text)
    I2C_Bus_Init                             0x0800a097   Thumb Code    12  bsp_i2c.o(.text)
    I2C_ByteWrite                            0x0800a0af   Thumb Code   216  bsp_i2c.o(.text)
    I2C_BufferRead                           0x0800a187   Thumb Code   370  bsp_i2c.o(.text)
    I2C_WaitStandbyState                     0x0800a2f9   Thumb Code    70  bsp_i2c.o(.text)
    usmart_sys_cmd_exe                       0x0800a381   Thumb Code  1570  usmart.o(.text)
    usmart_reset_runtime                     0x0800a9a3   Thumb Code    38  usmart.o(.text)
    usmart_get_runtime                       0x0800a9c9   Thumb Code    56  usmart.o(.text)
    TIM4_IRQHandler                          0x0800aa01   Thumb Code    50  usmart.o(.text)
    Timer4_Init                              0x0800aa33   Thumb Code    74  usmart.o(.text)
    usmart_init                              0x0800aa7d   Thumb Code    36  usmart.o(.text)
    usmart_cmd_rec                           0x0800aaa1   Thumb Code   170  usmart.o(.text)
    usmart_exe                               0x0800ab4b   Thumb Code   872  usmart.o(.text)
    usmart_scan                              0x0800aeb3   Thumb Code   120  usmart.o(.text)
    read_addr                                0x0800af2b   Thumb Code     6  usmart.o(.text)
    write_addr                               0x0800af31   Thumb Code     4  usmart.o(.text)
    usmart_strcmp                            0x0800afbd   Thumb Code    34  usmart_str.o(.text)
    usmart_strcopy                           0x0800afdf   Thumb Code    22  usmart_str.o(.text)
    usmart_strlen                            0x0800aff5   Thumb Code    24  usmart_str.o(.text)
    usmart_pow                               0x0800b00d   Thumb Code    22  usmart_str.o(.text)
    usmart_str2num                           0x0800b023   Thumb Code   262  usmart_str.o(.text)
    usmart_get_cmdname                       0x0800b129   Thumb Code    54  usmart_str.o(.text)
    usmart_search_nextc                      0x0800b15f   Thumb Code    22  usmart_str.o(.text)
    usmart_get_fname                         0x0800b175   Thumb Code   440  usmart_str.o(.text)
    usmart_get_aparm                         0x0800b32d   Thumb Code   212  usmart_str.o(.text)
    usmart_get_parmpos                       0x0800b401   Thumb Code    26  usmart_str.o(.text)
    usmart_get_fparam                        0x0800b41b   Thumb Code   262  usmart_str.o(.text)
    mymemcpy                                 0x0800b52d   Thumb Code    26  malloc.o(.text)
    mymemset                                 0x0800b547   Thumb Code    20  malloc.o(.text)
    my_mem_init                              0x0800b55b   Thumb Code    54  malloc.o(.text)
    my_mem_perused                           0x0800b591   Thumb Code    54  malloc.o(.text)
    my_mem_malloc                            0x0800b5c7   Thumb Code   154  malloc.o(.text)
    my_mem_free                              0x0800b661   Thumb Code    94  malloc.o(.text)
    myfree                                   0x0800b6bf   Thumb Code    32  malloc.o(.text)
    mymalloc                                 0x0800b6df   Thumb Code    36  malloc.o(.text)
    myrealloc                                0x0800b703   Thumb Code    68  malloc.o(.text)
    Get_HzMat                                0x0800b759   Thumb Code   220  text.o(.text)
    Show_Font                                0x0800b835   Thumb Code   190  text.o(.text)
    Show_Str                                 0x0800b8f3   Thumb Code   192  text.o(.text)
    Show_Str_Mid                             0x0800b9b3   Thumb Code   106  text.o(.text)
    atk_8266_apsta_test                      0x0800ba2d   Thumb Code  2058  apsta.o(.text)
    mpu6050                                  0x0800c2d1   Thumb Code   164  common.o(.text)
    atk_8266_at_response                     0x0800c375   Thumb Code   348  common.o(.text)
    fanhui                                   0x0800c4d1   Thumb Code   162  common.o(.text)
    atk_8266_check_cmd                       0x0800c573   Thumb Code    44  common.o(.text)
    atk_8266_send_cmd                        0x0800c59f   Thumb Code    84  common.o(.text)
    atk_8266_send_data                       0x0800c5f3   Thumb Code    84  common.o(.text)
    atk_8266_quit_trans                      0x0800c647   Thumb Code   100  common.o(.text)
    atk_8266_apsta_check                     0x0800c6ab   Thumb Code   290  common.o(.text)
    atk_8266_consta_check                    0x0800c7cd   Thumb Code    40  common.o(.text)
    atk_8266_load_keyboard                   0x0800c7f5   Thumb Code   280  common.o(.text)
    atk_8266_key_staset                      0x0800c90d   Thumb Code   292  common.o(.text)
    atk_8266_get_keynum                      0x0800ca31   Thumb Code   230  common.o(.text)
    atk_8266_get_wanip                       0x0800cb17   Thumb Code    62  common.o(.text)
    atk_8266_get_ip                          0x0800cb55   Thumb Code   338  common.o(.text)
    atk_8266_msg_show                        0x0800cca7   Thumb Code   682  common.o(.text)
    atk_8266_wificonf_show                   0x0800cf51   Thumb Code   472  common.o(.text)
    atk_8266_netpro_sel                      0x0800d129   Thumb Code   506  common.o(.text)
    atk_8266_ip_set                          0x0800d323   Thumb Code   366  common.o(.text)
    atk_8266_mode_cofig                      0x0800d491   Thumb Code   614  common.o(.text)
    atk_8266_mtest_ui                        0x0800d6f7   Thumb Code   168  common.o(.text)
    atk_8266_test                            0x0800d79f   Thumb Code   232  common.o(.text)
    atk_8266_wifiap_test                     0x0800d9f9   Thumb Code  1948  wifiap.o(.text)
    atk_8266_wifista_test                    0x0800e1e5   Thumb Code  2018  wifista.o(.text)
    RTC_ITConfig                             0x0800ea41   Thumb Code    26  stm32f10x_rtc.o(.text)
    RTC_EnterConfigMode                      0x0800ea5b   Thumb Code    18  stm32f10x_rtc.o(.text)
    RTC_ExitConfigMode                       0x0800ea6d   Thumb Code    20  stm32f10x_rtc.o(.text)
    RTC_GetCounter                           0x0800ea81   Thumb Code    18  stm32f10x_rtc.o(.text)
    RTC_SetCounter                           0x0800ea93   Thumb Code    26  stm32f10x_rtc.o(.text)
    RTC_SetPrescaler                         0x0800eaad   Thumb Code    28  stm32f10x_rtc.o(.text)
    RTC_SetAlarm                             0x0800eac9   Thumb Code    26  stm32f10x_rtc.o(.text)
    RTC_GetDivider                           0x0800eae3   Thumb Code    22  stm32f10x_rtc.o(.text)
    RTC_WaitForLastTask                      0x0800eaf9   Thumb Code    18  stm32f10x_rtc.o(.text)
    RTC_WaitForSynchro                       0x0800eb0b   Thumb Code    36  stm32f10x_rtc.o(.text)
    RTC_GetFlagStatus                        0x0800eb2f   Thumb Code    22  stm32f10x_rtc.o(.text)
    RTC_ClearFlag                            0x0800eb45   Thumb Code    16  stm32f10x_rtc.o(.text)
    RTC_GetITStatus                          0x0800eb55   Thumb Code    32  stm32f10x_rtc.o(.text)
    RTC_ClearITPendingBit                    0x0800eb75   Thumb Code    16  stm32f10x_rtc.o(.text)
    GPIO_DeInit                              0x0800eb89   Thumb Code   172  stm32f10x_gpio.o(.text)
    GPIO_AFIODeInit                          0x0800ec35   Thumb Code    20  stm32f10x_gpio.o(.text)
    GPIO_Init                                0x0800ec49   Thumb Code   278  stm32f10x_gpio.o(.text)
    GPIO_StructInit                          0x0800ed5f   Thumb Code    16  stm32f10x_gpio.o(.text)
    GPIO_ReadInputDataBit                    0x0800ed6f   Thumb Code    18  stm32f10x_gpio.o(.text)
    GPIO_ReadInputData                       0x0800ed81   Thumb Code     8  stm32f10x_gpio.o(.text)
    GPIO_ReadOutputDataBit                   0x0800ed89   Thumb Code    18  stm32f10x_gpio.o(.text)
    GPIO_ReadOutputData                      0x0800ed9b   Thumb Code     8  stm32f10x_gpio.o(.text)
    GPIO_SetBits                             0x0800eda3   Thumb Code     4  stm32f10x_gpio.o(.text)
    GPIO_ResetBits                           0x0800eda7   Thumb Code     4  stm32f10x_gpio.o(.text)
    GPIO_WriteBit                            0x0800edab   Thumb Code    10  stm32f10x_gpio.o(.text)
    GPIO_Write                               0x0800edb5   Thumb Code     4  stm32f10x_gpio.o(.text)
    GPIO_PinLockConfig                       0x0800edb9   Thumb Code    18  stm32f10x_gpio.o(.text)
    GPIO_EventOutputConfig                   0x0800edcb   Thumb Code    26  stm32f10x_gpio.o(.text)
    GPIO_EventOutputCmd                      0x0800ede5   Thumb Code     6  stm32f10x_gpio.o(.text)
    GPIO_PinRemapConfig                      0x0800edeb   Thumb Code   138  stm32f10x_gpio.o(.text)
    GPIO_EXTILineConfig                      0x0800ee75   Thumb Code    66  stm32f10x_gpio.o(.text)
    GPIO_ETH_MediaInterfaceConfig            0x0800eeb7   Thumb Code     8  stm32f10x_gpio.o(.text)
    I2C_DeInit                               0x0800eee5   Thumb Code    50  stm32f10x_i2c.o(.text)
    I2C_Init                                 0x0800ef17   Thumb Code   222  stm32f10x_i2c.o(.text)
    I2C_StructInit                           0x0800eff5   Thumb Code    30  stm32f10x_i2c.o(.text)
    I2C_Cmd                                  0x0800f013   Thumb Code    24  stm32f10x_i2c.o(.text)
    I2C_DMACmd                               0x0800f02b   Thumb Code    24  stm32f10x_i2c.o(.text)
    I2C_DMALastTransferCmd                   0x0800f043   Thumb Code    24  stm32f10x_i2c.o(.text)
    I2C_GenerateSTART                        0x0800f05b   Thumb Code    24  stm32f10x_i2c.o(.text)
    I2C_GenerateSTOP                         0x0800f073   Thumb Code    24  stm32f10x_i2c.o(.text)
    I2C_AcknowledgeConfig                    0x0800f08b   Thumb Code    24  stm32f10x_i2c.o(.text)
    I2C_OwnAddress2Config                    0x0800f0a3   Thumb Code    22  stm32f10x_i2c.o(.text)
    I2C_DualAddressCmd                       0x0800f0b9   Thumb Code    24  stm32f10x_i2c.o(.text)
    I2C_GeneralCallCmd                       0x0800f0d1   Thumb Code    24  stm32f10x_i2c.o(.text)
    I2C_ITConfig                             0x0800f0e9   Thumb Code    18  stm32f10x_i2c.o(.text)
    I2C_SendData                             0x0800f0fb   Thumb Code     4  stm32f10x_i2c.o(.text)
    I2C_ReceiveData                          0x0800f0ff   Thumb Code     8  stm32f10x_i2c.o(.text)
    I2C_Send7bitAddress                      0x0800f107   Thumb Code    18  stm32f10x_i2c.o(.text)
    I2C_ReadRegister                         0x0800f119   Thumb Code    22  stm32f10x_i2c.o(.text)
    I2C_SoftwareResetCmd                     0x0800f12f   Thumb Code    22  stm32f10x_i2c.o(.text)
    I2C_NACKPositionConfig                   0x0800f145   Thumb Code    28  stm32f10x_i2c.o(.text)
    I2C_SMBusAlertConfig                     0x0800f161   Thumb Code    28  stm32f10x_i2c.o(.text)
    I2C_TransmitPEC                          0x0800f17d   Thumb Code    24  stm32f10x_i2c.o(.text)
    I2C_PECPositionConfig                    0x0800f195   Thumb Code    28  stm32f10x_i2c.o(.text)
    I2C_CalculatePEC                         0x0800f1b1   Thumb Code    24  stm32f10x_i2c.o(.text)
    I2C_GetPEC                               0x0800f1c9   Thumb Code     8  stm32f10x_i2c.o(.text)
    I2C_ARPCmd                               0x0800f1d1   Thumb Code    24  stm32f10x_i2c.o(.text)
    I2C_StretchClockCmd                      0x0800f1e9   Thumb Code    24  stm32f10x_i2c.o(.text)
    I2C_FastModeDutyCycleConfig              0x0800f201   Thumb Code    28  stm32f10x_i2c.o(.text)
    I2C_CheckEvent                           0x0800f21d   Thumb Code    42  stm32f10x_i2c.o(.text)
    I2C_GetLastEvent                         0x0800f247   Thumb Code    26  stm32f10x_i2c.o(.text)
    I2C_GetFlagStatus                        0x0800f261   Thumb Code    58  stm32f10x_i2c.o(.text)
    I2C_ClearFlag                            0x0800f29b   Thumb Code    12  stm32f10x_i2c.o(.text)
    I2C_GetITStatus                          0x0800f2a7   Thumb Code    54  stm32f10x_i2c.o(.text)
    I2C_ClearITPendingBit                    0x0800f2dd   Thumb Code    12  stm32f10x_i2c.o(.text)
    RCC_DeInit                               0x0800f2e9   Thumb Code    64  stm32f10x_rcc.o(.text)
    RCC_HSEConfig                            0x0800f329   Thumb Code    70  stm32f10x_rcc.o(.text)
    RCC_GetFlagStatus                        0x0800f36f   Thumb Code    56  stm32f10x_rcc.o(.text)
    RCC_WaitForHSEStartUp                    0x0800f3a7   Thumb Code    56  stm32f10x_rcc.o(.text)
    RCC_AdjustHSICalibrationValue            0x0800f3df   Thumb Code    20  stm32f10x_rcc.o(.text)
    RCC_HSICmd                               0x0800f3f3   Thumb Code     6  stm32f10x_rcc.o(.text)
    RCC_PLLConfig                            0x0800f3f9   Thumb Code    24  stm32f10x_rcc.o(.text)
    RCC_PLLCmd                               0x0800f411   Thumb Code     6  stm32f10x_rcc.o(.text)
    RCC_SYSCLKConfig                         0x0800f417   Thumb Code    18  stm32f10x_rcc.o(.text)
    RCC_GetSYSCLKSource                      0x0800f429   Thumb Code    10  stm32f10x_rcc.o(.text)
    RCC_HCLKConfig                           0x0800f433   Thumb Code    18  stm32f10x_rcc.o(.text)
    RCC_PCLK1Config                          0x0800f445   Thumb Code    18  stm32f10x_rcc.o(.text)
    RCC_PCLK2Config                          0x0800f457   Thumb Code    20  stm32f10x_rcc.o(.text)
    RCC_ITConfig                             0x0800f46b   Thumb Code    26  stm32f10x_rcc.o(.text)
    RCC_USBCLKConfig                         0x0800f485   Thumb Code     8  stm32f10x_rcc.o(.text)
    RCC_ADCCLKConfig                         0x0800f48d   Thumb Code    18  stm32f10x_rcc.o(.text)
    RCC_LSEConfig                            0x0800f49f   Thumb Code    50  stm32f10x_rcc.o(.text)
    RCC_LSICmd                               0x0800f4d1   Thumb Code     6  stm32f10x_rcc.o(.text)
    RCC_RTCCLKConfig                         0x0800f4d7   Thumb Code    12  stm32f10x_rcc.o(.text)
    RCC_RTCCLKCmd                            0x0800f4e3   Thumb Code     8  stm32f10x_rcc.o(.text)
    RCC_GetClocksFreq                        0x0800f4eb   Thumb Code   192  stm32f10x_rcc.o(.text)
    RCC_AHBPeriphClockCmd                    0x0800f5ab   Thumb Code    26  stm32f10x_rcc.o(.text)
    RCC_APB2PeriphClockCmd                   0x0800f5c5   Thumb Code    26  stm32f10x_rcc.o(.text)
    RCC_APB1PeriphClockCmd                   0x0800f5df   Thumb Code    26  stm32f10x_rcc.o(.text)
    RCC_APB2PeriphResetCmd                   0x0800f5f9   Thumb Code    26  stm32f10x_rcc.o(.text)
    RCC_APB1PeriphResetCmd                   0x0800f613   Thumb Code    26  stm32f10x_rcc.o(.text)
    RCC_BackupResetCmd                       0x0800f62d   Thumb Code     8  stm32f10x_rcc.o(.text)
    RCC_ClockSecuritySystemCmd               0x0800f635   Thumb Code     6  stm32f10x_rcc.o(.text)
    RCC_MCOConfig                            0x0800f63b   Thumb Code     6  stm32f10x_rcc.o(.text)
    RCC_ClearFlag                            0x0800f641   Thumb Code    14  stm32f10x_rcc.o(.text)
    RCC_GetITStatus                          0x0800f64f   Thumb Code    20  stm32f10x_rcc.o(.text)
    RCC_ClearITPendingBit                    0x0800f663   Thumb Code     6  stm32f10x_rcc.o(.text)
    __use_no_semihosting                     0x0800f68d   Thumb Code     2  use_no_semi_2.o(.text)
    __c89vsprintf                            0x0800f691   Thumb Code    32  c89vsprintf.o(.text)
    __2printf                                0x0800f6b5   Thumb Code    20  __2printf.o(.text)
    __2sprintf                               0x0800f6cd   Thumb Code    38  __2sprintf.o(.text)
    _printf_pre_padding                      0x0800f6f9   Thumb Code    44  _printf_pad.o(.text)
    _printf_post_padding                     0x0800f725   Thumb Code    34  _printf_pad.o(.text)
    _printf_str                              0x0800f747   Thumb Code    82  _printf_str.o(.text)
    _printf_int_dec                          0x0800f799   Thumb Code   104  _printf_dec.o(.text)
    _printf_longlong_hex                     0x0800f811   Thumb Code    86  _printf_hex_int_ll_ptr.o(.text)
    _printf_int_hex                          0x0800f867   Thumb Code    28  _printf_hex_int_ll_ptr.o(.text)
    _printf_ll_hex                           0x0800f883   Thumb Code    12  _printf_hex_int_ll_ptr.o(.text)
    _printf_hex_ptr                          0x0800f88f   Thumb Code    18  _printf_hex_int_ll_ptr.o(.text)
    __printf                                 0x0800f8a5   Thumb Code   388  __printf_flags_ss_wp.o(.text)
    strstr                                   0x0800fa2d   Thumb Code    36  strstr.o(.text)
    strlen                                   0x0800fa51   Thumb Code    62  strlen.o(.text)
    __aeabi_memcpy                           0x0800fa8f   Thumb Code     0  rt_memcpy_v6.o(.text)
    __rt_memcpy                              0x0800fa8f   Thumb Code   138  rt_memcpy_v6.o(.text)
    _memcpy_lastbytes                        0x0800faf5   Thumb Code     0  rt_memcpy_v6.o(.text)
    __aeabi_memcpy4                          0x0800fb19   Thumb Code     0  rt_memcpy_w.o(.text)
    __aeabi_memcpy8                          0x0800fb19   Thumb Code     0  rt_memcpy_w.o(.text)
    __rt_memcpy_w                            0x0800fb19   Thumb Code   100  rt_memcpy_w.o(.text)
    _memcpy_lastbytes_aligned                0x0800fb61   Thumb Code     0  rt_memcpy_w.o(.text)
    strcmp                                   0x0800fb7d   Thumb Code   128  strcmpv7m.o(.text)
    __use_two_region_memory                  0x0800fbfd   Thumb Code     2  heapauxi.o(.text)
    __rt_heap_escrow$2region                 0x0800fbff   Thumb Code     2  heapauxi.o(.text)
    __rt_heap_expand$2region                 0x0800fc01   Thumb Code     2  heapauxi.o(.text)
    __I$use$semihosting                      0x0800fc03   Thumb Code     0  use_no_semi.o(.text)
    __use_no_semihosting_swi                 0x0800fc03   Thumb Code     2  use_no_semi.o(.text)
    __read_errno                             0x0800fc05   Thumb Code    10  _rserrno.o(.text)
    __set_errno                              0x0800fc0f   Thumb Code    12  _rserrno.o(.text)
    _printf_truncate_signed                  0x0800fc1b   Thumb Code    18  _printf_truncate.o(.text)
    _printf_truncate_unsigned                0x0800fc2d   Thumb Code    18  _printf_truncate.o(.text)
    _printf_int_common                       0x0800fc3f   Thumb Code   178  _printf_intcommon.o(.text)
    _printf_charcount                        0x0800fcf1   Thumb Code    40  _printf_charcount.o(.text)
    __lib_sel_fp_printf                      0x0800fd19   Thumb Code     2  _printf_fp_dec.o(.text)
    _printf_fp_dec_real                      0x0800fec7   Thumb Code   620  _printf_fp_dec.o(.text)
    _printf_char_common                      0x0801013f   Thumb Code    32  _printf_char_common.o(.text)
    _sputc                                   0x08010165   Thumb Code    10  _sputc.o(.text)
    _printf_cs_common                        0x0801016f   Thumb Code    20  _printf_char.o(.text)
    _printf_char                             0x08010183   Thumb Code    16  _printf_char.o(.text)
    _printf_string                           0x08010193   Thumb Code     8  _printf_char.o(.text)
    _printf_char_file                        0x0801019d   Thumb Code    32  _printf_char_file.o(.text)
    _printf_wctomb                           0x080101c1   Thumb Code   182  _printf_wctomb.o(.text)
    _printf_longlong_dec                     0x0801027d   Thumb Code   108  _printf_longlong_dec.o(.text)
    _printf_longlong_oct                     0x080102f9   Thumb Code    68  _printf_oct_int_ll.o(.text)
    _printf_int_oct                          0x0801033d   Thumb Code    24  _printf_oct_int_ll.o(.text)
    _printf_ll_oct                           0x08010355   Thumb Code    12  _printf_oct_int_ll.o(.text)
    __rt_locale                              0x08010369   Thumb Code     8  rt_locale_intlibspace.o(.text)
    __aeabi_errno_addr                       0x08010371   Thumb Code     8  rt_errno_addr_intlibspace.o(.text)
    __errno$intlibspace                      0x08010371   Thumb Code     0  rt_errno_addr_intlibspace.o(.text)
    __rt_errno_addr$intlibspace              0x08010371   Thumb Code     0  rt_errno_addr_intlibspace.o(.text)
    _ll_udiv10                               0x08010379   Thumb Code   138  lludiv10.o(.text)
    _printf_fp_infnan                        0x08010405   Thumb Code   112  _printf_fp_infnan.o(.text)
    _printf_lcs_common                       0x08010485   Thumb Code    20  _printf_wchar.o(.text)
    _printf_wchar                            0x08010499   Thumb Code    16  _printf_wchar.o(.text)
    _printf_wstring                          0x080104a9   Thumb Code     8  _printf_wchar.o(.text)
    _btod_etento                             0x080104b1   Thumb Code   216  bigflt0.o(.text)
    ferror                                   0x0801058d   Thumb Code     8  ferror.o(.text)
    _wcrtomb                                 0x08010595   Thumb Code    64  _wcrtomb.o(.text)
    __user_libspace                          0x080105d5   Thumb Code     8  libspace.o(.text)
    __user_perproc_libspace                  0x080105d5   Thumb Code     0  libspace.o(.text)
    __user_perthread_libspace                0x080105d5   Thumb Code     0  libspace.o(.text)
    __user_setup_stackheap                   0x080105dd   Thumb Code    74  sys_stackheap_outer.o(.text)
    __rt_ctype_table                         0x08010629   Thumb Code    16  rt_ctype_table.o(.text)
    exit                                     0x08010639   Thumb Code    12  exit.o(.text)
    _btod_d2e                                0x08010645   Thumb Code    62  btod.o(CL$$btod_d2e)
    _d2e_denorm_low                          0x08010683   Thumb Code    70  btod.o(CL$$btod_d2e_denorm_low)
    _d2e_norm_op1                            0x080106c9   Thumb Code    96  btod.o(CL$$btod_d2e_norm_op1)
    __btod_div_common                        0x08010729   Thumb Code   696  btod.o(CL$$btod_div_common)
    _e2e                                     0x08010a61   Thumb Code   198  btod.o(CL$$btod_e2e)
    _btod_ediv                               0x08010b27   Thumb Code    40  btod.o(CL$$btod_ediv)
    _btod_emul                               0x08010b4f   Thumb Code    40  btod.o(CL$$btod_emul)
    __btod_mult_common                       0x08010b77   Thumb Code   580  btod.o(CL$$btod_mult_common)
    __ARM_fpclassify                         0x08010dbb   Thumb Code    40  fpclassify.o(i.__ARM_fpclassify)
    _is_digit                                0x08010de3   Thumb Code    14  __printf_wp.o(i._is_digit)
    sqrt                                     0x08010df1   Thumb Code    76  sqrt.o(i.sqrt)
    _get_lc_numeric                          0x08010e3d   Thumb Code    44  lc_numeric_c.o(locale$$code)
    _get_lc_ctype                            0x08010e69   Thumb Code    44  lc_ctype_c.o(locale$$code)
    __aeabi_d2f                              0x08010e95   Thumb Code     0  d2f.o(x$fpl$d2f)
    _d2f                                     0x08010e95   Thumb Code    98  d2f.o(x$fpl$d2f)
    __aeabi_dadd                             0x08010ef9   Thumb Code     0  daddsub_clz.o(x$fpl$dadd)
    _dadd                                    0x08010ef9   Thumb Code   332  daddsub_clz.o(x$fpl$dadd)
    __fpl_dcmp_Inf                           0x08011049   Thumb Code    24  dcmpi.o(x$fpl$dcmpinf)
    __aeabi_ddiv                             0x08011061   Thumb Code     0  ddiv.o(x$fpl$ddiv)
    _ddiv                                    0x08011061   Thumb Code   552  ddiv.o(x$fpl$ddiv)
    __aeabi_d2uiz                            0x08011311   Thumb Code     0  dfixu.o(x$fpl$dfixu)
    _dfixu                                   0x08011311   Thumb Code    90  dfixu.o(x$fpl$dfixu)
    __aeabi_i2d                              0x0801136b   Thumb Code     0  dflt_clz.o(x$fpl$dflt)
    _dflt                                    0x0801136b   Thumb Code    46  dflt_clz.o(x$fpl$dflt)
    __aeabi_ui2d                             0x08011399   Thumb Code     0  dflt_clz.o(x$fpl$dfltu)
    _dfltu                                   0x08011399   Thumb Code    38  dflt_clz.o(x$fpl$dfltu)
    __aeabi_cdcmple                          0x080113c1   Thumb Code     0  dleqf.o(x$fpl$dleqf)
    _dcmple                                  0x080113c1   Thumb Code   120  dleqf.o(x$fpl$dleqf)
    __fpl_dcmple_InfNaN                      0x08011423   Thumb Code     0  dleqf.o(x$fpl$dleqf)
    __aeabi_dmul                             0x08011439   Thumb Code     0  dmul.o(x$fpl$dmul)
    _dmul                                    0x08011439   Thumb Code   332  dmul.o(x$fpl$dmul)
    __fpl_dnaninf                            0x0801158d   Thumb Code   156  dnaninf.o(x$fpl$dnaninf)
    __fpl_dretinf                            0x08011629   Thumb Code    12  dretinf.o(x$fpl$dretinf)
    __aeabi_cdrcmple                         0x08011635   Thumb Code     0  drleqf.o(x$fpl$drleqf)
    _drcmple                                 0x08011635   Thumb Code   108  drleqf.o(x$fpl$drleqf)
    __aeabi_drsub                            0x080116a1   Thumb Code     0  daddsub_clz.o(x$fpl$drsb)
    _drsb                                    0x080116a1   Thumb Code    22  daddsub_clz.o(x$fpl$drsb)
    _dsqrt                                   0x080116b9   Thumb Code   456  dsqrt_noumaal.o(x$fpl$dsqrt)
    __aeabi_dsub                             0x08011885   Thumb Code     0  daddsub_clz.o(x$fpl$dsub)
    _dsub                                    0x08011885   Thumb Code   464  daddsub_clz.o(x$fpl$dsub)
    __aeabi_f2d                              0x08011a59   Thumb Code     0  f2d.o(x$fpl$f2d)
    _f2d                                     0x08011a59   Thumb Code    86  f2d.o(x$fpl$f2d)
    __aeabi_fadd                             0x08011ab1   Thumb Code     0  faddsub_clz.o(x$fpl$fadd)
    _fadd                                    0x08011ab1   Thumb Code   196  faddsub_clz.o(x$fpl$fadd)
    __aeabi_fdiv                             0x08011b75   Thumb Code     0  fdiv.o(x$fpl$fdiv)
    _fdiv                                    0x08011b75   Thumb Code   384  fdiv.o(x$fpl$fdiv)
    __aeabi_f2iz                             0x08011cf9   Thumb Code     0  ffix.o(x$fpl$ffix)
    _ffix                                    0x08011cf9   Thumb Code    54  ffix.o(x$fpl$ffix)
    __aeabi_f2uiz                            0x08011d31   Thumb Code     0  ffixu.o(x$fpl$ffixu)
    _ffixu                                   0x08011d31   Thumb Code    62  ffixu.o(x$fpl$ffixu)
    __aeabi_i2f                              0x08011d71   Thumb Code     0  fflt_clz.o(x$fpl$fflt)
    _fflt                                    0x08011d71   Thumb Code    48  fflt_clz.o(x$fpl$fflt)
    __aeabi_ui2f                             0x08011da1   Thumb Code     0  fflt_clz.o(x$fpl$ffltu)
    _ffltu                                   0x08011da1   Thumb Code    38  fflt_clz.o(x$fpl$ffltu)
    __aeabi_fmul                             0x08011dc9   Thumb Code     0  fmul.o(x$fpl$fmul)
    _fmul                                    0x08011dc9   Thumb Code   258  fmul.o(x$fpl$fmul)
    __fpl_fnaninf                            0x08011ecb   Thumb Code   140  fnaninf.o(x$fpl$fnaninf)
    __fpl_fretinf                            0x08011f57   Thumb Code    10  fretinf.o(x$fpl$fretinf)
    __aeabi_frsub                            0x08011f61   Thumb Code     0  faddsub_clz.o(x$fpl$frsb)
    _frsb                                    0x08011f61   Thumb Code    20  faddsub_clz.o(x$fpl$frsb)
    __aeabi_fsub                             0x08011f75   Thumb Code     0  faddsub_clz.o(x$fpl$fsub)
    _fsub                                    0x08011f75   Thumb Code   234  faddsub_clz.o(x$fpl$fsub)
    _printf_fp_dec                           0x0801205f   Thumb Code     4  printf1.o(x$fpl$printf1)
    __I$use$fp                               0x08012062   Number         0  usenofp.o(x$fpl$usenofp)
    asc2_1206                                0x08012062   Data        1140  ili93xx.o(.constdata)
    asc2_1608                                0x080124d6   Data        1520  ili93xx.o(.constdata)
    asc2_2412                                0x08012ac6   Data        3420  ili93xx.o(.constdata)
    OTT_TPX_TBL                              0x08013822   Data          10  ott2001a.o(.constdata)
    TP_REMIND_MSG_TBL                        0x0801382c   Data           4  touch.o(.constdata)
    GT9147_CFG_TBL                           0x08013830   Data         184  gt9147.o(.constdata)
    GT9147_TPX_TBL                           0x080138e8   Data          10  gt9147.o(.constdata)
    FT5206_TPX_TBL                           0x080138f2   Data          10  ft5206.o(.constdata)
    table_week                               0x080138fc   Data          12  rtc.o(.constdata)
    mon_table                                0x08013908   Data          12  rtc.o(.constdata)
    memtblsize                               0x08013914   Data           8  malloc.o(.constdata)
    memblksize                               0x0801391c   Data           8  malloc.o(.constdata)
    memsize                                  0x08013924   Data           8  malloc.o(.constdata)
    Region$$Table$$Base                      0x08017b00   Number         0  anon$$obj.o(Region$$Table)
    Region$$Table$$Limit                     0x08017b20   Number         0  anon$$obj.o(Region$$Table)
    __ctype                                  0x08017b49   Data           0  lc_ctype_c.o(locale$$data)
    Task_Delay                               0x20000000   Data           8  stm32f10x_it.o(.data)
    __stdout                                 0x2000000c   Data           4  usart.o(.data)
    USART_RX_STA                             0x20000010   Data           2  usart.o(.data)
    SystemCoreClock                          0x20000014   Data           4  system_stm32f10x.o(.data)
    AHBPrescTable                            0x20000018   Data          16  system_stm32f10x.o(.data)
    POINT_COLOR                              0x2000002a   Data           2  ili93xx.o(.data)
    BACK_COLOR                               0x2000002c   Data           2  ili93xx.o(.data)
    TransferError                            0x2000003a   Data           1  sdio_sdcard.o(.data)
    TransferEnd                              0x2000003b   Data           1  sdio_sdcard.o(.data)
    tempbuff                                 0x2000003c   Data           4  sdio_sdcard.o(.data)
    USART3_RX_STA                            0x20000042   Data           2  usart3.o(.data)
    W25QXX_TYPE                              0x20000044   Data           2  w25qxx.o(.data)
    tp_dev                                   0x20000048   Data          52  touch.o(.data)
    CMD_RDX                                  0x2000007c   Data           1  touch.o(.data)
    CMD_RDY                                  0x2000007d   Data           1  touch.o(.data)
    TIM5CH1_CAPTURE_STA                      0x20000080   Data           1  timer.o(.data)
    TIM5CH1_CAPTURE_VAL                      0x20000082   Data           2  timer.o(.data)
    sys_cmd_tab                              0x2000008c   Data          28  usmart.o(.data)
    usmart_nametab                           0x200000a8   Data          32  usmart_config.o(.data)
    usmart_dev                               0x200000c8   Data         244  usmart_config.o(.data)
    mallco_dev                               0x200001bc   Data          28  malloc.o(.data)
    portnum                                  0x200001d8   Data           4  common.o(.data)
    wifista_ssid                             0x200001dc   Data           4  common.o(.data)
    wifista_encryption                       0x200001e0   Data           4  common.o(.data)
    wifista_password                         0x200001e4   Data           4  common.o(.data)
    wifiap_ssid                              0x200001e8   Data           4  common.o(.data)
    wifiap_encryption                        0x200001ec   Data           4  common.o(.data)
    wifiap_password                          0x200001f0   Data           4  common.o(.data)
    ATK_ESP8266_CWMODE_TBL                   0x200001f4   Data          12  common.o(.data)
    ATK_ESP8266_WORKMODE_TBL                 0x20000200   Data          12  common.o(.data)
    ATK_ESP8266_ECN_TBL                      0x2000020c   Data          20  common.o(.data)
    kbd_tbl                                  0x20000220   Data          52  common.o(.data)
    kbd_fn_tbl                               0x20000254   Data           8  common.o(.data)
    netpro                                   0x2000025d   Data           1  wifista.o(.data)
    USART_RX_BUF                             0x20000274   Data         200  usart.o(.bss)
    lcddev                                   0x2000033c   Data          14  ili93xx.o(.bss)
    SDCardInfo                               0x20000370   Data          88  sdio_sdcard.o(.bss)
    SDIO_DATA_BUFFER                         0x200003c8   Data         512  sdio_sdcard.o(.bss)
    USART3_RX_BUF                            0x200005c8   Data        8000  usart3.o(.bss)
    USART3_TX_BUF                            0x20002508   Data         800  usart3.o(.bss)
    W25QXX_BUFFER                            0x20002828   Data        4096  w25qxx.o(.bss)
    calendar                                 0x20003828   Data          12  rtc.o(.bss)
    mem1base                                 0x20003840   Data       40960  malloc.o(.bss)
    mem1mapbase                              0x2000d840   Data        2560  malloc.o(.bss)
    ftinfo                                   0x2000e240   Data          33  fontupd.o(.bss)
    __libspace_start                         0x2000e264   Data          96  libspace.o(.bss)
    __temporary_stack_top$libspace           0x2000e2c4   Data           0  libspace.o(.bss)
    mem2base                                 0x68000000   Data          32  malloc.o(.ARM.__AT_0x68000000)
    mem2mapbase                              0x68000020   Data           2  malloc.o(.ARM.__AT_0x68000020)



==============================================================================

Memory Map of the image

  Image Entry point : 0x08000131

  Load Region LR_IROM1 (Base: 0x08000000, Size: 0x00017ec0, Max: 0x00080000, ABSOLUTE, COMPRESSED[0x00017d44])

    Execution Region ER_IROM1 (Base: 0x08000000, Size: 0x00017c4c, Max: 0x00080000, ABSOLUTE)

    Base Addr    Size         Type   Attr      Idx    E Section Name        Object

    0x08000000   0x00000130   Data   RO            3    RESET               startup_stm32f10x_hd.o
    0x08000130   0x00000008   Code   RO         1114  * !!!main             c_w.l(__main.o)
    0x08000138   0x00000034   Code   RO         1472    !!!scatter          c_w.l(__scatter.o)
    0x0800016c   0x0000005a   Code   RO         1470    !!dczerorl2         c_w.l(__dczerorl2.o)
    0x080001c6   0x00000002   PAD
    0x080001c8   0x0000001c   Code   RO         1474    !!handler_zi        c_w.l(__scatter_zi.o)
    0x080001e4   0x00000000   Code   RO         1097    .ARM.Collect$$_printf_percent$$00000000  c_w.l(_printf_percent.o)
    0x080001e4   0x00000006   Code   RO         1218    .ARM.Collect$$_printf_percent$$00000001  c_w.l(_printf_n.o)
    0x080001ea   0x00000006   Code   RO         1219    .ARM.Collect$$_printf_percent$$00000002  c_w.l(_printf_p.o)
    0x080001f0   0x00000006   Code   RO         1096    .ARM.Collect$$_printf_percent$$00000003  c_w.l(_printf_f.o)
    0x080001f6   0x00000006   Code   RO         1222    .ARM.Collect$$_printf_percent$$00000004  c_w.l(_printf_e.o)
    0x080001fc   0x00000006   Code   RO         1223    .ARM.Collect$$_printf_percent$$00000005  c_w.l(_printf_g.o)
    0x08000202   0x00000006   Code   RO         1224    .ARM.Collect$$_printf_percent$$00000006  c_w.l(_printf_a.o)
    0x08000208   0x0000000a   Code   RO         1229    .ARM.Collect$$_printf_percent$$00000007  c_w.l(_printf_ll.o)
    0x08000212   0x00000006   Code   RO         1221    .ARM.Collect$$_printf_percent$$00000008  c_w.l(_printf_i.o)
    0x08000218   0x00000006   Code   RO         1094    .ARM.Collect$$_printf_percent$$00000009  c_w.l(_printf_d.o)
    0x0800021e   0x00000006   Code   RO         1095    .ARM.Collect$$_printf_percent$$0000000A  c_w.l(_printf_u.o)
    0x08000224   0x00000006   Code   RO         1220    .ARM.Collect$$_printf_percent$$0000000B  c_w.l(_printf_o.o)
    0x0800022a   0x00000006   Code   RO         1093    .ARM.Collect$$_printf_percent$$0000000C  c_w.l(_printf_x.o)
    0x08000230   0x00000006   Code   RO         1226    .ARM.Collect$$_printf_percent$$0000000D  c_w.l(_printf_lli.o)
    0x08000236   0x00000006   Code   RO         1227    .ARM.Collect$$_printf_percent$$0000000E  c_w.l(_printf_lld.o)
    0x0800023c   0x00000006   Code   RO         1228    .ARM.Collect$$_printf_percent$$0000000F  c_w.l(_printf_llu.o)
    0x08000242   0x00000006   Code   RO         1233    .ARM.Collect$$_printf_percent$$00000010  c_w.l(_printf_llo.o)
    0x08000248   0x00000006   Code   RO         1234    .ARM.Collect$$_printf_percent$$00000011  c_w.l(_printf_llx.o)
    0x0800024e   0x0000000a   Code   RO         1230    .ARM.Collect$$_printf_percent$$00000012  c_w.l(_printf_l.o)
    0x08000258   0x00000006   Code   RO         1091    .ARM.Collect$$_printf_percent$$00000013  c_w.l(_printf_c.o)
    0x0800025e   0x00000006   Code   RO         1092    .ARM.Collect$$_printf_percent$$00000014  c_w.l(_printf_s.o)
    0x08000264   0x00000006   Code   RO         1231    .ARM.Collect$$_printf_percent$$00000015  c_w.l(_printf_lc.o)
    0x0800026a   0x00000006   Code   RO         1232    .ARM.Collect$$_printf_percent$$00000016  c_w.l(_printf_ls.o)
    0x08000270   0x00000004   Code   RO         1225    .ARM.Collect$$_printf_percent$$00000017  c_w.l(_printf_percent_end.o)
    0x08000274   0x00000002   Code   RO         1341    .ARM.Collect$$libinit$$00000000  c_w.l(libinit.o)
    0x08000276   0x00000000   Code   RO         1343    .ARM.Collect$$libinit$$00000002  c_w.l(libinit2.o)
    0x08000276   0x00000000   Code   RO         1345    .ARM.Collect$$libinit$$00000004  c_w.l(libinit2.o)
    0x08000276   0x00000000   Code   RO         1348    .ARM.Collect$$libinit$$0000000A  c_w.l(libinit2.o)
    0x08000276   0x00000000   Code   RO         1350    .ARM.Collect$$libinit$$0000000C  c_w.l(libinit2.o)
    0x08000276   0x00000000   Code   RO         1352    .ARM.Collect$$libinit$$0000000E  c_w.l(libinit2.o)
    0x08000276   0x00000006   Code   RO         1353    .ARM.Collect$$libinit$$0000000F  c_w.l(libinit2.o)
    0x0800027c   0x00000000   Code   RO         1355    .ARM.Collect$$libinit$$00000011  c_w.l(libinit2.o)
    0x0800027c   0x0000000c   Code   RO         1356    .ARM.Collect$$libinit$$00000012  c_w.l(libinit2.o)
    0x08000288   0x00000000   Code   RO         1357    .ARM.Collect$$libinit$$00000013  c_w.l(libinit2.o)
    0x08000288   0x00000000   Code   RO         1359    .ARM.Collect$$libinit$$00000015  c_w.l(libinit2.o)
    0x08000288   0x0000000a   Code   RO         1360    .ARM.Collect$$libinit$$00000016  c_w.l(libinit2.o)
    0x08000292   0x00000000   Code   RO         1361    .ARM.Collect$$libinit$$00000017  c_w.l(libinit2.o)
    0x08000292   0x00000000   Code   RO         1363    .ARM.Collect$$libinit$$00000019  c_w.l(libinit2.o)
    0x08000292   0x00000000   Code   RO         1365    .ARM.Collect$$libinit$$0000001B  c_w.l(libinit2.o)
    0x08000292   0x00000000   Code   RO         1367    .ARM.Collect$$libinit$$0000001D  c_w.l(libinit2.o)
    0x08000292   0x00000000   Code   RO         1369    .ARM.Collect$$libinit$$0000001F  c_w.l(libinit2.o)
    0x08000292   0x00000000   Code   RO         1371    .ARM.Collect$$libinit$$00000021  c_w.l(libinit2.o)
    0x08000292   0x00000000   Code   RO         1373    .ARM.Collect$$libinit$$00000023  c_w.l(libinit2.o)
    0x08000292   0x00000000   Code   RO         1375    .ARM.Collect$$libinit$$00000025  c_w.l(libinit2.o)
    0x08000292   0x00000000   Code   RO         1379    .ARM.Collect$$libinit$$0000002C  c_w.l(libinit2.o)
    0x08000292   0x00000000   Code   RO         1381    .ARM.Collect$$libinit$$0000002E  c_w.l(libinit2.o)
    0x08000292   0x00000000   Code   RO         1383    .ARM.Collect$$libinit$$00000030  c_w.l(libinit2.o)
    0x08000292   0x00000000   Code   RO         1385    .ARM.Collect$$libinit$$00000032  c_w.l(libinit2.o)
    0x08000292   0x00000002   Code   RO         1386    .ARM.Collect$$libinit$$00000033  c_w.l(libinit2.o)
    0x08000294   0x00000002   Code   RO         1431    .ARM.Collect$$libshutdown$$00000000  c_w.l(libshutdown.o)
    0x08000296   0x00000000   Code   RO         1441    .ARM.Collect$$libshutdown$$00000003  c_w.l(libshutdown2.o)
    0x08000296   0x00000000   Code   RO         1444    .ARM.Collect$$libshutdown$$00000006  c_w.l(libshutdown2.o)
    0x08000296   0x00000000   Code   RO         1447    .ARM.Collect$$libshutdown$$00000009  c_w.l(libshutdown2.o)
    0x08000296   0x00000000   Code   RO         1449    .ARM.Collect$$libshutdown$$0000000B  c_w.l(libshutdown2.o)
    0x08000296   0x00000000   Code   RO         1452    .ARM.Collect$$libshutdown$$0000000E  c_w.l(libshutdown2.o)
    0x08000296   0x00000002   Code   RO         1453    .ARM.Collect$$libshutdown$$0000000F  c_w.l(libshutdown2.o)
    0x08000298   0x00000000   Code   RO         1186    .ARM.Collect$$rtentry$$00000000  c_w.l(__rtentry.o)
    0x08000298   0x00000000   Code   RO         1251    .ARM.Collect$$rtentry$$00000002  c_w.l(__rtentry2.o)
    0x08000298   0x00000006   Code   RO         1263    .ARM.Collect$$rtentry$$00000004  c_w.l(__rtentry4.o)
    0x0800029e   0x00000000   Code   RO         1253    .ARM.Collect$$rtentry$$00000009  c_w.l(__rtentry2.o)
    0x0800029e   0x00000004   Code   RO         1254    .ARM.Collect$$rtentry$$0000000A  c_w.l(__rtentry2.o)
    0x080002a2   0x00000000   Code   RO         1256    .ARM.Collect$$rtentry$$0000000C  c_w.l(__rtentry2.o)
    0x080002a2   0x00000008   Code   RO         1257    .ARM.Collect$$rtentry$$0000000D  c_w.l(__rtentry2.o)
    0x080002aa   0x00000002   Code   RO         1387    .ARM.Collect$$rtexit$$00000000  c_w.l(rtexit.o)
    0x080002ac   0x00000000   Code   RO         1401    .ARM.Collect$$rtexit$$00000002  c_w.l(rtexit2.o)
    0x080002ac   0x00000004   Code   RO         1402    .ARM.Collect$$rtexit$$00000003  c_w.l(rtexit2.o)
    0x080002b0   0x00000006   Code   RO         1403    .ARM.Collect$$rtexit$$00000004  c_w.l(rtexit2.o)
    0x080002b6   0x00000002   PAD
    0x080002b8   0x00000034   Code   RO            4    .text               startup_stm32f10x_hd.o
    0x080002ec   0x0000007c   Code   RO           10    .text               main.o
    0x08000368   0x00000040   Code   RO          210    .text               stm32f10x_it.o
    0x080003a8   0x000000b0   Code   RO          228    .text               delay.o
    0x08000458   0x000002c8   Code   RO          243    .text               sys.o
    0x08000720   0x00000178   Code   RO          258    .text               usart.o
    0x08000898   0x00000124   Code   RO          318    .text               24cxx.o
    0x080009bc   0x00000268   Code   RO          336    .text               myiic.o
    0x08000c24   0x000000e4   Code   RO          348    .text               key.o
    0x08000d08   0x00004aba   Code   RO          361    .text               ili93xx.o
    0x080057c2   0x00000002   PAD
    0x080057c4   0x00001a38   Code   RO          403    .text               sdio_sdcard.o
    0x080071fc   0x00000134   Code   RO          429    .text               spi.o
    0x08007330   0x00000288   Code   RO          444    .text               ctiic.o
    0x080075b8   0x00000358   Code   RO          459    .text               ott2001a.o
    0x08007910   0x00000168   Code   RO          475    .text               usart3.o
    0x08007a78   0x00000360   Code   RO          504    .text               w25qxx.o
    0x08007dd8   0x00000f94   Code   RO          523    .text               touch.o
    0x08008d6c   0x00000448   Code   RO          547    .text               gt9147.o
    0x080091b4   0x00000320   Code   RO          563    .text               ft5206.o
    0x080094d4   0x0000031c   Code   RO          579    .text               timer.o
    0x080097f0   0x00000618   Code   RO          595    .text               rtc.o
    0x08009e08   0x00000078   Code   RO          615    .text               bsp_systick.o
    0x08009e80   0x00000194   Code   RO          631    .text               mpu6050.o
    0x0800a014   0x0000036c   Code   RO          662    .text               bsp_i2c.o
    0x0800a380   0x00000c3c   Code   RO          688    .text               usmart.o
    0x0800afbc   0x00000570   Code   RO          717    .text               usmart_str.o
    0x0800b52c   0x0000022c   Code   RO          729    .text               malloc.o
    0x0800b758   0x000002d4   Code   RO          868    .text               text.o
    0x0800ba2c   0x000008a4   Code   RO          880    .text               apsta.o
    0x0800c2d0   0x00001728   Code   RO          892    .text               common.o
    0x0800d9f8   0x000007ec   Code   RO          913    .text               wifiap.o
    0x0800e1e4   0x0000085c   Code   RO          925    .text               wifista.o
    0x0800ea40   0x00000148   Code   RO          940    .text               stm32f10x_rtc.o
    0x0800eb88   0x0000035c   Code   RO          952    .text               stm32f10x_gpio.o
    0x0800eee4   0x00000404   Code   RO          964    .text               stm32f10x_i2c.o
    0x0800f2e8   0x000003a4   Code   RO         1012    .text               stm32f10x_rcc.o
    0x0800f68c   0x00000002   Code   RO         1028    .text               c_w.l(use_no_semi_2.o)
    0x0800f68e   0x00000002   PAD
    0x0800f690   0x00000024   Code   RO         1032    .text               c_w.l(c89vsprintf.o)
    0x0800f6b4   0x00000018   Code   RO         1034    .text               c_w.l(__2printf.o)
    0x0800f6cc   0x0000002c   Code   RO         1036    .text               c_w.l(__2sprintf.o)
    0x0800f6f8   0x0000004e   Code   RO         1044    .text               c_w.l(_printf_pad.o)
    0x0800f746   0x00000052   Code   RO         1046    .text               c_w.l(_printf_str.o)
    0x0800f798   0x00000078   Code   RO         1048    .text               c_w.l(_printf_dec.o)
    0x0800f810   0x00000094   Code   RO         1068    .text               c_w.l(_printf_hex_int_ll_ptr.o)
    0x0800f8a4   0x00000188   Code   RO         1088    .text               c_w.l(__printf_flags_ss_wp.o)
    0x0800fa2c   0x00000024   Code   RO         1098    .text               c_w.l(strstr.o)
    0x0800fa50   0x0000003e   Code   RO         1102    .text               c_w.l(strlen.o)
    0x0800fa8e   0x0000008a   Code   RO         1106    .text               c_w.l(rt_memcpy_v6.o)
    0x0800fb18   0x00000064   Code   RO         1108    .text               c_w.l(rt_memcpy_w.o)
    0x0800fb7c   0x00000080   Code   RO         1110    .text               c_w.l(strcmpv7m.o)
    0x0800fbfc   0x00000006   Code   RO         1112    .text               c_w.l(heapauxi.o)
    0x0800fc02   0x00000002   Code   RO         1184    .text               c_w.l(use_no_semi.o)
    0x0800fc04   0x00000016   Code   RO         1189    .text               c_w.l(_rserrno.o)
    0x0800fc1a   0x00000024   Code   RO         1191    .text               c_w.l(_printf_truncate.o)
    0x0800fc3e   0x000000b2   Code   RO         1193    .text               c_w.l(_printf_intcommon.o)
    0x0800fcf0   0x00000028   Code   RO         1195    .text               c_w.l(_printf_charcount.o)
    0x0800fd18   0x0000041a   Code   RO         1197    .text               c_w.l(_printf_fp_dec.o)
    0x08010132   0x00000002   PAD
    0x08010134   0x00000030   Code   RO         1199    .text               c_w.l(_printf_char_common.o)
    0x08010164   0x0000000a   Code   RO         1201    .text               c_w.l(_sputc.o)
    0x0801016e   0x0000002c   Code   RO         1203    .text               c_w.l(_printf_char.o)
    0x0801019a   0x00000002   PAD
    0x0801019c   0x00000024   Code   RO         1205    .text               c_w.l(_printf_char_file.o)
    0x080101c0   0x000000bc   Code   RO         1207    .text               c_w.l(_printf_wctomb.o)
    0x0801027c   0x0000007c   Code   RO         1210    .text               c_w.l(_printf_longlong_dec.o)
    0x080102f8   0x00000070   Code   RO         1216    .text               c_w.l(_printf_oct_int_ll.o)
    0x08010368   0x00000008   Code   RO         1272    .text               c_w.l(rt_locale_intlibspace.o)
    0x08010370   0x00000008   Code   RO         1277    .text               c_w.l(rt_errno_addr_intlibspace.o)
    0x08010378   0x0000008a   Code   RO         1279    .text               c_w.l(lludiv10.o)
    0x08010402   0x00000002   PAD
    0x08010404   0x00000080   Code   RO         1281    .text               c_w.l(_printf_fp_infnan.o)
    0x08010484   0x0000002c   Code   RO         1285    .text               c_w.l(_printf_wchar.o)
    0x080104b0   0x000000dc   Code   RO         1287    .text               c_w.l(bigflt0.o)
    0x0801058c   0x00000008   Code   RO         1312    .text               c_w.l(ferror.o)
    0x08010594   0x00000040   Code   RO         1316    .text               c_w.l(_wcrtomb.o)
    0x080105d4   0x00000008   Code   RO         1325    .text               c_w.l(libspace.o)
    0x080105dc   0x0000004a   Code   RO         1328    .text               c_w.l(sys_stackheap_outer.o)
    0x08010626   0x00000002   PAD
    0x08010628   0x00000010   Code   RO         1330    .text               c_w.l(rt_ctype_table.o)
    0x08010638   0x0000000c   Code   RO         1334    .text               c_w.l(exit.o)
    0x08010644   0x0000003e   Code   RO         1290    CL$$btod_d2e        c_w.l(btod.o)
    0x08010682   0x00000046   Code   RO         1292    CL$$btod_d2e_denorm_low  c_w.l(btod.o)
    0x080106c8   0x00000060   Code   RO         1291    CL$$btod_d2e_norm_op1  c_w.l(btod.o)
    0x08010728   0x00000338   Code   RO         1300    CL$$btod_div_common  c_w.l(btod.o)
    0x08010a60   0x000000c6   Code   RO         1297    CL$$btod_e2e        c_w.l(btod.o)
    0x08010b26   0x00000028   Code   RO         1294    CL$$btod_ediv       c_w.l(btod.o)
    0x08010b4e   0x00000028   Code   RO         1293    CL$$btod_emul       c_w.l(btod.o)
    0x08010b76   0x00000244   Code   RO         1299    CL$$btod_mult_common  c_w.l(btod.o)
    0x08010dba   0x00000028   Code   RO         1323    i.__ARM_fpclassify  m_ws.l(fpclassify.o)
    0x08010de2   0x0000000e   Code   RO         1081    i._is_digit         c_w.l(__printf_wp.o)
    0x08010df0   0x0000004c   Code   RO         1177    i.sqrt              m_ws.l(sqrt.o)
    0x08010e3c   0x0000002c   Code   RO         1319    locale$$code        c_w.l(lc_numeric_c.o)
    0x08010e68   0x0000002c   Code   RO         1390    locale$$code        c_w.l(lc_ctype_c.o)
    0x08010e94   0x00000062   Code   RO         1116    x$fpl$d2f           fz_ws.l(d2f.o)
    0x08010ef6   0x00000002   PAD
    0x08010ef8   0x00000150   Code   RO         1118    x$fpl$dadd          fz_ws.l(daddsub_clz.o)
    0x08011048   0x00000018   Code   RO         1235    x$fpl$dcmpinf       fz_ws.l(dcmpi.o)
    0x08011060   0x000002b0   Code   RO         1125    x$fpl$ddiv          fz_ws.l(ddiv.o)
    0x08011310   0x0000005a   Code   RO         1128    x$fpl$dfixu         fz_ws.l(dfixu.o)
    0x0801136a   0x0000002e   Code   RO         1133    x$fpl$dflt          fz_ws.l(dflt_clz.o)
    0x08011398   0x00000026   Code   RO         1132    x$fpl$dfltu         fz_ws.l(dflt_clz.o)
    0x080113be   0x00000002   PAD
    0x080113c0   0x00000078   Code   RO         1138    x$fpl$dleqf         fz_ws.l(dleqf.o)
    0x08011438   0x00000154   Code   RO         1140    x$fpl$dmul          fz_ws.l(dmul.o)
    0x0801158c   0x0000009c   Code   RO         1237    x$fpl$dnaninf       fz_ws.l(dnaninf.o)
    0x08011628   0x0000000c   Code   RO         1239    x$fpl$dretinf       fz_ws.l(dretinf.o)
    0x08011634   0x0000006c   Code   RO         1142    x$fpl$drleqf        fz_ws.l(drleqf.o)
    0x080116a0   0x00000016   Code   RO         1119    x$fpl$drsb          fz_ws.l(daddsub_clz.o)
    0x080116b6   0x00000002   PAD
    0x080116b8   0x000001cc   Code   RO         1241    x$fpl$dsqrt         fz_ws.l(dsqrt_noumaal.o)
    0x08011884   0x000001d4   Code   RO         1120    x$fpl$dsub          fz_ws.l(daddsub_clz.o)
    0x08011a58   0x00000056   Code   RO         1144    x$fpl$f2d           fz_ws.l(f2d.o)
    0x08011aae   0x00000002   PAD
    0x08011ab0   0x000000c4   Code   RO         1146    x$fpl$fadd          fz_ws.l(faddsub_clz.o)
    0x08011b74   0x00000184   Code   RO         1153    x$fpl$fdiv          fz_ws.l(fdiv.o)
    0x08011cf8   0x00000036   Code   RO         1158    x$fpl$ffix          fz_ws.l(ffix.o)
    0x08011d2e   0x00000002   PAD
    0x08011d30   0x0000003e   Code   RO         1162    x$fpl$ffixu         fz_ws.l(ffixu.o)
    0x08011d6e   0x00000002   PAD
    0x08011d70   0x00000030   Code   RO         1167    x$fpl$fflt          fz_ws.l(fflt_clz.o)
    0x08011da0   0x00000026   Code   RO         1166    x$fpl$ffltu         fz_ws.l(fflt_clz.o)
    0x08011dc6   0x00000002   PAD
    0x08011dc8   0x00000102   Code   RO         1172    x$fpl$fmul          fz_ws.l(fmul.o)
    0x08011eca   0x0000008c   Code   RO         1245    x$fpl$fnaninf       fz_ws.l(fnaninf.o)
    0x08011f56   0x0000000a   Code   RO         1247    x$fpl$fretinf       fz_ws.l(fretinf.o)
    0x08011f60   0x00000014   Code   RO         1147    x$fpl$frsb          fz_ws.l(faddsub_clz.o)
    0x08011f74   0x000000ea   Code   RO         1148    x$fpl$fsub          fz_ws.l(faddsub_clz.o)
    0x0801205e   0x00000004   Code   RO         1174    x$fpl$printf1       fz_ws.l(printf1.o)
    0x08012062   0x00000000   Code   RO         1249    x$fpl$usenofp       fz_ws.l(usenofp.o)
    0x08012062   0x000017c0   Data   RO          363    .constdata          ili93xx.o
    0x08013822   0x0000000a   Data   RO          460    .constdata          ott2001a.o
    0x0801382c   0x00000004   Data   RO          524    .constdata          touch.o
    0x08013830   0x000000c2   Data   RO          548    .constdata          gt9147.o
    0x080138f2   0x0000000a   Data   RO          564    .constdata          ft5206.o
    0x080138fc   0x00000018   Data   RO          597    .constdata          rtc.o
    0x08013914   0x00000018   Data   RO          733    .constdata          malloc.o
    0x0801392c   0x00003e80   Data   RO          893    .constdata          common.o
    0x080177ac   0x00000028   Data   RO         1069    .constdata          c_w.l(_printf_hex_int_ll_ptr.o)
    0x080177d4   0x00000011   Data   RO         1089    .constdata          c_w.l(__printf_flags_ss_wp.o)
    0x080177e5   0x00000003   PAD
    0x080177e8   0x00000008   Data   RO         1208    .constdata          c_w.l(_printf_wctomb.o)
    0x080177f0   0x00000094   Data   RO         1288    .constdata          c_w.l(bigflt0.o)
    0x08017884   0x00000079   Data   RO          525    .conststring        touch.o
    0x080178fd   0x00000003   PAD
    0x08017900   0x00000059   Data   RO          632    .conststring        mpu6050.o
    0x08017959   0x00000003   PAD
    0x0801795c   0x00000028   Data   RO          689    .conststring        usmart.o
    0x08017984   0x00000090   Data   RO          704    .conststring        usmart_config.o
    0x08017a14   0x000000ea   Data   RO          894    .conststring        common.o
    0x08017afe   0x00000002   PAD
    0x08017b00   0x00000020   Data   RO         1468    Region$$Table       anon$$obj.o
    0x08017b20   0x0000001c   Data   RO         1318    locale$$data        c_w.l(lc_numeric_c.o)
    0x08017b3c   0x00000110   Data   RO         1389    locale$$data        c_w.l(lc_ctype_c.o)


    Execution Region RW_IRAM1 (Base: 0x20000000, Size: 0x0000e6c8, Max: 0x00010000, ABSOLUTE, COMPRESSED[0x000000f8])

    Base Addr    Size         Type   Attr      Idx    E Section Name        Object

    0x20000000   0x00000008   Data   RW          211    .data               stm32f10x_it.o
    0x20000008   0x00000004   Data   RW          229    .data               delay.o
    0x2000000c   0x00000006   Data   RW          260    .data               usart.o
    0x20000012   0x00000002   PAD
    0x20000014   0x00000014   Data   RW          282    .data               system_stm32f10x.o
    0x20000028   0x00000001   Data   RW          349    .data               key.o
    0x20000029   0x00000001   PAD
    0x2000002a   0x00000004   Data   RW          364    .data               ili93xx.o
    0x2000002e   0x00000002   PAD
    0x20000030   0x00000010   Data   RW          405    .data               sdio_sdcard.o
    0x20000040   0x00000001   Data   RW          461    .data               ott2001a.o
    0x20000041   0x00000001   PAD
    0x20000042   0x00000002   Data   RW          477    .data               usart3.o
    0x20000044   0x00000002   Data   RW          506    .data               w25qxx.o
    0x20000046   0x00000002   PAD
    0x20000048   0x00000036   Data   RW          526    .data               touch.o
    0x2000007e   0x00000001   Data   RW          549    .data               gt9147.o
    0x2000007f   0x00000001   Data   RW          565    .data               ft5206.o
    0x20000080   0x00000004   Data   RW          580    .data               timer.o
    0x20000084   0x00000002   Data   RW          598    .data               rtc.o
    0x20000086   0x00000002   PAD
    0x20000088   0x00000004   Data   RW          663    .data               bsp_i2c.o
    0x2000008c   0x0000001c   Data   RW          690    .data               usmart.o
    0x200000a8   0x00000114   Data   RW          705    .data               usmart_config.o
    0x200001bc   0x0000001c   Data   RW          734    .data               malloc.o
    0x200001d8   0x00000085   Data   RW          895    .data               common.o
    0x2000025d   0x00000001   Data   RW          926    .data               wifista.o
    0x2000025e   0x00000014   Data   RW         1013    .data               stm32f10x_rcc.o
    0x20000272   0x00000002   PAD
    0x20000274   0x000000c8   Zero   RW          259    .bss                usart.o
    0x2000033c   0x0000000e   Zero   RW          362    .bss                ili93xx.o
    0x2000034a   0x00000006   PAD
    0x20000350   0x00000278   Zero   RW          404    .bss                sdio_sdcard.o
    0x200005c8   0x00002260   Zero   RW          476    .bss                usart3.o
    0x20002828   0x00001000   Zero   RW          505    .bss                w25qxx.o
    0x20003828   0x0000000c   Zero   RW          596    .bss                rtc.o
    0x20003834   0x0000000c   PAD
    0x20003840   0x0000aa00   Zero   RW          732    .bss                malloc.o
    0x2000e240   0x00000021   Zero   RW          845    .bss                fontupd.o
    0x2000e261   0x00000003   PAD
    0x2000e264   0x00000060   Zero   RW         1326    .bss                c_w.l(libspace.o)
    0x2000e2c4   0x00000004   PAD
    0x2000e2c8   0x00000000   Zero   RW            2    HEAP                startup_stm32f10x_hd.o
    0x2000e2c8   0x00000400   Zero   RW            1    STACK               startup_stm32f10x_hd.o



  Load Region LR$$.ARM.__AT_0x68000000 (Base: 0x68000000, Size: 0x00000000, Max: 0x00000020, ABSOLUTE)

    Execution Region ER$$.ARM.__AT_0x68000000 (Base: 0x68000000, Size: 0x00000020, Max: 0x00000020, ABSOLUTE, UNINIT)

    Base Addr    Size         Type   Attr      Idx    E Section Name        Object

    0x68000000   0x00000020   Zero   RW          730    .ARM.__AT_0x68000000  malloc.o



  Load Region LR$$.ARM.__AT_0x68000020 (Base: 0x68000020, Size: 0x00000000, Max: 0x00000004, ABSOLUTE)

    Execution Region ER$$.ARM.__AT_0x68000020 (Base: 0x68000020, Size: 0x00000004, Max: 0x00000004, ABSOLUTE, UNINIT)

    Base Addr    Size         Type   Attr      Idx    E Section Name        Object

    0x68000020   0x00000002   Zero   RW          731    .ARM.__AT_0x68000020  malloc.o


==============================================================================

Image component sizes


      Code (inc. data)   RO Data    RW Data    ZI Data      Debug   Object Name

       292          0          0          0          0       2089   24cxx.o
      2212        748          0          0          0       1654   apsta.o
       876         66          0          4          0       2713   bsp_i2c.o
       120         12          0          0          0      15830   bsp_systick.o
      5928       1170      16234        133          0       9361   common.o
       648         28          0          0          0       2037   ctiic.o
       176          8          0          4          0       1051   delay.o
         0          0          0          0          0       2632   ff.o
         0          0          0          0         33       1533   fontupd.o
       800         40         10          1          0       2475   ft5206.o
      1096         78        194          1          0       2982   gt9147.o
     19130        180       6080          4         14      21650   ili93xx.o
       228         24          0          1          0        812   key.o
       124         40          0          0          0     233771   main.o
       556         18         24         28      43554       4592   malloc.o
       404         20         89          0          0       2081   mpu6050.o
       616         16          0          0          0       1860   myiic.o
       856         62         10          1          0       2599   ott2001a.o
      1560        138         24          2         12       4342   rtc.o
      6712        204          0         16        632      23837   sdio_sdcard.o
       308         16          0          0          0        945   spi.o
        52         18        304          0       1024        812   startup_stm32f10x_hd.o
       860         38          0          0          0       5665   stm32f10x_gpio.o
      1028         16          0          0          0       9159   stm32f10x_i2c.o
        64          4          0          8          0       1851   stm32f10x_it.o
       932         36          0         20          0       8848   stm32f10x_rcc.o
       328          4          0          0          0       2678   stm32f10x_rtc.o
       712         44          0          0          0       2624   sys.o
         0          0          0         20          0        680   system_stm32f10x.o
       724         16          0          0          0       3000   text.o
       796         44          0          4          0       2124   timer.o
      3988        228        125         54          0       6605   touch.o
       376         24          0          6        200       3210   usart.o
       360         32          0          2       8800       2494   usart3.o
      3132       1306         40         28          0       4218   usmart.o
         0          0        144        276          0       1592   usmart_config.o
      1392         12          0          0          0       5233   usmart_str.o
       864         34          0          2       4096       4301   w25qxx.o
      2028        590          0          0          0       1659   wifiap.o
      2140        638          0          1          0       1905   wifista.o

    ----------------------------------------------------------------------
     62420       5952      23318        628      58388     409504   Object Totals
         0          0         32          0          0          0   (incl. Generated)
         2          0          8         12         23          0   (incl. Padding)

    ----------------------------------------------------------------------

      Code (inc. data)   RO Data    RW Data    ZI Data      Debug   Library Member Name

        24          4          0          0          0         84   __2printf.o
        44          6          0          0          0         84   __2sprintf.o
        90          0          0          0          0          0   __dczerorl2.o
         8          0          0          0          0         68   __main.o
       392          4         17          0          0         92   __printf_flags_ss_wp.o
        14          0          0          0          0         68   __printf_wp.o
         0          0          0          0          0          0   __rtentry.o
        12          0          0          0          0          0   __rtentry2.o
         6          0          0          0          0          0   __rtentry4.o
        52          8          0          0          0          0   __scatter.o
        28          0          0          0          0          0   __scatter_zi.o
         6          0          0          0          0          0   _printf_a.o
         6          0          0          0          0          0   _printf_c.o
        44          0          0          0          0        108   _printf_char.o
        48          6          0          0          0         96   _printf_char_common.o
        36          4          0          0          0         80   _printf_char_file.o
        40          0          0          0          0         68   _printf_charcount.o
         6          0          0          0          0          0   _printf_d.o
       120         16          0          0          0         92   _printf_dec.o
         6          0          0          0          0          0   _printf_e.o
         6          0          0          0          0          0   _printf_f.o
      1050          0          0          0          0        216   _printf_fp_dec.o
       128         16          0          0          0         84   _printf_fp_infnan.o
         6          0          0          0          0          0   _printf_g.o
       148          4         40          0          0        160   _printf_hex_int_ll_ptr.o
         6          0          0          0          0          0   _printf_i.o
       178          0          0          0          0         88   _printf_intcommon.o
        10          0          0          0          0          0   _printf_l.o
         6          0          0          0          0          0   _printf_lc.o
        10          0          0          0          0          0   _printf_ll.o
         6          0          0          0          0          0   _printf_lld.o
         6          0          0          0          0          0   _printf_lli.o
         6          0          0          0          0          0   _printf_llo.o
         6          0          0          0          0          0   _printf_llu.o
         6          0          0          0          0          0   _printf_llx.o
       124         16          0          0          0         92   _printf_longlong_dec.o
         6          0          0          0          0          0   _printf_ls.o
         6          0          0          0          0          0   _printf_n.o
         6          0          0          0          0          0   _printf_o.o
       112          8          0          0          0        124   _printf_oct_int_ll.o
         6          0          0          0          0          0   _printf_p.o
        78          0          0          0          0        108   _printf_pad.o
         0          0          0          0          0          0   _printf_percent.o
         4          0          0          0          0          0   _printf_percent_end.o
         6          0          0          0          0          0   _printf_s.o
        82          0          0          0          0         80   _printf_str.o
        36          0          0          0          0         84   _printf_truncate.o
         6          0          0          0          0          0   _printf_u.o
        44          0          0          0          0        108   _printf_wchar.o
       188          6          8          0          0         92   _printf_wctomb.o
         6          0          0          0          0          0   _printf_x.o
        22          0          0          0          0        100   _rserrno.o
        10          0          0          0          0         68   _sputc.o
        64          0          0          0          0         92   _wcrtomb.o
       220          4        148          0          0         96   bigflt0.o
      1910        128          0          0          0        672   btod.o
        36          4          0          0          0         76   c89vsprintf.o
        12          0          0          0          0         72   exit.o
         8          0          0          0          0         68   ferror.o
         6          0          0          0          0        152   heapauxi.o
        44         10        272          0          0         76   lc_ctype_c.o
        44         10         28          0          0         76   lc_numeric_c.o
         2          0          0          0          0          0   libinit.o
        30          0          0          0          0          0   libinit2.o
         2          0          0          0          0          0   libshutdown.o
         2          0          0          0          0          0   libshutdown2.o
         8          4          0          0         96         68   libspace.o
       138          0          0          0          0         80   lludiv10.o
        16          4          0          0          0         76   rt_ctype_table.o
         8          4          0          0          0         68   rt_errno_addr_intlibspace.o
         8          4          0          0          0         68   rt_locale_intlibspace.o
       138          0          0          0          0         68   rt_memcpy_v6.o
       100          0          0          0          0         80   rt_memcpy_w.o
         2          0          0          0          0          0   rtexit.o
        10          0          0          0          0          0   rtexit2.o
       128          0          0          0          0         68   strcmpv7m.o
        62          0          0          0          0         76   strlen.o
        36          0          0          0          0         80   strstr.o
        74          0          0          0          0         80   sys_stackheap_outer.o
         2          0          0          0          0         68   use_no_semi.o
         2          0          0          0          0         68   use_no_semi_2.o
        98          4          0          0          0         92   d2f.o
       826         16          0          0          0        348   daddsub_clz.o
        24          0          0          0          0         68   dcmpi.o
       688        140          0          0          0        208   ddiv.o
        90          4          0          0          0         92   dfixu.o
        84          0          0          0          0        136   dflt_clz.o
       120          4          0          0          0         92   dleqf.o
       340         12          0          0          0        104   dmul.o
       156          4          0          0          0         92   dnaninf.o
        12          0          0          0          0         68   dretinf.o
       108          0          0          0          0         80   drleqf.o
       460         56          0          0          0        120   dsqrt_noumaal.o
        86          4          0          0          0         84   f2d.o
       450          8          0          0          0        236   faddsub_clz.o
       388         76          0          0          0         96   fdiv.o
        54          4          0          0          0         84   ffix.o
        62          4          0          0          0         84   ffixu.o
        86          0          0          0          0        136   fflt_clz.o
       258          4          0          0          0         84   fmul.o
       140          4          0          0          0         84   fnaninf.o
        10          0          0          0          0         68   fretinf.o
         4          0          0          0          0         68   printf1.o
         0          0          0          0          0          0   usenofp.o
        40          0          0          0          0         68   fpclassify.o
        76          0          0          0          0         84   sqrt.o

    ----------------------------------------------------------------------
     11102        614        516          0        100       7248   Library Totals
        28          0          3          0          4          0   (incl. Padding)

    ----------------------------------------------------------------------

      Code (inc. data)   RO Data    RW Data    ZI Data      Debug   Library Name

      6414        270        513          0         96       4572   c_w.l
      4544        344          0          0          0       2524   fz_ws.l
       116          0          0          0          0        152   m_ws.l

    ----------------------------------------------------------------------
     11102        614        516          0        100       7248   Library Totals

    ----------------------------------------------------------------------

==============================================================================


      Code (inc. data)   RO Data    RW Data    ZI Data      Debug   

     73522       6566      23834        628      58488     409624   Grand Totals
     73522       6566      23834        248      58488     409624   ELF Image Totals (compressed)
     73522       6566      23834        248          0          0   ROM Totals

==============================================================================

    Total RO  Size (Code + RO Data)                97356 (  95.07kB)
    Total RW  Size (RW Data + ZI Data)             59116 (  57.73kB)
    Total ROM Size (Code + RO Data + RW Data)      97604 (  95.32kB)

==============================================================================

