Component: ARM Compiler 5.05 update 1 (build 106) Tool: armlink [4d0efa]

==============================================================================

Section Cross References

    startup_stm32f10x_hd.o(STACK) refers (Special) to heapauxi.o(.text) for __use_two_region_memory
    startup_stm32f10x_hd.o(HEAP) refers (Special) to heapauxi.o(.text) for __use_two_region_memory
    startup_stm32f10x_hd.o(RESET) refers (Special) to heapauxi.o(.text) for __use_two_region_memory
    startup_stm32f10x_hd.o(RESET) refers to startup_stm32f10x_hd.o(STACK) for __initial_sp
    startup_stm32f10x_hd.o(RESET) refers to startup_stm32f10x_hd.o(.text) for Reset_Handler
    startup_stm32f10x_hd.o(RESET) refers to timer.o(.text) for TIM3_IRQHandler
    startup_stm32f10x_hd.o(RESET) refers to usmart.o(.text) for TIM4_IRQHandler
    startup_stm32f10x_hd.o(RESET) refers to usart.o(.text) for USART1_IRQHandler
    startup_stm32f10x_hd.o(RESET) refers to usart3.o(.text) for USART3_IRQHandler
    startup_stm32f10x_hd.o(RESET) refers to sdio_sdcard.o(.text) for SDIO_IRQHandler
    startup_stm32f10x_hd.o(.text) refers (Special) to heapauxi.o(.text) for __use_two_region_memory
    startup_stm32f10x_hd.o(.text) refers to __main.o(!!!main) for __main
    startup_stm32f10x_hd.o(.text) refers to startup_stm32f10x_hd.o(HEAP) for Heap_Mem
    startup_stm32f10x_hd.o(.text) refers to startup_stm32f10x_hd.o(STACK) for Stack_Mem
    main.o(.text) refers to sys.o(.text) for Stm32_Clock_Init
    main.o(.text) refers to delay.o(.text) for delay_init
    main.o(.text) refers to usart.o(.text) for uart_init
    main.o(.text) refers to usart3.o(.text) for usart3_init
    main.o(.text) refers to common.o(.text) for atk_8266_at_response
    delay.o(.text) refers to delay.o(.data) for fac_us
    usart.o(.text) refers (Special) to use_no_semi_2.o(.text) for __use_no_semihosting
    usart.o(.text) refers to fflt_clz.o(x$fpl$ffltu) for __aeabi_ui2f
    usart.o(.text) refers to fdiv.o(x$fpl$fdiv) for __aeabi_fdiv
    usart.o(.text) refers to ffixu.o(x$fpl$ffixu) for __aeabi_f2uiz
    usart.o(.text) refers to faddsub_clz.o(x$fpl$frsb) for __aeabi_frsub
    usart.o(.text) refers to fmul.o(x$fpl$fmul) for __aeabi_fmul
    usart.o(.text) refers to sys.o(.text) for MY_NVIC_Init
    usart.o(.text) refers to usart.o(.data) for USART_RX_STA
    usart.o(.text) refers to usart.o(.bss) for USART_RX_BUF
    usart.o(.bss) refers (Special) to use_no_semi_2.o(.text) for __use_no_semihosting
    usart.o(.data) refers (Special) to use_no_semi_2.o(.text) for __use_no_semihosting
    24cxx.o(.text) refers to myiic.o(.text) for IIC_Init
    24cxx.o(.text) refers to delay.o(.text) for delay_ms
    myiic.o(.text) refers to delay.o(.text) for delay_us
    key.o(.text) refers to delay.o(.text) for delay_ms
    key.o(.text) refers to key.o(.data) for key_up
    ili93xx.o(.text) refers to _printf_percent.o(.ARM.Collect$$_printf_percent$$00000000) for _printf_percent
    ili93xx.o(.text) refers to _printf_x.o(.ARM.Collect$$_printf_percent$$0000000C) for _printf_x
    ili93xx.o(.text) refers to _printf_hex_int_ll_ptr.o(.text) for _printf_longlong_hex
    ili93xx.o(.text) refers to delay.o(.text) for delay_us
    ili93xx.o(.text) refers to ili93xx.o(.bss) for lcddev
    ili93xx.o(.text) refers to ili93xx.o(.data) for POINT_COLOR
    ili93xx.o(.text) refers to dflt_clz.o(x$fpl$dfltu) for __aeabi_ui2d
    ili93xx.o(.text) refers to dmul.o(x$fpl$dmul) for __aeabi_dmul
    ili93xx.o(.text) refers to dfixu.o(x$fpl$dfixu) for __aeabi_d2uiz
    ili93xx.o(.text) refers to __2printf.o(.text) for __2printf
    ili93xx.o(.text) refers to ili93xx.o(.constdata) for asc2_1206
    sdio_sdcard.o(.text) refers to sdio_sdcard.o(.data) for DeviceMode
    sdio_sdcard.o(.text) refers to sdio_sdcard.o(.bss) for CSD_Tab
    sdio_sdcard.o(.text) refers to sys.o(.text) for MY_NVIC_Init
    sdio_sdcard.o(.text) refers to rt_memcpy_v6.o(.text) for __aeabi_memcpy
    ctiic.o(.text) refers to delay.o(.text) for delay_us
    ott2001a.o(.text) refers to _printf_percent.o(.ARM.Collect$$_printf_percent$$00000000) for _printf_percent
    ott2001a.o(.text) refers to _printf_x.o(.ARM.Collect$$_printf_percent$$0000000C) for _printf_x
    ott2001a.o(.text) refers to _printf_hex_int_ll_ptr.o(.text) for _printf_longlong_hex
    ott2001a.o(.text) refers to ctiic.o(.text) for CT_IIC_Start
    ott2001a.o(.text) refers to delay.o(.text) for delay_ms
    ott2001a.o(.text) refers to __2printf.o(.text) for __2printf
    ott2001a.o(.text) refers to dflt_clz.o(x$fpl$dflt) for __aeabi_i2d
    ott2001a.o(.text) refers to dmul.o(x$fpl$dmul) for __aeabi_dmul
    ott2001a.o(.text) refers to dfixu.o(x$fpl$dfixu) for __aeabi_d2uiz
    ott2001a.o(.text) refers to daddsub_clz.o(x$fpl$drsb) for __aeabi_drsub
    ott2001a.o(.text) refers to ott2001a.o(.data) for t
    ott2001a.o(.text) refers to touch.o(.data) for tp_dev
    ott2001a.o(.text) refers to ott2001a.o(.constdata) for OTT_TPX_TBL
[...]
    .ARM.__AT_0x68000020                     0x68000020   Section        2  malloc.o(.ARM.__AT_0x68000020)

    Global Symbols

    Symbol Name                              Value     Ov Type        Size  Object(Section)

    BuildAttributes$$THM_ISAv4$P$D$K$B$S$PE$A:L22UL41UL21$X:L11$S22US41US21$IEEE1$IW$USESV6$~STKCKD$USESV7$~SHL$OTIME$ROPI$IEEEJ$EBA8$UX$STANDARDLIB$REQ8$PRES8$EABIv2 0x00000000   Number         0  anon$$obj.o ABSOLUTE
    __ARM_use_no_argv                        0x00000000   Number         0  main.o ABSOLUTE
    _printf_flags                            0x00000000   Number         0  printf_stubs.o ABSOLUTE
    _printf_return_value                     0x00000000   Number         0  printf_stubs.o ABSOLUTE
    _printf_sizespec                         0x00000000   Number         0  printf_stubs.o ABSOLUTE
    _printf_widthprec                        0x00000000   Number         0  printf_stubs.o ABSOLUTE
    __ARM_exceptions_init                     - Undefined Weak Reference
    __alloca_initialize                       - Undefined Weak Reference
    __arm_preinit_                            - Undefined Weak Reference
    __cpp_initialize__aeabi_                  - Undefined Weak Reference
    __cxa_finalize                            - Undefined Weak Reference
    __sigvec_lookup                           - Undefined Weak Reference
    _atexit_init                              - Undefined Weak Reference
    _call_atexit_fns                          - Undefined Weak Reference
    _clock_init                               - Undefined Weak Reference
    _fp_trap_init                             - Undefined Weak Reference
    _fp_trap_shutdown                         - Undefined Weak Reference
    _get_lc_collate                           - Undefined Weak Reference
    _get_lc_monetary                          - Undefined Weak Reference
    _get_lc_time                              - Undefined Weak Reference
    _getenv_init                              - Undefined Weak Reference
    _handle_redirection                       - Undefined Weak Reference
    _init_alloc                               - Undefined Weak Reference
    _init_user_alloc                          - Undefined Weak Reference
    _initio                                   - Undefined Weak Reference
    _mutex_acquire                            - Undefined Weak Reference
    _mutex_release                            - Undefined Weak Reference
    _printf_fp_hex                            - Undefined Weak Reference
    _printf_mbtowc                            - Undefined Weak Reference
    _printf_wc                                - Undefined Weak Reference
    _rand_init                                - Undefined Weak Reference
    _signal_finish                            - Undefined Weak Reference
    _signal_init                              - Undefined Weak Reference
    _terminate_alloc                          - Undefined Weak Reference
    _terminate_user_alloc                     - Undefined Weak Reference
    _terminateio                              - Undefined Weak Reference
    __Vectors_Size                           0x00000130   Number         0  startup_stm32f10x_hd.o ABSOLUTE
    __Vectors                                0x08000000   Data           4  startup_stm32f10x_hd.o(RESET)
    __Vectors_End                            0x08000130   Data           0  startup_stm32f10x_hd.o(RESET)
    __main                                   0x08000131   Thumb Code     8  __main.o(!!!main)
    __scatterload                            0x08000139   Thumb Code     0  __scatter.o(!!!scatter)
    __scatterload_rt2                        0x08000139   Thumb Code    44  __scatter.o(!!!scatter)
    __scatterload_rt2_thumb_only             0x08000139   Thumb Code     0  __scatter.o(!!!scatter)
    __scatterload_null                       0x08000147   Thumb Code     0  __scatter.o(!!!scatter)
    __decompress                             0x0800016d   Thumb Code    90  __dczerorl2.o(!!dczerorl2)
    __decompress1                            0x0800016d   Thumb Code     0  __dczerorl2.o(!!dczerorl2)
    __scatterload_zeroinit                   0x080001c9   Thumb Code    28  __scatter_zi.o(!!handler_zi)
    _printf_n                                0x080001e5   Thumb Code     0  _printf_n.o(.ARM.Collect$$_printf_percent$$00000001)
    _printf_percent                          0x080001e5   Thumb Code     0  _printf_percent.o(.ARM.Collect$$_printf_percent$$00000000)
    _printf_p                                0x080001eb   Thumb Code     0  _printf_p.o(.ARM.Collect$$_printf_percent$$00000002)
    _printf_f                                0x080001f1   Thumb Code     0  _printf_f.o(.ARM.Collect$$_printf_percent$$00000003)
    _printf_e                                0x080001f7   Thumb Code     0  _printf_e.o(.ARM.Collect$$_printf_percent$$00000004)
    _printf_g                                0x080001fd   Thumb Code     0  _printf_g.o(.ARM.Collect$$_printf_percent$$00000005)
    _printf_a                                0x08000203   Thumb Code     0  _printf_a.o(.ARM.Collect$$_printf_percent$$00000006)
    _printf_ll                               0x08000209   Thumb Code     0  _printf_ll.o(.ARM.Collect$$_printf_percent$$00000007)
    _printf_i                                0x08000213   Thumb Code     0  _printf_i.o(.ARM.Collect$$_printf_percent$$00000008)
    _printf_d                                0x08000219   Thumb Code     0  _printf_d.o(.ARM.Collect$$_printf_percent$$00000009)
    _printf_u                                0x0800021f   Thumb Code     0  _printf_u.o(.ARM.Collect$$_printf_percent$$0000000A)
    _printf_o                                0x08000225   Thumb Code     0  _printf_o.o(.ARM.Collect$$_printf_percent$$0000000B)
    _printf_x                                0x0800022b   Thumb Code     0  _printf_x.o(.ARM.Collect$$_printf_percent$$0000000C)
    _printf_lli                              0x08000231   Thumb Code     0  _printf_lli.o(.ARM.Collect$$_printf_percent$$0000000D)
    _printf_lld                              0x08000237   Thumb Code     0  _printf_lld.o(.ARM.Collect$$_printf_percent$$0000000E)
    _printf_llu                              0x0800023d   Thumb Code     0  _printf_llu.o(.ARM.Collect$$_printf_percent$$0000000F)
    _printf_llo                              0x08000243   Thumb Code     0  _printf_llo.o(.ARM.Collect$$_printf_percent$$00000010)
    _printf_llx                              0x08000249   Thumb Code     0  _printf_llx.o(.ARM.Collect$$_printf_percent$$00000011)
    _printf_l                                0x0800024f   Thumb Code     0  _printf_l.o(.ARM.Collect$$_printf_percent$$00000012)
    _printf_c                                0x08000259   Thumb Code     0  _printf_c.o(.ARM.Collect$$_printf_percent$$00000013)
    _printf_s                                0x0800025f   Thumb Code     0  _printf_s.o(.ARM.Collect$$_printf_percent$$00000014)
    _printf_lc                               0x08000265   Thumb Code     0  _printf_lc.o(.ARM.Collect$$_printf_percent$$00000015)
    _printf_ls                               0x0800026b   Thumb Code     0  _printf_ls.o(.ARM.Collect$$_printf_percent$$00000016)
    _printf_percent_end                      0x08000271   Thumb Code     0  _printf_percent_end.o(.ARM.Collect$$_printf_percent$$00000017)
    __rt_lib_init                            0x08000275   Thumb Code     0  libinit.o(.ARM.Collect$$libinit$$00000000)
    __rt_lib_init_fp_1                       0x08000277   Thumb Code     0  libinit2.o(.ARM.Collect$$libinit$$00000002)
    __rt_lib_init_heap_1                     0x08000277   Thumb Code     0  libinit2.o(.ARM.Collect$$libinit$$0000000A)
    __rt_lib_init_lc_common                  0x08000277   Thumb Code     0  libinit2.o(.ARM.Collect$$libinit$$0000000F)
    __rt_lib_init_preinit_1                  0x08000277   Thumb Code     0  libinit2.o(.ARM.Collect$$libinit$$00000004)
    __rt_lib_init_rand_1                     0x08000277   Thumb Code     0  libinit2.o(.ARM.Collect$$libinit$$0000000E)
    __rt_lib_init_user_alloc_1               0x08000277   Thumb Code     0  libinit2.o(.ARM.Collect$$libinit$$0000000C)
    __rt_lib_init_lc_collate_1               0x0800027d   Thumb Code     0  libinit2.o(.ARM.Collect$$libinit$$00000011)
    __rt_lib_init_lc_ctype_2                 0x0800027d   Thumb Code     0  libinit2.o(.ARM.Collect$$libinit$$00000012)
    __rt_lib_init_lc_ctype_1                 0x08000289   Thumb Code     0  libinit2.o(.ARM.Collect$$libinit$$00000013)
    __rt_lib_init_lc_monetary_1              0x08000289   Thumb Code     0  libinit2.o(.ARM.Collect$$libinit$$00000015)
    __rt_lib_init_lc_numeric_2               0x08000289   Thumb Code     0  libinit2.o(.ARM.Collect$$libinit$$00000016)
    __rt_lib_init_alloca_1                   0x08000293   Thumb Code     0  libinit2.o(.ARM.Collect$$libinit$$0000002E)
    __rt_lib_init_argv_1                     0x08000293   Thumb Code     0  libinit2.o(.ARM.Collect$$libinit$$0000002C)
    __rt_lib_init_atexit_1                   0x08000293   Thumb Code     0  libinit2.o(.ARM.Collect$$libinit$$0000001B)
    __rt_lib_init_clock_1                    0x08000293   Thumb Code     0  libinit2.o(.ARM.Collect$$libinit$$00000021)
    __rt_lib_init_cpp_1                      0x08000293   Thumb Code     0  libinit2.o(.ARM.Collect$$libinit$$00000032)
    __rt_lib_init_exceptions_1               0x08000293   Thumb Code     0  libinit2.o(.ARM.Collect$$libinit$$00000030)
    __rt_lib_init_fp_trap_1                  0x08000293   Thumb Code     0  libinit2.o(.ARM.Collect$$libinit$$0000001F)
    __rt_lib_init_getenv_1                   0x08000293   Thumb Code     0  libinit2.o(.ARM.Collect$$libinit$$00000023)
    __rt_lib_init_lc_numeric_1               0x08000293   Thumb Code     0  libinit2.o(.ARM.Collect$$libinit$$00000017)
    __rt_lib_init_lc_time_1                  0x08000293   Thumb Code     0  libinit2.o(.ARM.Collect$$libinit$$00000019)
    __rt_lib_init_return                     0x08000293   Thumb Code     0  libinit2.o(.ARM.Collect$$libinit$$00000033)
    __rt_lib_init_signal_1                   0x08000293   Thumb Code     0  libinit2.o(.ARM.Collect$$libinit$$0000001D)
    __rt_lib_init_stdio_1                    0x08000293   Thumb Code     0  libinit2.o(.ARM.Collect$$libinit$$00000025)
    __rt_lib_shutdown                        0x08000295   Thumb Code     0  libshutdown.o(.ARM.Collect$$libshutdown$$00000000)
    __rt_lib_shutdown_fp_trap_1              0x08000297   Thumb Code     0  libshutdown2.o(.ARM.Collect$$libshutdown$$00000006)
    __rt_lib_shutdown_heap_1                 0x08000297   Thumb Code     0  libshutdown2.o(.ARM.Collect$$libshutdown$$0000000E)
    __rt_lib_shutdown_return                 0x08000297   Thumb Code     0  libshutdown2.o(.ARM.Collect$$libshutdown$$0000000F)
    __rt_lib_shutdown_signal_1               0x08000297   Thumb Code     0  libshutdown2.o(.ARM.Collect$$libshutdown$$00000009)
    __rt_lib_shutdown_stdio_1                0x08000297   Thumb Code     0  libshutdown2.o(.ARM.Collect$$libshutdown$$00000003)
    __rt_lib_shutdown_user_alloc_1           0x08000297   Thumb Code     0  libshutdown2.o(.ARM.Collect$$libshutdown$$0000000B)
    __rt_entry                               0x08000299   Thumb Code     0  __rtentry.o(.ARM.Collect$$rtentry$$00000000)
    __rt_entry_presh_1                       0x08000299   Thumb Code     0  __rtentry2.o(.ARM.Collect$$rtentry$$00000002)
    __rt_entry_sh                            0x08000299   Thumb Code     0  __rtentry4.o(.ARM.Collect$$rtentry$$00000004)
    __rt_entry_li                            0x0800029f   Thumb Code     0  __rtentry2.o(.ARM.Collect$$rtentry$$0000000A)
    __rt_entry_postsh_1                      0x0800029f   Thumb Code     0  __rtentry2.o(.ARM.Collect$$rtentry$$00000009)
    __rt_entry_main                          0x080002a3   Thumb Code     0  __rtentry2.o(.ARM.Collect$$rtentry$$0000000D)
    __rt_entry_postli_1                      0x080002a3   Thumb Code     0  __rtentry2.o(.ARM.Collect$$rtentry$$0000000C)
    __rt_exit                                0x080002ab   Thumb Code     0  rtexit.o(.ARM.Collect$$rtexit$$00000000)
    __rt_exit_ls                             0x080002ad   Thumb Code     0  rtexit2.o(.ARM.Collect$$rtexit$$00000003)
    __rt_exit_prels_1                        0x080002ad   Thumb Code     0  rtexit2.o(.ARM.Collect$$rtexit$$00000002)
    __rt_exit_exit                           0x080002b1   Thumb Code     0  rtexit2.o(.ARM.Collect$$rtexit$$00000004)
    Reset_Handler                            0x080002b9   Thumb Code     4  startup_stm32f10x_hd.o(.text)
    NMI_Handler                              0x080002bd   Thumb Code     2  startup_stm32f10x_hd.o(.text)
    HardFault_Handler                        0x080002bf   Thumb Code     2  startup_stm32f10x_hd.o(.text)
    MemManage_Handler                        0x080002c1   Thumb Code     2  startup_stm32f10x_hd.o(.text)
    BusFault_Handler                         0x080002c3   Thumb Code     2  startup_stm32f10x_hd.o(.text)
    UsageFault_Handler                       0x080002c5   Thumb Code     2  startup_stm32f10x_hd.o(.text)
    SVC_Handler                              0x080002c7   Thumb Code     2  startup_stm32f10x_hd.o(.text)
    DebugMon_Handler                         0x080002c9   Thumb Code     2  startup_stm32f10x_hd.o(.text)
    PendSV_Handler                           0x080002cb   Thumb Code     2  startup_stm32f10x_hd.o(.text)
    SysTick_Handler                          0x080002cd   Thumb Code     2  startup_stm32f10x_hd.o(.text)
    ADC1_2_IRQHandler                        0x080002cf   Thumb Code     0  startup_stm32f10x_hd.o(.text)
    ADC3_IRQHandler                          0x080002cf   Thumb Code     0  startup_stm32f10x_hd.o(.text)
    CAN1_RX1_IRQHandler                      0x080002cf   Thumb Code     0  startup_stm32f10x_hd.o(.text)
    CAN1_SCE_IRQHandler                      0x080002cf   Thumb Code     0  startup_stm32f10x_hd.o(.text)
    DMA1_Channel1_IRQHandler                 0x080002cf   Thumb Code     0  startup_stm32f10x_hd.o(.text)
    DMA1_Channel2_IRQHandler                 0x080002cf   Thumb Code     0  startup_stm32f10x_hd.o(.text)
    DMA1_Channel3_IRQHandler                 0x080002cf   Thumb Code     0  startup_stm32f10x_hd.o(.text)
    DMA1_Channel4_IRQHandler                 0x080002cf   Thumb Code     0  startup_stm32f10x_hd.o(.text)
    DMA1_Channel5_IRQHandler                 0x080002cf   Thumb Code     0  startup_stm32f10x_hd.o(.text)
    DMA1_Channel6_IRQHandler                 0x080002cf   Thumb Code     0  startup_stm32f10x_hd.o(.text)
    DMA1_Channel7_IRQHandler                 0x080002cf   Thumb Code     0  startup_stm32f10x_hd.o(.text)
    DMA2_Channel1_IRQHandler                 0x080002cf   Thumb Code     0  startup_stm32f10x_hd.o(.text)
    DMA2_Channel2_IRQHandler                 0x080002cf   Thumb Code     0  startup_stm32f10x_hd.o(.text)
    DMA2_Channel3_IRQHandler                 0x080002cf   Thumb Code     0  startup_stm32f10x_hd.o(.text)
    DMA2_Channel4_5_IRQHandler               0x080002cf   Thumb Code     0  startup_stm32f10x_hd.o(.text)
    EXTI0_IRQHandler                         0x080002cf   Thumb Code     0  startup_stm32f10x_hd.o(.text)
    EXTI15_10_IRQHandler                     0x080002cf   Thumb Code     0  startup_stm32f10x_hd.o(.text)
    EXTI1_IRQHandler                         0x080002cf   Thumb Code     0  startup_stm32f10x_hd.o(.text)
    EXTI2_IRQHandler                         0x080002cf   Thumb Code     0  startup_stm32f10x_hd.o(.text)
    EXTI3_IRQHandler                         0x080002cf   Thumb Code     0  startup_stm32f10x_hd.o(.text)
    EXTI4_IRQHandler                         0x080002cf   Thumb Code     0  startup_stm32f10x_hd.o(.text)
    EXTI9_5_IRQHandler                       0x080002cf   Thumb Code     0  startup_stm32f10x_hd.o(.text)
    FLASH_IRQHandler                         0x080002cf   Thumb Code     0  startup_stm32f10x_hd.o(.text)
    FSMC_IRQHandler                          0x080002cf   Thumb Code     0  startup_stm32f10x_hd.o(.text)
    I2C1_ER_IRQHandler                       0x080002cf   Thumb Code     0  startup_stm32f10x_hd.o(.text)
    I2C1_EV_IRQHandler                       0x080002cf   Thumb Code     0  startup_stm32f10x_hd.o(.text)
    I2C2_ER_IRQHandler                       0x080002cf   Thumb Code     0  startup_stm32f10x_hd.o(.text)
    I2C2_EV_IRQHandler                       0x080002cf   Thumb Code     0  startup_stm32f10x_hd.o(.text)
    PVD_IRQHandler                           0x080002cf   Thumb Code     0  startup_stm32f10x_hd.o(.text)
    RCC_IRQHandler                           0x080002cf   Thumb Code     0  startup_stm32f10x_hd.o(.text)
    RTCAlarm_IRQHandler                      0x080002cf   Thumb Code     0  startup_stm32f10x_hd.o(.text)
    RTC_IRQHandler                           0x080002cf   Thumb Code     0  startup_stm32f10x_hd.o(.text)
    SPI1_IRQHandler                          0x080002cf   Thumb Code     0  startup_stm32f10x_hd.o(.text)
    SPI2_IRQHandler                          0x080002cf   Thumb Code     0  startup_stm32f10x_hd.o(.text)
    SPI3_IRQHandler                          0x080002cf   Thumb Code     0  startup_stm32f10x_hd.o(.text)
    TAMPER_IRQHandler                        0x080002cf   Thumb Code     0  startup_stm32f10x_hd.o(.text)
    TIM1_BRK_IRQHandler                      0x080002cf   Thumb Code     0  startup_stm32f10x_hd.o(.text)
    TIM1_CC_IRQHandler                       0x080002cf   Thumb Code     0  startup_stm32f10x_hd.o(.text)
    TIM1_TRG_COM_IRQHandler                  0x080002cf   Thumb Code     0  startup_stm32f10x_hd.o(.text)
    TIM1_UP_IRQHandler                       0x080002cf   Thumb Code     0  startup_stm32f10x_hd.o(.text)
    TIM2_IRQHandler                          0x080002cf   Thumb Code     0  startup_stm32f10x_hd.o(.text)
    TIM6_IRQHandler                          0x080002cf   Thumb Code     0  startup_stm32f10x_hd.o(.text)
    TIM8_BRK_IRQHandler                      0x080002cf   Thumb Code     0  startup_stm32f10x_hd.o(.text)
    TIM8_CC_IRQHandler                       0x080002cf   Thumb Code     0  startup_stm32f10x_hd.o(.text)
    TIM8_TRG_COM_IRQHandler                  0x080002cf   Thumb Code     0  startup_stm32f10x_hd.o(.text)
    TIM8_UP_IRQHandler                       0x080002cf   Thumb Code     0  startup_stm32f10x_hd.o(.text)
    UART4_IRQHandler                         0x080002cf   Thumb Code     0  startup_stm32f10x_hd.o(.text)
    UART5_IRQHandler                         0x080002cf   Thumb Code     0  startup_stm32f10x_hd.o(.text)
    USART2_IRQHandler                        0x080002cf   Thumb Code     0  startup_stm32f10x_hd.o(.text)
    USBWakeUp_IRQHandler                     0x080002cf   Thumb Code     0  startup_stm32f10x_hd.o(.text)
    USB_HP_CAN1_TX_IRQHandler                0x080002cf   Thumb Code     0  startup_stm32f10x_hd.o(.text)
    USB_LP_CAN1_RX0_IRQHandler               0x080002cf   Thumb Code     0  startup_stm32f10x_hd.o(.text)
    WWDG_IRQHandler                          0x080002cf   Thumb Code     0  startup_stm32f10x_hd.o(.text)
    __user_initial_stackheap                 0x080002d1   Thumb Code     0  startup_stm32f10x_hd.o(.text)
    main                                     0x080002ed   Thumb Code    66  main.o(.text)
    delay_init                               0x08000361   Thumb Code    56  delay.o(.text)
    delay_us                                 0x08000399   Thumb Code    56  delay.o(.text)
    delay_ms                                 0x080003d1   Thumb Code    56  delay.o(.text)
    MY_NVIC_SetVectorTable                   0x08000411   Thumb Code    12  sys.o(.text)
    MY_NVIC_PriorityGroupConfig              0x0800041d   Thumb Code    36  sys.o(.text)
    MY_NVIC_Init                             0x08000441   Thumb Code   116  sys.o(.text)
    Ex_NVIC_Config                           0x080004b5   Thumb Code   146  sys.o(.text)
    MYRCC_DeInit                             0x08000547   Thumb Code    90  sys.o(.text)
    WFI_SET                                  0x080005a1   Thumb Code     4  sys.o(.text)
    INTX_DISABLE                             0x080005a5   Thumb Code     4  sys.o(.text)
    INTX_ENABLE                              0x080005a9   Thumb Code     4  sys.o(.text)
    Sys_Standby                              0x080005ad   Thumb Code    68  sys.o(.text)
    Sys_Soft_Reset                           0x080005f1   Thumb Code    12  sys.o(.text)
    JTAG_Set                                 0x080005fd   Thumb Code    42  sys.o(.text)
    Stm32_Clock_Init                         0x08000627   Thumb Code   134  sys.o(.text)
    _sys_exit                                0x080006d9   Thumb Code     6  usart.o(.text)
    fputc                                    0x080006df   Thumb Code    24  usart.o(.text)
    USART1_IRQHandler                        0x080006f7   Thumb Code   118  usart.o(.text)
    uart_init                                0x0800076d   Thumb Code   204  usart.o(.text)
    AT24CXX_Init                             0x08000851   Thumb Code     8  24cxx.o(.text)
    AT24CXX_ReadOneByte                      0x08000859   Thumb Code    88  24cxx.o(.text)
    AT24CXX_WriteOneByte                     0x080008b1   Thumb Code    80  24cxx.o(.text)
    AT24CXX_Check                            0x08000901   Thumb Code    46  24cxx.o(.text)
    AT24CXX_Read                             0x0800092f   Thumb Code    34  24cxx.o(.text)
    AT24CXX_Write                            0x08000951   Thumb Code    36  24cxx.o(.text)
    IIC_Init                                 0x08000975   Thumb Code    52  myiic.o(.text)
    IIC_Start                                0x080009a9   Thumb Code    64  myiic.o(.text)
    IIC_Stop                                 0x080009e9   Thumb Code    66  myiic.o(.text)
    IIC_Wait_Ack                             0x08000a2b   Thumb Code    86  myiic.o(.text)
    IIC_Ack                                  0x08000a81   Thumb Code    70  myiic.o(.text)
    IIC_NAck                                 0x08000ac7   Thumb Code    70  myiic.o(.text)
    IIC_Send_Byte                            0x08000b0d   Thumb Code    92  myiic.o(.text)
    IIC_Read_Byte                            0x08000b69   Thumb Code   100  myiic.o(.text)
    KEY_Init                                 0x08000bdd   Thumb Code    84  key.o(.text)
    KEY_Scan                                 0x08000c31   Thumb Code   120  key.o(.text)
    LCD_WR_REG                               0x08000cc1   Thumb Code     6  ili93xx.o(.text)
    LCD_WR_DATA                              0x08000cc7   Thumb Code     8  ili93xx.o(.text)
    LCD_RD_DATA                              0x08000ccf   Thumb Code    16  ili93xx.o(.text)
    LCD_WriteReg                             0x08000cdf   Thumb Code    10  ili93xx.o(.text)
    LCD_ReadReg                              0x08000ce9   Thumb Code    22  ili93xx.o(.text)
    LCD_WriteRAM_Prepare                     0x08000cff   Thumb Code    10  ili93xx.o(.text)
    LCD_WriteRAM                             0x08000d09   Thumb Code     8  ili93xx.o(.text)
    LCD_BGR2RGB                              0x08000d11   Thumb Code    26  ili93xx.o(.text)
    opt_delay                                0x08000d2b   Thumb Code    14  ili93xx.o(.text)
    LCD_SetCursor                            0x08000d39   Thumb Code   418  ili93xx.o(.text)
    LCD_ReadPoint                            0x08000edb   Thumb Code   360  ili93xx.o(.text)
    LCD_DisplayOn                            0x08001043   Thumb Code   102  ili93xx.o(.text)
    LCD_DisplayOff                           0x080010a9   Thumb Code    90  ili93xx.o(.text)
    LCD_Scan_Dir                             0x08001103   Thumb Code   744  ili93xx.o(.text)
    LCD_DrawPoint                            0x080013eb   Thumb Code    28  ili93xx.o(.text)
    LCD_Fast_DrawPoint                       0x08001407   Thumb Code   384  ili93xx.o(.text)
    LCD_SSD_BackLightSet                     0x08001587   Thumb Code    80  ili93xx.o(.text)
    LCD_Display_Dir                          0x080015d7   Thumb Code   444  ili93xx.o(.text)
    LCD_Set_Window                           0x08001793   Thumb Code   540  ili93xx.o(.text)
    LCD_Clear                                0x080019af   Thumb Code   100  ili93xx.o(.text)
    LCD_Init                                 0x08001a13   Thumb Code 14286  ili93xx.o(.text)
    LCD_Fill                                 0x080051e1   Thumb Code   178  ili93xx.o(.text)
    LCD_Color_Fill                           0x08005293   Thumb Code   104  ili93xx.o(.text)
    LCD_DrawLine                             0x080052fb   Thumb Code   176  ili93xx.o(.text)
    LCD_DrawRectangle                        0x080053ab   Thumb Code    60  ili93xx.o(.text)
    LCD_Draw_Circle                          0x080053e7   Thumb Code   152  ili93xx.o(.text)
    LCD_ShowChar                             0x0800547f   Thumb Code   272  ili93xx.o(.text)
    LCD_Pow                                  0x0800558f   Thumb Code    22  ili93xx.o(.text)
    LCD_ShowNum                              0x080055a5   Thumb Code   148  ili93xx.o(.text)
    LCD_ShowxNum                             0x08005639   Thumb Code   220  ili93xx.o(.text)
    LCD_ShowString                           0x08005715   Thumb Code   102  ili93xx.o(.text)
    SD_SetDeviceMode                         0x0800577d   Thumb Code    20  sdio_sdcard.o(.text)
    SDIO_Clock_Set                           0x08005791   Thumb Code    16  sdio_sdcard.o(.text)
    CmdResp1Error                            0x080057a1   Thumb Code    82  sdio_sdcard.o(.text)
    SDIO_Send_Cmd                            0x080057f3   Thumb Code    36  sdio_sdcard.o(.text)
    SDIO_Send_Data_Cfg                       0x08005817   Thumb Code    48  sdio_sdcard.o(.text)
    FindSCR                                  0x08005847   Thumb Code   326  sdio_sdcard.o(.text)
    SDEnWideBus                              0x0800598d   Thumb Code   118  sdio_sdcard.o(.text)
    SD_EnableWideBusOperation                0x08005a03   Thumb Code    94  sdio_sdcard.o(.text)
    SD_SelectDeselect                        0x08005a61   Thumb Code    22  sdio_sdcard.o(.text)
    SD_GetCardInfo                           0x08005a77   Thumb Code   794  sdio_sdcard.o(.text)
    CmdResp2Error                            0x08005d91   Thumb Code    88  sdio_sdcard.o(.text)
    CmdResp6Error                            0x08005de9   Thumb Code   142  sdio_sdcard.o(.text)
    SD_InitializeCards                       0x08005e77   Thumb Code   240  sdio_sdcard.o(.text)
    CmdResp3Error                            0x08005f67   Thumb Code    52  sdio_sdcard.o(.text)
    CmdResp7Error                            0x08005f9b   Thumb Code   100  sdio_sdcard.o(.text)
    CmdError                                 0x08005fff   Thumb Code    48  sdio_sdcard.o(.text)
    SD_PowerON                               0x0800602f   Thumb Code   358  sdio_sdcard.o(.text)
    SD_Init                                  0x08006195   Thumb Code   234  sdio_sdcard.o(.text)
    SD_PowerOFF                              0x0800627f   Thumb Code    16  sdio_sdcard.o(.text)
    SD_DMA_Config                            0x0800628f   Thumb Code   144  sdio_sdcard.o(.text)
    convert_from_bytes_to_power_of_two       0x0800631f   Thumb Code    18  sdio_sdcard.o(.text)
    SD_ReadBlock                             0x08006331   Thumb Code   558  sdio_sdcard.o(.text)
    SD_ReadMultiBlocks                       0x0800655f   Thumb Code   628  sdio_sdcard.o(.text)
    IsCardProgramming                        0x080067d3   Thumb Code   176  sdio_sdcard.o(.text)
    SD_WriteBlock                            0x08006883   Thumb Code   760  sdio_sdcard.o(.text)
    SD_WriteMultiBlocks                      0x08006b7b   Thumb Code   848  sdio_sdcard.o(.text)
    SD_ProcessIRQSrc                         0x08006ecb   Thumb Code   310  sdio_sdcard.o(.text)
    SDIO_IRQHandler                          0x08007001   Thumb Code     8  sdio_sdcard.o(.text)
    SD_SendStatus                            0x08007009   Thumb Code    86  sdio_sdcard.o(.text)
    SD_GetState                              0x0800705f   Thumb Code    26  sdio_sdcard.o(.text)
    SD_ReadDisk                              0x08007079   Thumb Code   152  sdio_sdcard.o(.text)
    SD_WriteDisk                             0x08007111   Thumb Code   152  sdio_sdcard.o(.text)
    SPI2_ReadWriteByte                       0x080071b5   Thumb Code    82  spi.o(.text)
    SPI2_Init                                0x08007207   Thumb Code   166  spi.o(.text)
    SPI2_SetSpeed                            0x080072ad   Thumb Code    44  spi.o(.text)
    CT_Delay                                 0x080072e9   Thumb Code    10  ctiic.o(.text)
    CT_IIC_Init                              0x080072f3   Thumb Code   100  ctiic.o(.text)
    CT_IIC_Start                             0x08007357   Thumb Code    62  ctiic.o(.text)
    CT_IIC_Stop                              0x08007395   Thumb Code    56  ctiic.o(.text)
    CT_IIC_Wait_Ack                          0x080073cd   Thumb Code    82  ctiic.o(.text)
    CT_IIC_Ack                               0x0800741f   Thumb Code    66  ctiic.o(.text)
    CT_IIC_NAck                              0x08007461   Thumb Code    66  ctiic.o(.text)
    CT_IIC_Send_Byte                         0x080074a3   Thumb Code    82  ctiic.o(.text)
    CT_IIC_Read_Byte                         0x080074f5   Thumb Code    96  ctiic.o(.text)
    OTT2001A_WR_Reg                          0x08007571   Thumb Code    92  ott2001a.o(.text)
    OTT2001A_RD_Reg                          0x080075cd   Thumb Code    98  ott2001a.o(.text)
    OTT2001A_SensorControl                   0x0800762f   Thumb Code    28  ott2001a.o(.text)
    OTT2001A_Init                            0x0800764b   Thumb Code   130  ott2001a.o(.text)
    OTT2001A_Scan                            0x080076cd   Thumb Code   446  ott2001a.o(.text)
    USART3_IRQHandler                        0x080078c9   Thumb Code    96  usart3.o(.text)
    usart3_init                              0x08007929   Thumb Code   160  usart3.o(.text)
    u3_printf                                0x080079c9   Thumb Code    72  usart3.o(.text)
    W25QXX_ReadID                            0x08007a31   Thumb Code    64  w25qxx.o(.text)
    W25QXX_Init                              0x08007a71   Thumb Code    62  w25qxx.o(.text)
    W25QXX_ReadSR                            0x08007aaf   Thumb Code    36  w25qxx.o(.text)
    W25QXX_Write_SR                          0x08007ad3   Thumb Code    32  w25qxx.o(.text)
    W25QXX_Write_Enable                      0x08007af3   Thumb Code    24  w25qxx.o(.text)
    W25QXX_Write_Disable                     0x08007b0b   Thumb Code    24  w25qxx.o(.text)
    W25QXX_Read                              0x08007b23   Thumb Code    74  w25qxx.o(.text)
    W25QXX_Wait_Busy                         0x08007b6d   Thumb Code    18  w25qxx.o(.text)
    W25QXX_Write_Page                        0x08007b7f   Thumb Code    80  w25qxx.o(.text)
    W25QXX_Write_NoCheck                     0x08007bcf   Thumb Code    70  w25qxx.o(.text)
    W25QXX_Erase_Sector                      0x08007c15   Thumb Code    70  w25qxx.o(.text)
    W25QXX_Write                             0x08007c5b   Thumb Code   180  w25qxx.o(.text)
    W25QXX_Erase_Chip                        0x08007d0f   Thumb Code    36  w25qxx.o(.text)
    W25QXX_PowerDown                         0x08007d33   Thumb Code    30  w25qxx.o(.text)
    W25QXX_WAKEUP                            0x08007d51   Thumb Code    30  w25qxx.o(.text)
    TP_Write_Byte                            0x08007d91   Thumb Code    64  touch.o(.text)
    TP_Read_AD                               0x08007dd1   Thumb Code   136  touch.o(.text)
    TP_Read_XOY                              0x08007e59   Thumb Code   120  touch.o(.text)
    TP_Read_XY                               0x08007ed1   Thumb Code    38  touch.o(.text)
    TP_Read_XY2                              0x08007ef7   Thumb Code   192  touch.o(.text)
    TP_Drow_Touch_Point                      0x08007fb7   Thumb Code   108  touch.o(.text)
    TP_Draw_Big_Point                        0x08008023   Thumb Code    54  touch.o(.text)
    TP_Scan                                  0x08008059   Thumb Code   264  touch.o(.text)
    TP_Save_Adjdata                          0x08008161   Thumb Code    24  touch.o(.text)
    TP_Get_Adjdata                           0x08008179   Thumb Code   104  touch.o(.text)
    TP_Adj_Info_Show                         0x080081e1   Thumb Code   374  touch.o(.text)
    TP_Adjust                                0x08008357   Thumb Code  2128  touch.o(.text)
    TP_Init                                  0x08008ba7   Thumb Code   292  touch.o(.text)
    GT9147_WR_Reg                            0x08008d25   Thumb Code    92  gt9147.o(.text)
    GT9147_Send_Cfg                          0x08008d81   Thumb Code    86  gt9147.o(.text)
    GT9147_RD_Reg                            0x08008dd7   Thumb Code    98  gt9147.o(.text)
    GT9147_Init                              0x08008e39   Thumb Code   248  gt9147.o(.text)
    GT9147_Scan                              0x08008f31   Thumb Code   494  gt9147.o(.text)
    FT5206_WR_Reg                            0x0800916d   Thumb Code    82  ft5206.o(.text)
    FT5206_RD_Reg                            0x080091bf   Thumb Code    88  ft5206.o(.text)
    FT5206_Init                              0x08009217   Thumb Code   190  ft5206.o(.text)
    FT5206_Scan                              0x080092d5   Thumb Code   400  ft5206.o(.text)
    TIM3_IRQHandler                          0x0800948d   Thumb Code    40  timer.o(.text)
    TIM3_Int_Init                            0x080094b5   Thumb Code    74  timer.o(.text)
    TIM3_PWM_Init                            0x080094ff   Thumb Code   150  timer.o(.text)
    TIM5_Cap_Init                            0x08009595   Thumb Code   176  timer.o(.text)
    TIM5_IRQHandler                          0x08009645   Thumb Code   186  timer.o(.text)
    TIM7_IRQHandler                          0x080096ff   Thumb Code    52  timer.o(.text)
    TIM7_Int_Init                            0x08009733   Thumb Code    74  timer.o(.text)
    usmart_sys_cmd_exe                       0x080097a9   Thumb Code  1570  usmart.o(.text)
    usmart_reset_runtime                     0x08009dcb   Thumb Code    38  usmart.o(.text)
    usmart_get_runtime                       0x08009df1   Thumb Code    56  usmart.o(.text)
    TIM4_IRQHandler                          0x08009e29   Thumb Code    50  usmart.o(.text)
    Timer4_Init                              0x08009e5b   Thumb Code    74  usmart.o(.text)
    usmart_init                              0x08009ea5   Thumb Code    36  usmart.o(.text)
    usmart_cmd_rec                           0x08009ec9   Thumb Code   170  usmart.o(.text)
    usmart_exe                               0x08009f73   Thumb Code   872  usmart.o(.text)
    usmart_scan                              0x0800a2db   Thumb Code   120  usmart.o(.text)
    read_addr                                0x0800a353   Thumb Code     6  usmart.o(.text)
    write_addr                               0x0800a359   Thumb Code     4  usmart.o(.text)
    usmart_strcmp                            0x0800a3e5   Thumb Code    34  usmart_str.o(.text)
    usmart_strcopy                           0x0800a407   Thumb Code    22  usmart_str.o(.text)
    usmart_strlen                            0x0800a41d   Thumb Code    24  usmart_str.o(.text)
    usmart_pow                               0x0800a435   Thumb Code    22  usmart_str.o(.text)
    usmart_str2num                           0x0800a44b   Thumb Code   262  usmart_str.o(.text)
    usmart_get_cmdname                       0x0800a551   Thumb Code    54  usmart_str.o(.text)
    usmart_search_nextc                      0x0800a587   Thumb Code    22  usmart_str.o(.text)
    usmart_get_fname                         0x0800a59d   Thumb Code   440  usmart_str.o(.text)
    usmart_get_aparm                         0x0800a755   Thumb Code   212  usmart_str.o(.text)
    usmart_get_parmpos                       0x0800a829   Thumb Code    26  usmart_str.o(.text)
    usmart_get_fparam                        0x0800a843   Thumb Code   262  usmart_str.o(.text)
    mymemcpy                                 0x0800a955   Thumb Code    26  malloc.o(.text)
    mymemset                                 0x0800a96f   Thumb Code    20  malloc.o(.text)
    my_mem_init                              0x0800a983   Thumb Code    54  malloc.o(.text)
    my_mem_perused                           0x0800a9b9   Thumb Code    54  malloc.o(.text)
    my_mem_malloc                            0x0800a9ef   Thumb Code   154  malloc.o(.text)
    my_mem_free                              0x0800aa89   Thumb Code    94  malloc.o(.text)
    myfree                                   0x0800aae7   Thumb Code    32  malloc.o(.text)
    mymalloc                                 0x0800ab07   Thumb Code    36  malloc.o(.text)
    myrealloc                                0x0800ab2b   Thumb Code    68  malloc.o(.text)
    Get_HzMat                                0x0800ab81   Thumb Code   220  text.o(.text)
    Show_Font                                0x0800ac5d   Thumb Code   190  text.o(.text)
    Show_Str                                 0x0800ad1b   Thumb Code   192  text.o(.text)
    Show_Str_Mid                             0x0800addb   Thumb Code   106  text.o(.text)
    atk_8266_apsta_test                      0x0800ae55   Thumb Code  2058  apsta.o(.text)
    atk_8266_at_response                     0x0800b6f9   Thumb Code    46  common.o(.text)
    atk_8266_check_cmd                       0x0800b727   Thumb Code    44  common.o(.text)
    atk_8266_send_cmd                        0x0800b753   Thumb Code    92  common.o(.text)
    atk_8266_send_data                       0x0800b7af   Thumb Code    84  common.o(.text)
    atk_8266_quit_trans                      0x0800b803   Thumb Code   100  common.o(.text)
    atk_8266_apsta_check                     0x0800b867   Thumb Code    62  common.o(.text)
    atk_8266_consta_check                    0x0800b8a5   Thumb Code    36  common.o(.text)
    atk_8266_load_keyboard                   0x0800b8c9   Thumb Code   280  common.o(.text)
    atk_8266_key_staset                      0x0800b9e1   Thumb Code   446  common.o(.text)
    atk_8266_get_keynum                      0x0800bb9f   Thumb Code   230  common.o(.text)
    atk_8266_get_wanip                       0x0800bc85   Thumb Code    62  common.o(.text)
    atk_8266_get_ip                          0x0800bcc3   Thumb Code   254  common.o(.text)
    atk_8266_msg_show                        0x0800bdc1   Thumb Code   928  common.o(.text)
    atk_8266_wificonf_show                   0x0800c161   Thumb Code   230  common.o(.text)
    atk_8266_netpro_sel                      0x0800c247   Thumb Code   506  common.o(.text)
    atk_8266_ip_set                          0x0800c441   Thumb Code   520  common.o(.text)
    atk_8266_mode_cofig                      0x0800c649   Thumb Code   358  common.o(.text)
    atk_8266_mtest_ui                        0x0800c7af   Thumb Code   168  common.o(.text)
    atk_8266_test                            0x0800c857   Thumb Code   744  common.o(.text)
    atk_8266_wifiap_test                     0x0800cb45   Thumb Code  1948  wifiap.o(.text)
    atk_8266_wifista_test                    0x0800d331   Thumb Code  2018  wifista.o(.text)
    __use_no_semihosting                     0x0800db8d   Thumb Code     2  use_no_semi_2.o(.text)
    __c89vsprintf                            0x0800db91   Thumb Code    32  c89vsprintf.o(.text)
    __2printf                                0x0800dbb5   Thumb Code    20  __2printf.o(.text)
    __2sprintf                               0x0800dbcd   Thumb Code    38  __2sprintf.o(.text)
    _printf_pre_padding                      0x0800dbf9   Thumb Code    44  _printf_pad.o(.text)
    _printf_post_padding                     0x0800dc25   Thumb Code    34  _printf_pad.o(.text)
    _printf_str                              0x0800dc47   Thumb Code    82  _printf_str.o(.text)
    _printf_int_dec                          0x0800dc99   Thumb Code   104  _printf_dec.o(.text)
    _printf_longlong_hex                     0x0800dd11   Thumb Code    86  _printf_hex_int_ll_ptr.o(.text)
    _printf_int_hex                          0x0800dd67   Thumb Code    28  _printf_hex_int_ll_ptr.o(.text)
    _printf_ll_hex                           0x0800dd83   Thumb Code    12  _printf_hex_int_ll_ptr.o(.text)
    _printf_hex_ptr                          0x0800dd8f   Thumb Code    18  _printf_hex_int_ll_ptr.o(.text)
    __printf                                 0x0800dda5   Thumb Code   388  __printf_flags_ss_wp.o(.text)
    strstr                                   0x0800df2d   Thumb Code    36  strstr.o(.text)
    strlen                                   0x0800df51   Thumb Code    62  strlen.o(.text)
    __aeabi_memcpy                           0x0800df8f   Thumb Code     0  rt_memcpy_v6.o(.text)
    __rt_memcpy                              0x0800df8f   Thumb Code   138  rt_memcpy_v6.o(.text)
    _memcpy_lastbytes                        0x0800dff5   Thumb Code     0  rt_memcpy_v6.o(.text)
    strcmp                                   0x0800e019   Thumb Code   128  strcmpv7m.o(.text)
    __use_two_region_memory                  0x0800e099   Thumb Code     2  heapauxi.o(.text)
    __rt_heap_escrow$2region                 0x0800e09b   Thumb Code     2  heapauxi.o(.text)
    __rt_heap_expand$2region                 0x0800e09d   Thumb Code     2  heapauxi.o(.text)
    __I$use$semihosting                      0x0800e09f   Thumb Code     0  use_no_semi.o(.text)
    __use_no_semihosting_swi                 0x0800e09f   Thumb Code     2  use_no_semi.o(.text)
    __read_errno                             0x0800e0a1   Thumb Code    10  _rserrno.o(.text)
    __set_errno                              0x0800e0ab   Thumb Code    12  _rserrno.o(.text)
    _printf_truncate_signed                  0x0800e0b7   Thumb Code    18  _printf_truncate.o(.text)
    _printf_truncate_unsigned                0x0800e0c9   Thumb Code    18  _printf_truncate.o(.text)
    _printf_int_common                       0x0800e0db   Thumb Code   178  _printf_intcommon.o(.text)
    _printf_charcount                        0x0800e18d   Thumb Code    40  _printf_charcount.o(.text)
    _printf_char_common                      0x0800e1bf   Thumb Code    32  _printf_char_common.o(.text)
    _sputc                                   0x0800e1e5   Thumb Code    10  _sputc.o(.text)
    _printf_cs_common                        0x0800e1ef   Thumb Code    20  _printf_char.o(.text)
    _printf_char                             0x0800e203   Thumb Code    16  _printf_char.o(.text)
    _printf_string                           0x0800e213   Thumb Code     8  _printf_char.o(.text)
    _printf_char_file                        0x0800e21d   Thumb Code    32  _printf_char_file.o(.text)
    _printf_wctomb                           0x0800e241   Thumb Code   182  _printf_wctomb.o(.text)
    _printf_longlong_dec                     0x0800e2fd   Thumb Code   108  _printf_longlong_dec.o(.text)
    _printf_longlong_oct                     0x0800e379   Thumb Code    68  _printf_oct_int_ll.o(.text)
    _printf_int_oct                          0x0800e3bd   Thumb Code    24  _printf_oct_int_ll.o(.text)
    _printf_ll_oct                           0x0800e3d5   Thumb Code    12  _printf_oct_int_ll.o(.text)
    __aeabi_memcpy4                          0x0800e3e9   Thumb Code     0  rt_memcpy_w.o(.text)
    __aeabi_memcpy8                          0x0800e3e9   Thumb Code     0  rt_memcpy_w.o(.text)
    __rt_memcpy_w                            0x0800e3e9   Thumb Code   100  rt_memcpy_w.o(.text)
    _memcpy_lastbytes_aligned                0x0800e431   Thumb Code     0  rt_memcpy_w.o(.text)
    __aeabi_errno_addr                       0x0800e44d   Thumb Code     8  rt_errno_addr_intlibspace.o(.text)
    __errno$intlibspace                      0x0800e44d   Thumb Code     0  rt_errno_addr_intlibspace.o(.text)
    __rt_errno_addr$intlibspace              0x0800e44d   Thumb Code     0  rt_errno_addr_intlibspace.o(.text)
    _ll_udiv10                               0x0800e455   Thumb Code   138  lludiv10.o(.text)
    __lib_sel_fp_printf                      0x0800e4df   Thumb Code     2  _printf_fp_dec.o(.text)
    _printf_fp_dec_real                      0x0800e68d   Thumb Code   620  _printf_fp_dec.o(.text)
    _printf_lcs_common                       0x0800e8f9   Thumb Code    20  _printf_wchar.o(.text)
    _printf_wchar                            0x0800e90d   Thumb Code    16  _printf_wchar.o(.text)
    _printf_wstring                          0x0800e91d   Thumb Code     8  _printf_wchar.o(.text)
    ferror                                   0x0800e925   Thumb Code     8  ferror.o(.text)
    _wcrtomb                                 0x0800e92d   Thumb Code    64  _wcrtomb.o(.text)
    __user_libspace                          0x0800e96d   Thumb Code     8  libspace.o(.text)
    __user_perproc_libspace                  0x0800e96d   Thumb Code     0  libspace.o(.text)
    __user_perthread_libspace                0x0800e96d   Thumb Code     0  libspace.o(.text)
    __user_setup_stackheap                   0x0800e975   Thumb Code    74  sys_stackheap_outer.o(.text)
    __rt_ctype_table                         0x0800e9c1   Thumb Code    16  rt_ctype_table.o(.text)
    __rt_locale                              0x0800e9d1   Thumb Code     8  rt_locale_intlibspace.o(.text)
    _printf_fp_infnan                        0x0800e9d9   Thumb Code   112  _printf_fp_infnan.o(.text)
    _btod_etento                             0x0800ea59   Thumb Code   216  bigflt0.o(.text)
    exit                                     0x0800eb35   Thumb Code    12  exit.o(.text)
    _btod_d2e                                0x0800eb41   Thumb Code    62  btod.o(CL$$btod_d2e)
    _d2e_denorm_low                          0x0800eb7f   Thumb Code    70  btod.o(CL$$btod_d2e_denorm_low)
    _d2e_norm_op1                            0x0800ebc5   Thumb Code    96  btod.o(CL$$btod_d2e_norm_op1)
    __btod_div_common                        0x0800ec25   Thumb Code   696  btod.o(CL$$btod_div_common)
    _e2e                                     0x0800ef5d   Thumb Code   198  btod.o(CL$$btod_e2e)
    _btod_ediv                               0x0800f023   Thumb Code    40  btod.o(CL$$btod_ediv)
    _btod_emul                               0x0800f04b   Thumb Code    40  btod.o(CL$$btod_emul)
    __btod_mult_common                       0x0800f073   Thumb Code   580  btod.o(CL$$btod_mult_common)
    __ARM_fpclassify                         0x0800f2b7   Thumb Code    40  fpclassify.o(i.__ARM_fpclassify)
    _is_digit                                0x0800f2df   Thumb Code    14  __printf_wp.o(i._is_digit)
    sqrt                                     0x0800f2ed   Thumb Code    76  sqrt.o(i.sqrt)
    _get_lc_numeric                          0x0800f339   Thumb Code    44  lc_numeric_c.o(locale$$code)
    _get_lc_ctype                            0x0800f365   Thumb Code    44  lc_ctype_c.o(locale$$code)
    __aeabi_dadd                             0x0800f391   Thumb Code     0  daddsub_clz.o(x$fpl$dadd)
    _dadd                                    0x0800f391   Thumb Code   332  daddsub_clz.o(x$fpl$dadd)
    __fpl_dcmp_Inf                           0x0800f4e1   Thumb Code    24  dcmpi.o(x$fpl$dcmpinf)
    __aeabi_d2uiz                            0x0800f4f9   Thumb Code     0  dfixu.o(x$fpl$dfixu)
    _dfixu                                   0x0800f4f9   Thumb Code    90  dfixu.o(x$fpl$dfixu)
    __aeabi_i2d                              0x0800f553   Thumb Code     0  dflt_clz.o(x$fpl$dflt)
    _dflt                                    0x0800f553   Thumb Code    46  dflt_clz.o(x$fpl$dflt)
    __aeabi_ui2d                             0x0800f581   Thumb Code     0  dflt_clz.o(x$fpl$dfltu)
    _dfltu                                   0x0800f581   Thumb Code    38  dflt_clz.o(x$fpl$dfltu)
    __aeabi_cdcmple                          0x0800f5a9   Thumb Code     0  dleqf.o(x$fpl$dleqf)
    _dcmple                                  0x0800f5a9   Thumb Code   120  dleqf.o(x$fpl$dleqf)
    __fpl_dcmple_InfNaN                      0x0800f60b   Thumb Code     0  dleqf.o(x$fpl$dleqf)
    __aeabi_dmul                             0x0800f621   Thumb Code     0  dmul.o(x$fpl$dmul)
    _dmul                                    0x0800f621   Thumb Code   332  dmul.o(x$fpl$dmul)
    __fpl_dnaninf                            0x0800f775   Thumb Code   156  dnaninf.o(x$fpl$dnaninf)
    __fpl_dretinf                            0x0800f811   Thumb Code    12  dretinf.o(x$fpl$dretinf)
    __aeabi_cdrcmple                         0x0800f81d   Thumb Code     0  drleqf.o(x$fpl$drleqf)
    _drcmple                                 0x0800f81d   Thumb Code   108  drleqf.o(x$fpl$drleqf)
    __aeabi_drsub                            0x0800f889   Thumb Code     0  daddsub_clz.o(x$fpl$drsb)
    _drsb                                    0x0800f889   Thumb Code    22  daddsub_clz.o(x$fpl$drsb)
    _dsqrt                                   0x0800f8a1   Thumb Code   456  dsqrt_noumaal.o(x$fpl$dsqrt)
    __aeabi_dsub                             0x0800fa6d   Thumb Code     0  daddsub_clz.o(x$fpl$dsub)
    _dsub                                    0x0800fa6d   Thumb Code   464  daddsub_clz.o(x$fpl$dsub)
    __aeabi_f2d                              0x0800fc41   Thumb Code     0  f2d.o(x$fpl$f2d)
    _f2d                                     0x0800fc41   Thumb Code    86  f2d.o(x$fpl$f2d)
    __aeabi_fadd                             0x0800fc99   Thumb Code     0  faddsub_clz.o(x$fpl$fadd)
    _fadd                                    0x0800fc99   Thumb Code   196  faddsub_clz.o(x$fpl$fadd)
    __aeabi_fdiv                             0x0800fd5d   Thumb Code     0  fdiv.o(x$fpl$fdiv)
    _fdiv                                    0x0800fd5d   Thumb Code   384  fdiv.o(x$fpl$fdiv)
    __aeabi_f2iz                             0x0800fee1   Thumb Code     0  ffix.o(x$fpl$ffix)
    _ffix                                    0x0800fee1   Thumb Code    54  ffix.o(x$fpl$ffix)
    __aeabi_f2uiz                            0x0800ff19   Thumb Code     0  ffixu.o(x$fpl$ffixu)
    _ffixu                                   0x0800ff19   Thumb Code    62  ffixu.o(x$fpl$ffixu)
    __aeabi_i2f                              0x0800ff59   Thumb Code     0  fflt_clz.o(x$fpl$fflt)
    _fflt                                    0x0800ff59   Thumb Code    48  fflt_clz.o(x$fpl$fflt)
    __aeabi_ui2f                             0x0800ff89   Thumb Code     0  fflt_clz.o(x$fpl$ffltu)
    _ffltu                                   0x0800ff89   Thumb Code    38  fflt_clz.o(x$fpl$ffltu)
    __aeabi_fmul                             0x0800ffb1   Thumb Code     0  fmul.o(x$fpl$fmul)
    _fmul                                    0x0800ffb1   Thumb Code   258  fmul.o(x$fpl$fmul)
    __fpl_fnaninf                            0x080100b3   Thumb Code   140  fnaninf.o(x$fpl$fnaninf)
    __fpl_fretinf                            0x0801013f   Thumb Code    10  fretinf.o(x$fpl$fretinf)
    __aeabi_frsub                            0x08010149   Thumb Code     0  faddsub_clz.o(x$fpl$frsb)
    _frsb                                    0x08010149   Thumb Code    20  faddsub_clz.o(x$fpl$frsb)
    __aeabi_fsub                             0x0801015d   Thumb Code     0  faddsub_clz.o(x$fpl$fsub)
    _fsub                                    0x0801015d   Thumb Code   234  faddsub_clz.o(x$fpl$fsub)
    _printf_fp_dec                           0x08010247   Thumb Code     4  printf1.o(x$fpl$printf1)
    __I$use$fp                               0x0801024a   Number         0  usenofp.o(x$fpl$usenofp)
    asc2_1206                                0x0801024a   Data        1140  ili93xx.o(.constdata)
    asc2_1608                                0x080106be   Data        1520  ili93xx.o(.constdata)
    asc2_2412                                0x08010cae   Data        3420  ili93xx.o(.constdata)
    OTT_TPX_TBL                              0x08011a0a   Data          10  ott2001a.o(.constdata)
    TP_REMIND_MSG_TBL                        0x08011a14   Data           4  touch.o(.constdata)
    GT9147_CFG_TBL                           0x08011a18   Data         184  gt9147.o(.constdata)
    GT9147_TPX_TBL                           0x08011ad0   Data          10  gt9147.o(.constdata)
    FT5206_TPX_TBL                           0x08011ada   Data          10  ft5206.o(.constdata)
    memtblsize                               0x08011ae4   Data           8  malloc.o(.constdata)
    memblksize                               0x08011aec   Data           8  malloc.o(.constdata)
    memsize                                  0x08011af4   Data           8  malloc.o(.constdata)
    Region$$Table$$Base                      0x08011df4   Number         0  anon$$obj.o(Region$$Table)
    Region$$Table$$Limit                     0x08011e14   Number         0  anon$$obj.o(Region$$Table)
    __ctype                                  0x08011e3d   Data           0  lc_ctype_c.o(locale$$data)
    __stdout                                 0x20000004   Data           4  usart.o(.data)
    USART_RX_STA                             0x20000008   Data           2  usart.o(.data)
    POINT_COLOR                              0x2000000c   Data           2  ili93xx.o(.data)
    BACK_COLOR                               0x2000000e   Data           2  ili93xx.o(.data)
    TransferError                            0x2000001a   Data           1  sdio_sdcard.o(.data)
    TransferEnd                              0x2000001b   Data           1  sdio_sdcard.o(.data)
    tempbuff                                 0x2000001c   Data           4  sdio_sdcard.o(.data)
    USART3_RX_STA                            0x20000022   Data           2  usart3.o(.data)
    W25QXX_TYPE                              0x20000024   Data           2  w25qxx.o(.data)
    tp_dev                                   0x20000028   Data          52  touch.o(.data)
    CMD_RDX                                  0x2000005c   Data           1  touch.o(.data)
    CMD_RDY                                  0x2000005d   Data           1  touch.o(.data)
    TIM5CH1_CAPTURE_STA                      0x20000060   Data           1  timer.o(.data)
    TIM5CH1_CAPTURE_VAL                      0x20000062   Data           2  timer.o(.data)
    sys_cmd_tab                              0x20000064   Data          28  usmart.o(.data)
    usmart_nametab                           0x20000080   Data          32  usmart_config.o(.data)
    usmart_dev                               0x200000a0   Data         244  usmart_config.o(.data)
    mallco_dev                               0x20000194   Data          28  malloc.o(.data)
    portnum                                  0x200001b0   Data           4  common.o(.data)
    wifista_ssid                             0x200001b4   Data           4  common.o(.data)
    wifista_encryption                       0x200001b8   Data           4  common.o(.data)
    wifista_password                         0x200001bc   Data           4  common.o(.data)
    wifiap_ssid                              0x200001c0   Data           4  common.o(.data)
    wifiap_encryption                        0x200001c4   Data           4  common.o(.data)
    wifiap_password                          0x200001c8   Data           4  common.o(.data)
    ATK_ESP8266_CWMODE_TBL                   0x200001cc   Data          12  common.o(.data)
    ATK_ESP8266_WORKMODE_TBL                 0x200001d8   Data          12  common.o(.data)
    ATK_ESP8266_ECN_TBL                      0x200001e4   Data          20  common.o(.data)
    kbd_tbl                                  0x200001f8   Data          52  common.o(.data)
    kbd_fn_tbl                               0x2000022c   Data           8  common.o(.data)
    netpro                                   0x20000235   Data           1  wifista.o(.data)
    USART_RX_BUF                             0x20000238   Data         200  usart.o(.bss)
    lcddev                                   0x20000300   Data          14  ili93xx.o(.bss)
    SDCardInfo                               0x20000330   Data          88  sdio_sdcard.o(.bss)
    SDIO_DATA_BUFFER                         0x20000388   Data         512  sdio_sdcard.o(.bss)
    USART3_RX_BUF                            0x20000588   Data         800  usart3.o(.bss)
    USART3_TX_BUF                            0x200008a8   Data         800  usart3.o(.bss)
    W25QXX_BUFFER                            0x20000bc8   Data        4096  w25qxx.o(.bss)
    mem1base                                 0x20001be0   Data       40960  malloc.o(.bss)
    mem1mapbase                              0x2000bbe0   Data        2560  malloc.o(.bss)
    ftinfo                                   0x2000c5e0   Data          33  fontupd.o(.bss)
    __libspace_start                         0x2000c604   Data          96  libspace.o(.bss)
    __temporary_stack_top$libspace           0x2000c664   Data           0  libspace.o(.bss)
    mem2base                                 0x68000000   Data          32  malloc.o(.ARM.__AT_0x68000000)
    mem2mapbase                              0x68000020   Data           2  malloc.o(.ARM.__AT_0x68000020)



==============================================================================

Memory Map of the image

  Image Entry point : 0x08000131

  Load Region LR_IROM1 (Base: 0x08000000, Size: 0x00012178, Max: 0x00080000, ABSOLUTE, COMPRESSED[0x00012014])

    Execution Region ER_IROM1 (Base: 0x08000000, Size: 0x00011f40, Max: 0x00080000, ABSOLUTE)

    Base Addr    Size         Type   Attr      Idx    E Section Name        Object

    0x08000000   0x00000130   Data   RO            3    RESET               startup_stm32f10x_hd.o
    0x08000130   0x00000008   Code   RO          787  * !!!main             c_w.l(__main.o)
    0x08000138   0x00000034   Code   RO         1142    !!!scatter          c_w.l(__scatter.o)
    0x0800016c   0x0000005a   Code   RO         1140    !!dczerorl2         c_w.l(__dczerorl2.o)
    0x080001c6   0x00000002   PAD
    0x080001c8   0x0000001c   Code   RO         1144    !!handler_zi        c_w.l(__scatter_zi.o)
    0x080001e4   0x00000000   Code   RO          772    .ARM.Collect$$_printf_percent$$00000000  c_w.l(_printf_percent.o)
    0x080001e4   0x00000006   Code   RO          881    .ARM.Collect$$_printf_percent$$00000001  c_w.l(_printf_n.o)
    0x080001ea   0x00000006   Code   RO          882    .ARM.Collect$$_printf_percent$$00000002  c_w.l(_printf_p.o)
    0x080001f0   0x00000006   Code   RO          885    .ARM.Collect$$_printf_percent$$00000003  c_w.l(_printf_f.o)
    0x080001f6   0x00000006   Code   RO          886    .ARM.Collect$$_printf_percent$$00000004  c_w.l(_printf_e.o)
    0x080001fc   0x00000006   Code   RO          887    .ARM.Collect$$_printf_percent$$00000005  c_w.l(_printf_g.o)
    0x08000202   0x00000006   Code   RO          888    .ARM.Collect$$_printf_percent$$00000006  c_w.l(_printf_a.o)
    0x08000208   0x0000000a   Code   RO          893    .ARM.Collect$$_printf_percent$$00000007  c_w.l(_printf_ll.o)
    0x08000212   0x00000006   Code   RO          884    .ARM.Collect$$_printf_percent$$00000008  c_w.l(_printf_i.o)
    0x08000218   0x00000006   Code   RO          770    .ARM.Collect$$_printf_percent$$00000009  c_w.l(_printf_d.o)
    0x0800021e   0x00000006   Code   RO          771    .ARM.Collect$$_printf_percent$$0000000A  c_w.l(_printf_u.o)
    0x08000224   0x00000006   Code   RO          883    .ARM.Collect$$_printf_percent$$0000000B  c_w.l(_printf_o.o)
    0x0800022a   0x00000006   Code   RO          769    .ARM.Collect$$_printf_percent$$0000000C  c_w.l(_printf_x.o)
    0x08000230   0x00000006   Code   RO          890    .ARM.Collect$$_printf_percent$$0000000D  c_w.l(_printf_lli.o)
    0x08000236   0x00000006   Code   RO          891    .ARM.Collect$$_printf_percent$$0000000E  c_w.l(_printf_lld.o)
    0x0800023c   0x00000006   Code   RO          892    .ARM.Collect$$_printf_percent$$0000000F  c_w.l(_printf_llu.o)
    0x08000242   0x00000006   Code   RO          897    .ARM.Collect$$_printf_percent$$00000010  c_w.l(_printf_llo.o)
    0x08000248   0x00000006   Code   RO          898    .ARM.Collect$$_printf_percent$$00000011  c_w.l(_printf_llx.o)
    0x0800024e   0x0000000a   Code   RO          894    .ARM.Collect$$_printf_percent$$00000012  c_w.l(_printf_l.o)
    0x08000258   0x00000006   Code   RO          767    .ARM.Collect$$_printf_percent$$00000013  c_w.l(_printf_c.o)
    0x0800025e   0x00000006   Code   RO          768    .ARM.Collect$$_printf_percent$$00000014  c_w.l(_printf_s.o)
    0x08000264   0x00000006   Code   RO          895    .ARM.Collect$$_printf_percent$$00000015  c_w.l(_printf_lc.o)
    0x0800026a   0x00000006   Code   RO          896    .ARM.Collect$$_printf_percent$$00000016  c_w.l(_printf_ls.o)
    0x08000270   0x00000004   Code   RO          889    .ARM.Collect$$_printf_percent$$00000017  c_w.l(_printf_percent_end.o)
    0x08000274   0x00000002   Code   RO         1007    .ARM.Collect$$libinit$$00000000  c_w.l(libinit.o)
    0x08000276   0x00000000   Code   RO         1022    .ARM.Collect$$libinit$$00000002  c_w.l(libinit2.o)
    0x08000276   0x00000000   Code   RO         1024    .ARM.Collect$$libinit$$00000004  c_w.l(libinit2.o)
    0x08000276   0x00000000   Code   RO         1027    .ARM.Collect$$libinit$$0000000A  c_w.l(libinit2.o)
    0x08000276   0x00000000   Code   RO         1029    .ARM.Collect$$libinit$$0000000C  c_w.l(libinit2.o)
    0x08000276   0x00000000   Code   RO         1031    .ARM.Collect$$libinit$$0000000E  c_w.l(libinit2.o)
    0x08000276   0x00000006   Code   RO         1032    .ARM.Collect$$libinit$$0000000F  c_w.l(libinit2.o)
    0x0800027c   0x00000000   Code   RO         1034    .ARM.Collect$$libinit$$00000011  c_w.l(libinit2.o)
    0x0800027c   0x0000000c   Code   RO         1035    .ARM.Collect$$libinit$$00000012  c_w.l(libinit2.o)
    0x08000288   0x00000000   Code   RO         1036    .ARM.Collect$$libinit$$00000013  c_w.l(libinit2.o)
    0x08000288   0x00000000   Code   RO         1038    .ARM.Collect$$libinit$$00000015  c_w.l(libinit2.o)
    0x08000288   0x0000000a   Code   RO         1039    .ARM.Collect$$libinit$$00000016  c_w.l(libinit2.o)
    0x08000292   0x00000000   Code   RO         1040    .ARM.Collect$$libinit$$00000017  c_w.l(libinit2.o)
    0x08000292   0x00000000   Code   RO         1042    .ARM.Collect$$libinit$$00000019  c_w.l(libinit2.o)
    0x08000292   0x00000000   Code   RO         1044    .ARM.Collect$$libinit$$0000001B  c_w.l(libinit2.o)
    0x08000292   0x00000000   Code   RO         1046    .ARM.Collect$$libinit$$0000001D  c_w.l(libinit2.o)
    0x08000292   0x00000000   Code   RO         1048    .ARM.Collect$$libinit$$0000001F  c_w.l(libinit2.o)
    0x08000292   0x00000000   Code   RO         1050    .ARM.Collect$$libinit$$00000021  c_w.l(libinit2.o)
    0x08000292   0x00000000   Code   RO         1052    .ARM.Collect$$libinit$$00000023  c_w.l(libinit2.o)
    0x08000292   0x00000000   Code   RO         1054    .ARM.Collect$$libinit$$00000025  c_w.l(libinit2.o)
    0x08000292   0x00000000   Code   RO         1058    .ARM.Collect$$libinit$$0000002C  c_w.l(libinit2.o)
    0x08000292   0x00000000   Code   RO         1060    .ARM.Collect$$libinit$$0000002E  c_w.l(libinit2.o)
    0x08000292   0x00000000   Code   RO         1062    .ARM.Collect$$libinit$$00000030  c_w.l(libinit2.o)
    0x08000292   0x00000000   Code   RO         1064    .ARM.Collect$$libinit$$00000032  c_w.l(libinit2.o)
    0x08000292   0x00000002   Code   RO         1065    .ARM.Collect$$libinit$$00000033  c_w.l(libinit2.o)
    0x08000294   0x00000002   Code   RO         1093    .ARM.Collect$$libshutdown$$00000000  c_w.l(libshutdown.o)
    0x08000296   0x00000000   Code   RO         1108    .ARM.Collect$$libshutdown$$00000003  c_w.l(libshutdown2.o)
    0x08000296   0x00000000   Code   RO         1111    .ARM.Collect$$libshutdown$$00000006  c_w.l(libshutdown2.o)
    0x08000296   0x00000000   Code   RO         1114    .ARM.Collect$$libshutdown$$00000009  c_w.l(libshutdown2.o)
    0x08000296   0x00000000   Code   RO         1116    .ARM.Collect$$libshutdown$$0000000B  c_w.l(libshutdown2.o)
    0x08000296   0x00000000   Code   RO         1119    .ARM.Collect$$libshutdown$$0000000E  c_w.l(libshutdown2.o)
    0x08000296   0x00000002   Code   RO         1120    .ARM.Collect$$libshutdown$$0000000F  c_w.l(libshutdown2.o)
    0x08000298   0x00000000   Code   RO          851    .ARM.Collect$$rtentry$$00000000  c_w.l(__rtentry.o)
    0x08000298   0x00000000   Code   RO          919    .ARM.Collect$$rtentry$$00000002  c_w.l(__rtentry2.o)
    0x08000298   0x00000006   Code   RO          931    .ARM.Collect$$rtentry$$00000004  c_w.l(__rtentry4.o)
    0x0800029e   0x00000000   Code   RO          921    .ARM.Collect$$rtentry$$00000009  c_w.l(__rtentry2.o)
    0x0800029e   0x00000004   Code   RO          922    .ARM.Collect$$rtentry$$0000000A  c_w.l(__rtentry2.o)
    0x080002a2   0x00000000   Code   RO          924    .ARM.Collect$$rtentry$$0000000C  c_w.l(__rtentry2.o)
    0x080002a2   0x00000008   Code   RO          925    .ARM.Collect$$rtentry$$0000000D  c_w.l(__rtentry2.o)
    0x080002aa   0x00000002   Code   RO         1012    .ARM.Collect$$rtexit$$00000000  c_w.l(rtexit.o)
    0x080002ac   0x00000000   Code   RO         1067    .ARM.Collect$$rtexit$$00000002  c_w.l(rtexit2.o)
    0x080002ac   0x00000004   Code   RO         1068    .ARM.Collect$$rtexit$$00000003  c_w.l(rtexit2.o)
    0x080002b0   0x00000006   Code   RO         1069    .ARM.Collect$$rtexit$$00000004  c_w.l(rtexit2.o)
    0x080002b6   0x00000002   PAD
    0x080002b8   0x00000034   Code   RO            4    .text               startup_stm32f10x_hd.o
    0x080002ec   0x00000074   Code   RO           10    .text               main.o
    0x08000360   0x000000b0   Code   RO          122    .text               delay.o
    0x08000410   0x000002c8   Code   RO          137    .text               sys.o
    0x080006d8   0x00000178   Code   RO          152    .text               usart.o
    0x08000850   0x00000124   Code   RO          175    .text               24cxx.o
    0x08000974   0x00000268   Code   RO          193    .text               myiic.o
    0x08000bdc   0x000000e4   Code   RO          205    .text               key.o
    0x08000cc0   0x00004aba   Code   RO          218    .text               ili93xx.o
    0x0800577a   0x00000002   PAD
    0x0800577c   0x00001a38   Code   RO          260    .text               sdio_sdcard.o
    0x080071b4   0x00000134   Code   RO          286    .text               spi.o
    0x080072e8   0x00000288   Code   RO          301    .text               ctiic.o
    0x08007570   0x00000358   Code   RO          316    .text               ott2001a.o
    0x080078c8   0x00000168   Code   RO          332    .text               usart3.o
    0x08007a30   0x00000360   Code   RO          361    .text               w25qxx.o
    0x08007d90   0x00000f94   Code   RO          380    .text               touch.o
    0x08008d24   0x00000448   Code   RO          404    .text               gt9147.o
    0x0800916c   0x00000320   Code   RO          420    .text               ft5206.o
    0x0800948c   0x0000031c   Code   RO          436    .text               timer.o
    0x080097a8   0x00000c3c   Code   RO          452    .text               usmart.o
    0x0800a3e4   0x00000570   Code   RO          481    .text               usmart_str.o
    0x0800a954   0x0000022c   Code   RO          493    .text               malloc.o
    0x0800ab80   0x000002d4   Code   RO          632    .text               text.o
    0x0800ae54   0x000008a4   Code   RO          644    .text               apsta.o
    0x0800b6f8   0x0000144c   Code   RO          656    .text               common.o
    0x0800cb44   0x000007ec   Code   RO          675    .text               wifiap.o
    0x0800d330   0x0000085c   Code   RO          687    .text               wifista.o
    0x0800db8c   0x00000002   Code   RO          704    .text               c_w.l(use_no_semi_2.o)
    0x0800db8e   0x00000002   PAD
    0x0800db90   0x00000024   Code   RO          708    .text               c_w.l(c89vsprintf.o)
    0x0800dbb4   0x00000018   Code   RO          710    .text               c_w.l(__2printf.o)
    0x0800dbcc   0x0000002c   Code   RO          712    .text               c_w.l(__2sprintf.o)
    0x0800dbf8   0x0000004e   Code   RO          720    .text               c_w.l(_printf_pad.o)
    0x0800dc46   0x00000052   Code   RO          722    .text               c_w.l(_printf_str.o)
    0x0800dc98   0x00000078   Code   RO          724    .text               c_w.l(_printf_dec.o)
    0x0800dd10   0x00000094   Code   RO          744    .text               c_w.l(_printf_hex_int_ll_ptr.o)
    0x0800dda4   0x00000188   Code   RO          764    .text               c_w.l(__printf_flags_ss_wp.o)
    0x0800df2c   0x00000024   Code   RO          773    .text               c_w.l(strstr.o)
    0x0800df50   0x0000003e   Code   RO          777    .text               c_w.l(strlen.o)
    0x0800df8e   0x0000008a   Code   RO          781    .text               c_w.l(rt_memcpy_v6.o)
    0x0800e018   0x00000080   Code   RO          783    .text               c_w.l(strcmpv7m.o)
    0x0800e098   0x00000006   Code   RO          785    .text               c_w.l(heapauxi.o)
    0x0800e09e   0x00000002   Code   RO          849    .text               c_w.l(use_no_semi.o)
    0x0800e0a0   0x00000016   Code   RO          854    .text               c_w.l(_rserrno.o)
    0x0800e0b6   0x00000024   Code   RO          856    .text               c_w.l(_printf_truncate.o)
    0x0800e0da   0x000000b2   Code   RO          858    .text               c_w.l(_printf_intcommon.o)
    0x0800e18c   0x00000028   Code   RO          860    .text               c_w.l(_printf_charcount.o)
    0x0800e1b4   0x00000030   Code   RO          862    .text               c_w.l(_printf_char_common.o)
    0x0800e1e4   0x0000000a   Code   RO          864    .text               c_w.l(_sputc.o)
    0x0800e1ee   0x0000002c   Code   RO          866    .text               c_w.l(_printf_char.o)
    0x0800e21a   0x00000002   PAD
    0x0800e21c   0x00000024   Code   RO          868    .text               c_w.l(_printf_char_file.o)
    0x0800e240   0x000000bc   Code   RO          870    .text               c_w.l(_printf_wctomb.o)
    0x0800e2fc   0x0000007c   Code   RO          873    .text               c_w.l(_printf_longlong_dec.o)
    0x0800e378   0x00000070   Code   RO          879    .text               c_w.l(_printf_oct_int_ll.o)
    0x0800e3e8   0x00000064   Code   RO          899    .text               c_w.l(rt_memcpy_w.o)
    0x0800e44c   0x00000008   Code   RO          940    .text               c_w.l(rt_errno_addr_intlibspace.o)
    0x0800e454   0x0000008a   Code   RO          942    .text               c_w.l(lludiv10.o)
    0x0800e4de   0x0000041a   Code   RO          944    .text               c_w.l(_printf_fp_dec.o)
    0x0800e8f8   0x0000002c   Code   RO          948    .text               c_w.l(_printf_wchar.o)
    0x0800e924   0x00000008   Code   RO          950    .text               c_w.l(ferror.o)
    0x0800e92c   0x00000040   Code   RO          954    .text               c_w.l(_wcrtomb.o)
    0x0800e96c   0x00000008   Code   RO          956    .text               c_w.l(libspace.o)
    0x0800e974   0x0000004a   Code   RO          959    .text               c_w.l(sys_stackheap_outer.o)
    0x0800e9be   0x00000002   PAD
    0x0800e9c0   0x00000010   Code   RO          961    .text               c_w.l(rt_ctype_table.o)
    0x0800e9d0   0x00000008   Code   RO          968    .text               c_w.l(rt_locale_intlibspace.o)
    0x0800e9d8   0x00000080   Code   RO          970    .text               c_w.l(_printf_fp_infnan.o)
    0x0800ea58   0x000000dc   Code   RO          972    .text               c_w.l(bigflt0.o)
    0x0800eb34   0x0000000c   Code   RO         1000    .text               c_w.l(exit.o)
    0x0800eb40   0x0000003e   Code   RO          975    CL$$btod_d2e        c_w.l(btod.o)
    0x0800eb7e   0x00000046   Code   RO          977    CL$$btod_d2e_denorm_low  c_w.l(btod.o)
    0x0800ebc4   0x00000060   Code   RO          976    CL$$btod_d2e_norm_op1  c_w.l(btod.o)
    0x0800ec24   0x00000338   Code   RO          985    CL$$btod_div_common  c_w.l(btod.o)
    0x0800ef5c   0x000000c6   Code   RO          982    CL$$btod_e2e        c_w.l(btod.o)
    0x0800f022   0x00000028   Code   RO          979    CL$$btod_ediv       c_w.l(btod.o)
    0x0800f04a   0x00000028   Code   RO          978    CL$$btod_emul       c_w.l(btod.o)
    0x0800f072   0x00000244   Code   RO          984    CL$$btod_mult_common  c_w.l(btod.o)
    0x0800f2b6   0x00000028   Code   RO         1010    i.__ARM_fpclassify  m_ws.l(fpclassify.o)
    0x0800f2de   0x0000000e   Code   RO          757    i._is_digit         c_w.l(__printf_wp.o)
    0x0800f2ec   0x0000004c   Code   RO          842    i.sqrt              m_ws.l(sqrt.o)
    0x0800f338   0x0000002c   Code   RO          998    locale$$code        c_w.l(lc_numeric_c.o)
    0x0800f364   0x0000002c   Code   RO         1015    locale$$code        c_w.l(lc_ctype_c.o)
    0x0800f390   0x00000150   Code   RO          789    x$fpl$dadd          fz_ws.l(daddsub_clz.o)
    0x0800f4e0   0x00000018   Code   RO          901    x$fpl$dcmpinf       fz_ws.l(dcmpi.o)
    0x0800f4f8   0x0000005a   Code   RO          795    x$fpl$dfixu         fz_ws.l(dfixu.o)
    0x0800f552   0x0000002e   Code   RO          800    x$fpl$dflt          fz_ws.l(dflt_clz.o)
    0x0800f580   0x00000026   Code   RO          799    x$fpl$dfltu         fz_ws.l(dflt_clz.o)
    0x0800f5a6   0x00000002   PAD
    0x0800f5a8   0x00000078   Code   RO          805    x$fpl$dleqf         fz_ws.l(dleqf.o)
    0x0800f620   0x00000154   Code   RO          807    x$fpl$dmul          fz_ws.l(dmul.o)
    0x0800f774   0x0000009c   Code   RO          903    x$fpl$dnaninf       fz_ws.l(dnaninf.o)
    0x0800f810   0x0000000c   Code   RO          905    x$fpl$dretinf       fz_ws.l(dretinf.o)
    0x0800f81c   0x0000006c   Code   RO          809    x$fpl$drleqf        fz_ws.l(drleqf.o)
    0x0800f888   0x00000016   Code   RO          790    x$fpl$drsb          fz_ws.l(daddsub_clz.o)
    0x0800f89e   0x00000002   PAD
    0x0800f8a0   0x000001cc   Code   RO          907    x$fpl$dsqrt         fz_ws.l(dsqrt_noumaal.o)
    0x0800fa6c   0x000001d4   Code   RO          791    x$fpl$dsub          fz_ws.l(daddsub_clz.o)
    0x0800fc40   0x00000056   Code   RO          811    x$fpl$f2d           fz_ws.l(f2d.o)
    0x0800fc96   0x00000002   PAD
    0x0800fc98   0x000000c4   Code   RO          813    x$fpl$fadd          fz_ws.l(faddsub_clz.o)
    0x0800fd5c   0x00000184   Code   RO          820    x$fpl$fdiv          fz_ws.l(fdiv.o)
    0x0800fee0   0x00000036   Code   RO          825    x$fpl$ffix          fz_ws.l(ffix.o)
    0x0800ff16   0x00000002   PAD
    0x0800ff18   0x0000003e   Code   RO          829    x$fpl$ffixu         fz_ws.l(ffixu.o)
    0x0800ff56   0x00000002   PAD
    0x0800ff58   0x00000030   Code   RO          834    x$fpl$fflt          fz_ws.l(fflt_clz.o)
    0x0800ff88   0x00000026   Code   RO          833    x$fpl$ffltu         fz_ws.l(fflt_clz.o)
    0x0800ffae   0x00000002   PAD
    0x0800ffb0   0x00000102   Code   RO          839    x$fpl$fmul          fz_ws.l(fmul.o)
    0x080100b2   0x0000008c   Code   RO          911    x$fpl$fnaninf       fz_ws.l(fnaninf.o)
    0x0801013e   0x0000000a   Code   RO          913    x$fpl$fretinf       fz_ws.l(fretinf.o)
    0x08010148   0x00000014   Code   RO          814    x$fpl$frsb          fz_ws.l(faddsub_clz.o)
    0x0801015c   0x000000ea   Code   RO          815    x$fpl$fsub          fz_ws.l(faddsub_clz.o)
    0x08010246   0x00000004   Code   RO          915    x$fpl$printf1       fz_ws.l(printf1.o)
    0x0801024a   0x00000000   Code   RO          917    x$fpl$usenofp       fz_ws.l(usenofp.o)
    0x0801024a   0x000017c0   Data   RO          220    .constdata          ili93xx.o
    0x08011a0a   0x0000000a   Data   RO          317    .constdata          ott2001a.o
    0x08011a14   0x00000004   Data   RO          381    .constdata          touch.o
    0x08011a18   0x000000c2   Data   RO          405    .constdata          gt9147.o
    0x08011ada   0x0000000a   Data   RO          421    .constdata          ft5206.o
    0x08011ae4   0x00000018   Data   RO          497    .constdata          malloc.o
    0x08011afc   0x00000028   Data   RO          745    .constdata          c_w.l(_printf_hex_int_ll_ptr.o)
    0x08011b24   0x00000011   Data   RO          765    .constdata          c_w.l(__printf_flags_ss_wp.o)
    0x08011b35   0x00000003   PAD
    0x08011b38   0x00000008   Data   RO          871    .constdata          c_w.l(_printf_wctomb.o)
    0x08011b40   0x00000094   Data   RO          973    .constdata          c_w.l(bigflt0.o)
    0x08011bd4   0x00000079   Data   RO          382    .conststring        touch.o
    0x08011c4d   0x00000003   PAD
    0x08011c50   0x00000028   Data   RO          453    .conststring        usmart.o
    0x08011c78   0x00000090   Data   RO          468    .conststring        usmart_config.o
    0x08011d08   0x000000ea   Data   RO          657    .conststring        common.o
    0x08011df2   0x00000002   PAD
    0x08011df4   0x00000020   Data   RO         1138    Region$$Table       anon$$obj.o
    0x08011e14   0x0000001c   Data   RO          997    locale$$data        c_w.l(lc_numeric_c.o)
    0x08011e30   0x00000110   Data   RO         1014    locale$$data        c_w.l(lc_ctype_c.o)


    Execution Region RW_IRAM1 (Base: 0x20000000, Size: 0x0000ca68, Max: 0x00010000, ABSOLUTE, COMPRESSED[0x000000d4])

    Base Addr    Size         Type   Attr      Idx    E Section Name        Object

    0x20000000   0x00000004   Data   RW          123    .data               delay.o
    0x20000004   0x00000006   Data   RW          154    .data               usart.o
    0x2000000a   0x00000001   Data   RW          206    .data               key.o
    0x2000000b   0x00000001   PAD
    0x2000000c   0x00000004   Data   RW          221    .data               ili93xx.o
    0x20000010   0x00000010   Data   RW          262    .data               sdio_sdcard.o
    0x20000020   0x00000001   Data   RW          318    .data               ott2001a.o
    0x20000021   0x00000001   PAD
    0x20000022   0x00000002   Data   RW          334    .data               usart3.o
    0x20000024   0x00000002   Data   RW          363    .data               w25qxx.o
    0x20000026   0x00000002   PAD
    0x20000028   0x00000036   Data   RW          383    .data               touch.o
    0x2000005e   0x00000001   Data   RW          406    .data               gt9147.o
    0x2000005f   0x00000001   Data   RW          422    .data               ft5206.o
    0x20000060   0x00000004   Data   RW          437    .data               timer.o
    0x20000064   0x0000001c   Data   RW          454    .data               usmart.o
    0x20000080   0x00000114   Data   RW          469    .data               usmart_config.o
    0x20000194   0x0000001c   Data   RW          498    .data               malloc.o
    0x200001b0   0x00000085   Data   RW          658    .data               common.o
    0x20000235   0x00000001   Data   RW          688    .data               wifista.o
    0x20000236   0x00000002   PAD
    0x20000238   0x000000c8   Zero   RW          153    .bss                usart.o
    0x20000300   0x0000000e   Zero   RW          219    .bss                ili93xx.o
    0x2000030e   0x00000002   PAD
    0x20000310   0x00000278   Zero   RW          261    .bss                sdio_sdcard.o
    0x20000588   0x00000640   Zero   RW          333    .bss                usart3.o
    0x20000bc8   0x00001000   Zero   RW          362    .bss                w25qxx.o
    0x20001bc8   0x00000018   PAD
    0x20001be0   0x0000aa00   Zero   RW          496    .bss                malloc.o
    0x2000c5e0   0x00000021   Zero   RW          609    .bss                fontupd.o
    0x2000c601   0x00000003   PAD
    0x2000c604   0x00000060   Zero   RW          957    .bss                c_w.l(libspace.o)
    0x2000c664   0x00000004   PAD
    0x2000c668   0x00000000   Zero   RW            2    HEAP                startup_stm32f10x_hd.o
    0x2000c668   0x00000400   Zero   RW            1    STACK               startup_stm32f10x_hd.o



  Load Region LR$$.ARM.__AT_0x68000000 (Base: 0x68000000, Size: 0x00000000, Max: 0x00000020, ABSOLUTE)

    Execution Region ER$$.ARM.__AT_0x68000000 (Base: 0x68000000, Size: 0x00000020, Max: 0x00000020, ABSOLUTE, UNINIT)

    Base Addr    Size         Type   Attr      Idx    E Section Name        Object

    0x68000000   0x00000020   Zero   RW          494    .ARM.__AT_0x68000000  malloc.o



  Load Region LR$$.ARM.__AT_0x68000020 (Base: 0x68000020, Size: 0x00000000, Max: 0x00000004, ABSOLUTE)

    Execution Region ER$$.ARM.__AT_0x68000020 (Base: 0x68000020, Size: 0x00000004, Max: 0x00000004, ABSOLUTE, UNINIT)

    Base Addr    Size         Type   Attr      Idx    E Section Name        Object

    0x68000020   0x00000002   Zero   RW          495    .ARM.__AT_0x68000020  malloc.o


==============================================================================

Image component sizes


      Code (inc. data)   RO Data    RW Data    ZI Data      Debug   Object Name

       292          0          0          0          0       2089   24cxx.o
      2212        748          0          0          0       1646   apsta.o
      5196       1058        234        133          0       8197   common.o
       648         28          0          0          0       2037   ctiic.o
       176          8          0          4          0       1051   delay.o
         0          0          0          0          0       2632   ff.o
         0          0          0          0         33       1525   fontupd.o
       800         40         10          1          0       2463   ft5206.o
      1096         78        194          1          0       2970   gt9147.o
     19130        180       6080          4         14      21630   ili93xx.o
       228         24          0          1          0        812   key.o
       116         50          0          0          0     208531   main.o
       556         18         24         28      43554       4592   malloc.o
       616         16          0          0          0       1860   myiic.o
       856         62         10          1          0       2603   ott2001a.o
      6712        204          0         16        632      23833   sdio_sdcard.o
       308         16          0          0          0        945   spi.o
        52         18        304          0       1024        820   startup_stm32f10x_hd.o
       712         44          0          0          0       2628   sys.o
       724         16          0          0          0       2984   text.o
       796         44          0          4          0       2128   timer.o
      3988        228        125         54          0       6589   touch.o
       376         24          0          6        200       3182   usart.o
       360         32          0          2       1600       2454   usart3.o
      3132       1306         40         28          0       4222   usmart.o
         0          0        144        276          0       1600   usmart_config.o
      1392         12          0          0          0       5237   usmart_str.o
       864         34          0          2       4096       4301   w25qxx.o
      2028        590          0          0          0       1647   wifiap.o
      2140        638          0          1          0       1897   wifista.o

    ----------------------------------------------------------------------
     55508       5516       7202        568      51184     329105   Object Totals
         0          0         32          0          0          0   (incl. Generated)
         2          0          5          6         31          0   (incl. Padding)

    ----------------------------------------------------------------------

      Code (inc. data)   RO Data    RW Data    ZI Data      Debug   Library Member Name

        24          4          0          0          0         84   __2printf.o
        44          6          0          0          0         84   __2sprintf.o
        90          0          0          0          0          0   __dczerorl2.o
         8          0          0          0          0         68   __main.o
       392          4         17          0          0         92   __printf_flags_ss_wp.o
        14          0          0          0          0         68   __printf_wp.o
         0          0          0          0          0          0   __rtentry.o
        12          0          0          0          0          0   __rtentry2.o
         6          0          0          0          0          0   __rtentry4.o
        52          8          0          0          0          0   __scatter.o
        28          0          0          0          0          0   __scatter_zi.o
         6          0          0          0          0          0   _printf_a.o
         6          0          0          0          0          0   _printf_c.o
        44          0          0          0          0        108   _printf_char.o
        48          6          0          0          0         96   _printf_char_common.o
        36          4          0          0          0         80   _printf_char_file.o
        40          0          0          0          0         68   _printf_charcount.o
         6          0          0          0          0          0   _printf_d.o
       120         16          0          0          0         92   _printf_dec.o
         6          0          0          0          0          0   _printf_e.o
         6          0          0          0          0          0   _printf_f.o
      1050          0          0          0          0        216   _printf_fp_dec.o
       128         16          0          0          0         84   _printf_fp_infnan.o
         6          0          0          0          0          0   _printf_g.o
       148          4         40          0          0        160   _printf_hex_int_ll_ptr.o
         6          0          0          0          0          0   _printf_i.o
       178          0          0          0          0         88   _printf_intcommon.o
        10          0          0          0          0          0   _printf_l.o
         6          0          0          0          0          0   _printf_lc.o
        10          0          0          0          0          0   _printf_ll.o
         6          0          0          0          0          0   _printf_lld.o
         6          0          0          0          0          0   _printf_lli.o
         6          0          0          0          0          0   _printf_llo.o
         6          0          0          0          0          0   _printf_llu.o
         6          0          0          0          0          0   _printf_llx.o
       124         16          0          0          0         92   _printf_longlong_dec.o
         6          0          0          0          0          0   _printf_ls.o
         6          0          0          0          0          0   _printf_n.o
         6          0          0          0          0          0   _printf_o.o
       112          8          0          0          0        124   _printf_oct_int_ll.o
         6          0          0          0          0          0   _printf_p.o
        78          0          0          0          0        108   _printf_pad.o
         0          0          0          0          0          0   _printf_percent.o
         4          0          0          0          0          0   _printf_percent_end.o
         6          0          0          0          0          0   _printf_s.o
        82          0          0          0          0         80   _printf_str.o
        36          0          0          0          0         84   _printf_truncate.o
         6          0          0          0          0          0   _printf_u.o
        44          0          0          0          0        108   _printf_wchar.o
       188          6          8          0          0         92   _printf_wctomb.o
         6          0          0          0          0          0   _printf_x.o
        22          0          0          0          0        100   _rserrno.o
        10          0          0          0          0         68   _sputc.o
        64          0          0          0          0         92   _wcrtomb.o
       220          4        148          0          0         96   bigflt0.o
      1910        128          0          0          0        672   btod.o
        36          4          0          0          0         76   c89vsprintf.o
        12          0          0          0          0         72   exit.o
         8          0          0          0          0         68   ferror.o
         6          0          0          0          0        152   heapauxi.o
        44         10        272          0          0         76   lc_ctype_c.o
        44         10         28          0          0         76   lc_numeric_c.o
         2          0          0          0          0          0   libinit.o
        30          0          0          0          0          0   libinit2.o
         2          0          0          0          0          0   libshutdown.o
         2          0          0          0          0          0   libshutdown2.o
         8          4          0          0         96         68   libspace.o
       138          0          0          0          0         80   lludiv10.o
        16          4          0          0          0         76   rt_ctype_table.o
         8          4          0          0          0         68   rt_errno_addr_intlibspace.o
         8          4          0          0          0         68   rt_locale_intlibspace.o
       138          0          0          0          0         68   rt_memcpy_v6.o
       100          0          0          0          0         80   rt_memcpy_w.o
         2          0          0          0          0          0   rtexit.o
        10          0          0          0          0          0   rtexit2.o
       128          0          0          0          0         68   strcmpv7m.o
        62          0          0          0          0         76   strlen.o
        36          0          0          0          0         80   strstr.o
        74          0          0          0          0         80   sys_stackheap_outer.o
         2          0          0          0          0         68   use_no_semi.o
         2          0          0          0          0         68   use_no_semi_2.o
       826         16          0          0          0        348   daddsub_clz.o
        24          0          0          0          0         68   dcmpi.o
        90          4          0          0          0         92   dfixu.o
        84          0          0          0          0        136   dflt_clz.o
       120          4          0          0          0         92   dleqf.o
       340         12          0          0          0        104   dmul.o
       156          4          0          0          0         92   dnaninf.o
        12          0          0          0          0         68   dretinf.o
       108          0          0          0          0         80   drleqf.o
       460         56          0          0          0        120   dsqrt_noumaal.o
        86          4          0          0          0         84   f2d.o
       450          8          0          0          0        236   faddsub_clz.o
       388         76          0          0          0         96   fdiv.o
        54          4          0          0          0         84   ffix.o
        62          4          0          0          0         84   ffixu.o
        86          0          0          0          0        136   fflt_clz.o
       258          4          0          0          0         84   fmul.o
       140          4          0          0          0         84   fnaninf.o
        10          0          0          0          0         68   fretinf.o
         4          0          0          0          0         68   printf1.o
         0          0          0          0          0          0   usenofp.o
        40          0          0          0          0         68   fpclassify.o
        76          0          0          0          0         84   sqrt.o

    ----------------------------------------------------------------------
     10310        470        516          0        100       6948   Library Totals
        22          0          3          0          4          0   (incl. Padding)

    ----------------------------------------------------------------------

      Code (inc. data)   RO Data    RW Data    ZI Data      Debug   Library Name

      6414        270        513          0         96       4572   c_w.l
      3758        200          0          0          0       2224   fz_ws.l
       116          0          0          0          0        152   m_ws.l

    ----------------------------------------------------------------------
     10310        470        516          0        100       6948   Library Totals

    ----------------------------------------------------------------------

==============================================================================


      Code (inc. data)   RO Data    RW Data    ZI Data      Debug   

     65818       5986       7718        568      51284     330069   Grand Totals
     65818       5986       7718        212      51284     330069   ELF Image Totals (compressed)
     65818       5986       7718        212          0          0   ROM Totals

==============================================================================

    Total RO  Size (Code + RO Data)                73536 (  71.81kB)
    Total RW  Size (RW Data + ZI Data)             51852 (  50.64kB)
    Total ROM Size (Code + RO Data + RW Data)      73748 (  72.02kB)

==============================================================================

